   kappa=0 beta=     2 (2.0000) shape=C      C=1           n=800 [KKT]: float p=0.9322825; EXACT p >= 0.932282479 (certified >= 0.932282); distinct >= 0.966141239 (certified >= 0.966141); min f=0.2885
   kappa=0 beta=     2 (2.0000) shape=C      C=12688/10000 n=800 [KKT]: float p=0.8859133; EXACT p >= 0.885913281 (certified >= 0.885913); distinct >= 0.942956640 (certified >= 0.942956); min f=0.1844
   kappa=0 beta=     2 (2.0000) shape=C      C=2           n=800 [QP]: float p=0.8067846; EXACT p >= 0.806784566 (certified >= 0.806784); distinct >= 0.903392283 (certified >= 0.903392); min f=0.0000
   kappa=0 beta=     2 (2.0000) shape=C      C=4175/1000   n=800 [QP]: float p=0.7382614; EXACT p >= 0.738261417 (certified >= 0.738261); distinct >= 0.869130708 (certified >= 0.869130); min f=0.0000
 kappa=1/4 beta=   9/5 (1.8000) shape=C      C=1           n=800 [KKT]: float p=0.9125749; EXACT p >= 0.912574864 (certified >= 0.912574); distinct >= 0.956287432 (certified >= 0.956287); min f=0.3421
 kappa=1/4 beta=   9/5 (1.8000) shape=C      C=12688/10000 n=800 [KKT]: float p=0.8764216; EXACT p >= 0.876421616 (certified >= 0.876421); distinct >= 0.938210808 (certified >= 0.938210); min f=0.2536
 kappa=1/4 beta=   9/5 (1.8000) shape=C      C=2           n=800 [QP]: float p=0.8067848; EXACT p >= 0.806784775 (certified >= 0.806784); distinct >= 0.903392387 (certified >= 0.903392); min f=0.0000
 kappa=1/4 beta=   9/5 (1.8000) shape=C      C=4175/1000   n=800 [QP]: float p=0.7382619; EXACT p >= 0.738261923 (certified >= 0.738261); distinct >= 0.869130961 (certified >= 0.869130); min f=0.0000
 kappa=1/2 beta=   5/3 (1.6667) shape=C      C=1           n=800 [KKT]: float p=0.8949856; EXACT p >= 0.894985577 (certified >= 0.894985); distinct >= 0.947492788 (certified >= 0.947492); min f=0.3865
 kappa=1/2 beta=   5/3 (1.6667) shape=C      C=12688/10000 n=800 [KKT]: float p=0.8659684; EXACT p >= 0.865968357 (certified >= 0.865968); distinct >= 0.932984178 (certified >= 0.932984); min f=0.3087
 kappa=1/2 beta=   5/3 (1.6667) shape=C      C=2           n=800 [KKT]: float p=0.8064080; EXACT p >= 0.806408024 (certified >= 0.806408); distinct >= 0.903204012 (certified >= 0.903204); min f=0.0955
 kappa=1/2 beta=   5/3 (1.6667) shape=C      C=4175/1000   n=800 [QP]: float p=0.7382622; EXACT p >= 0.738262230 (certified >= 0.738262); distinct >= 0.869131115 (certified >= 0.869131); min f=0.0000
   kappa=1 beta=   3/2 (1.5000) shape=C      C=1           n=800 [KKT]: float p=0.8656741; EXACT p >= 0.865674147 (certified >= 0.865674); distinct >= 0.932837073 (certified >= 0.932837); min f=0.4554
   kappa=1 beta=   3/2 (1.5000) shape=C      C=12688/10000 n=800 [KKT]: float p=0.8457217; EXACT p >= 0.845721673 (certified >= 0.845721); distinct >= 0.922860836 (certified >= 0.922860); min f=0.3915
   kappa=1 beta=   3/2 (1.5000) shape=C      C=2           n=800 [KKT]: float p=0.8020492; EXACT p >= 0.802049180 (certified >= 0.802049); distinct >= 0.901024590 (certified >= 0.901024); min f=0.2244
   kappa=1 beta=   3/2 (1.5000) shape=C      C=4175/1000   n=800 [QP]: float p=0.7382626; EXACT p >= 0.738262579 (certified >= 0.738262); distinct >= 0.869131289 (certified >= 0.869131); min f=0.0000
   kappa=2 beta=   4/3 (1.3333) shape=C      C=1           n=800 [KKT]: float p=0.8243560; EXACT p >= 0.824356005 (certified >= 0.824356); distinct >= 0.912178002 (certified >= 0.912178); min f=0.5444
   kappa=2 beta=   4/3 (1.3333) shape=C      C=12688/10000 n=800 [KKT]: float p=0.8131898; EXACT p >= 0.813189751 (certified >= 0.813189); distinct >= 0.906594875 (certified >= 0.906594); min f=0.4962
   kappa=2 beta=   4/3 (1.3333) shape=C      C=2           n=800 [KKT]: float p=0.7872486; EXACT p >= 0.787248615 (certified >= 0.787248); distinct >= 0.893624307 (certified >= 0.893624); min f=0.3728
   kappa=2 beta=   4/3 (1.3333) shape=C      C=4175/1000   n=800 [KKT]: float p=0.7382500; EXACT p >= 0.738249969 (certified >= 0.738249); distinct >= 0.869124984 (certified >= 0.869124); min f=0.0444
   kappa=3 beta=   5/4 (1.2500) shape=C      C=1           n=800 [KKT]: float p=0.7972141; EXACT p >= 0.797214072 (certified >= 0.797214); distinct >= 0.898607036 (certified >= 0.898607); min f=0.5992
   kappa=3 beta=   5/4 (1.2500) shape=C      C=12688/10000 n=800 [KKT]: float p=0.7900619; EXACT p >= 0.790061914 (certified >= 0.790061); distinct >= 0.895030957 (certified >= 0.895030); min f=0.5600
   kappa=3 beta=   5/4 (1.2500) shape=C      C=2           n=800 [KKT]: float p=0.7729108; EXACT p >= 0.772910763 (certified >= 0.772910); distinct >= 0.886455381 (certified >= 0.886455); min f=0.4598
   kappa=3 beta=   5/4 (1.2500) shape=C      C=4175/1000   n=800 [KKT]: float p=0.7369219; EXACT p >= 0.736921934 (certified >= 0.736921); distinct >= 0.868460967 (certified >= 0.868460); min f=0.1988
   kappa=5 beta=   7/6 (1.1667) shape=C      C=1           n=800 [KKT]: float p=0.7641500; EXACT p >= 0.764150018 (certified >= 0.764150); distinct >= 0.882075009 (certified >= 0.882075); min f=0.6630
   kappa=5 beta=   7/6 (1.1667) shape=C      C=12688/10000 n=800 [KKT]: float p=0.7604853; EXACT p >= 0.760485345 (certified >= 0.760485); distinct >= 0.880242672 (certified >= 0.880242); min f=0.6343
   kappa=5 beta=   7/6 (1.1667) shape=C      C=2           n=800 [KKT]: float p=0.7513820; EXACT p >= 0.751381951 (certified >= 0.751381); distinct >= 0.875690975 (certified >= 0.875690); min f=0.5603
   kappa=5 beta=   7/6 (1.1667) shape=C      C=4175/1000   n=800 [KKT]: float p=0.7302711; EXACT p >= 0.730271093 (certified >= 0.730271); distinct >= 0.865135546 (certified >= 0.865135); min f=0.3666
  kappa=10 beta= 12/11 (1.0909) shape=C      C=1           n=800 [KKT]: float p=0.7274851; EXACT p >= 0.727485069 (certified >= 0.727485); distinct >= 0.863742534 (certified >= 0.863742); min f=0.7308
  kappa=10 beta= 12/11 (1.0909) shape=C      C=12688/10000 n=800 [KKT]: float p=0.7262281; EXACT p >= 0.726228054 (certified >= 0.726228); distinct >= 0.863114027 (certified >= 0.863114); min f=0.7135
  kappa=10 beta= 12/11 (1.0909) shape=C      C=2           n=800 [KKT]: float p=0.7229879; EXACT p >= 0.722987907 (certified >= 0.722987); distinct >= 0.861493953 (certified >= 0.861493); min f=0.6681
  kappa=10 beta= 12/11 (1.0909) shape=C      C=4175/1000   n=800 [KKT]: float p=0.7146893; EXACT p >= 0.714689282 (certified >= 0.714689); distinct >= 0.857344641 (certified >= 0.857344); min f=0.5454
   kappa=0 beta=     2 (2.0000) shape=Calpha C=1           n=800 [KKT]: float p=0.8883649; EXACT p >= 0.888364936 (certified >= 0.888364); distinct >= 0.944182468 (certified >= 0.944182); min f=0.1129
   kappa=0 beta=     2 (2.0000) shape=Calpha C=4175/1000   n=800 [QP]: float p=0.7342416; EXACT p >= 0.734241569 (certified >= 0.734241); distinct >= 0.867120784 (certified >= 0.867120); min f=0.0000
 kappa=1/4 beta=   9/5 (1.8000) shape=Calpha C=1           n=800 [KKT]: float p=0.8828113; EXACT p >= 0.882811309 (certified >= 0.882811); distinct >= 0.941405654 (certified >= 0.941405); min f=0.2183
 kappa=1/4 beta=   9/5 (1.8000) shape=Calpha C=4175/1000   n=800 [QP]: float p=0.7342421; EXACT p >= 0.734242130 (certified >= 0.734242); distinct >= 0.867121065 (certified >= 0.867121); min f=0.0000
 kappa=1/2 beta=   5/3 (1.6667) shape=Calpha C=1           n=800 [KKT]: float p=0.8741162; EXACT p >= 0.874116157 (certified >= 0.874116); distinct >= 0.937058078 (certified >= 0.937058); min f=0.2936
 kappa=1/2 beta=   5/3 (1.6667) shape=Calpha C=4175/1000   n=800 [QP]: float p=0.7342425; EXACT p >= 0.734242484 (certified >= 0.734242); distinct >= 0.867121242 (certified >= 0.867121); min f=0.0000
   kappa=1 beta=   3/2 (1.5000) shape=Calpha C=1           n=800 [KKT]: float p=0.8543471; EXACT p >= 0.854347077 (certified >= 0.854347); distinct >= 0.927173538 (certified >= 0.927173); min f=0.3966
   kappa=1 beta=   3/2 (1.5000) shape=Calpha C=4175/1000   n=800 [QP]: float p=0.7342429; EXACT p >= 0.734242886 (certified >= 0.734242); distinct >= 0.867121443 (certified >= 0.867121); min f=0.0000
   kappa=2 beta=   4/3 (1.3333) shape=Calpha C=1           n=800 [KKT]: float p=0.8199478; EXACT p >= 0.819947847 (certified >= 0.819947); distinct >= 0.909973923 (certified >= 0.909973); min f=0.5142
   kappa=2 beta=   4/3 (1.3333) shape=Calpha C=4175/1000   n=800 [QP]: float p=0.7342432; EXACT p >= 0.734243242 (certified >= 0.734243); distinct >= 0.867121621 (certified >= 0.867121); min f=0.0000
   kappa=3 beta=   5/4 (1.2500) shape=Calpha C=1           n=800 [KKT]: float p=0.7950598; EXACT p >= 0.795059755 (certified >= 0.795059); distinct >= 0.897529877 (certified >= 0.897529); min f=0.5807
   kappa=3 beta=   5/4 (1.2500) shape=Calpha C=4175/1000   n=800 [KKT]: float p=0.7337742; EXACT p >= 0.733774220 (certified >= 0.733774); distinct >= 0.866887110 (certified >= 0.866887); min f=0.1491
   kappa=5 beta=   7/6 (1.1667) shape=Calpha C=1           n=800 [KKT]: float p=0.7634038; EXACT p >= 0.763403778 (certified >= 0.763403); distinct >= 0.881701889 (certified >= 0.881701); min f=0.6540
   kappa=5 beta=   7/6 (1.1667) shape=Calpha C=4175/1000   n=800 [KKT]: float p=0.7287134; EXACT p >= 0.728713372 (certified >= 0.728713); distinct >= 0.864356686 (certified >= 0.864356); min f=0.3401
  kappa=10 beta= 12/11 (1.0909) shape=Calpha C=1           n=800 [KKT]: float p=0.7273442; EXACT p >= 0.727344151 (certified >= 0.727344); distinct >= 0.863672075 (certified >= 0.863672); min f=0.7279
  kappa=10 beta= 12/11 (1.0909) shape=Calpha C=4175/1000   n=800 [KKT]: float p=0.7142920; EXACT p >= 0.714292028 (certified >= 0.714292); distinct >= 0.857146014 (certified >= 0.857146); min f=0.5356
