   kappa=0 beta=     2 (2.0000) shape=C      C=1           n=400 [KKT]: float p=0.9322820; EXACT p >= 0.932282047 (certified >= 0.932282); distinct >= 0.966141023 (certified >= 0.966141); min f=0.2892
   kappa=0 beta=     2 (2.0000) shape=C      C=12688/10000 n=400 [KKT]: float p=0.8859123; EXACT p >= 0.885912297 (certified >= 0.885912); distinct >= 0.942956148 (certified >= 0.942956); min f=0.1852
   kappa=0 beta=     2 (2.0000) shape=C      C=2           n=400 [QP]: float p=0.8067813; EXACT p >= 0.806781259 (certified >= 0.806781); distinct >= 0.903390629 (certified >= 0.903390); min f=0.0000
   kappa=0 beta=     2 (2.0000) shape=C      C=4175/1000   n=400 [QP]: float p=0.7382533; EXACT p >= 0.738253340 (certified >= 0.738253); distinct >= 0.869126670 (certified >= 0.869126); min f=0.0000
 kappa=1/4 beta=   9/5 (1.8000) shape=C      C=1           n=400 [KKT]: float p=0.9125745; EXACT p >= 0.912574467 (certified >= 0.912574); distinct >= 0.956287233 (certified >= 0.956287); min f=0.3427
 kappa=1/4 beta=   9/5 (1.8000) shape=C      C=12688/10000 n=400 [KKT]: float p=0.8764208; EXACT p >= 0.876420814 (certified >= 0.876420); distinct >= 0.938210407 (certified >= 0.938210); min f=0.2544
 kappa=1/4 beta=   9/5 (1.8000) shape=C      C=2           n=400 [KKT]: float p=0.8067821; EXACT p >= 0.806782099 (certified >= 0.806782); distinct >= 0.903391049 (certified >= 0.903391); min f=0.0000
 kappa=1/4 beta=   9/5 (1.8000) shape=C      C=4175/1000   n=400 [QP]: float p=0.7382554; EXACT p >= 0.738255369 (certified >= 0.738255); distinct >= 0.869127684 (certified >= 0.869127); min f=0.0000
 kappa=1/2 beta=   5/3 (1.6667) shape=C      C=1           n=400 [KKT]: float p=0.8949852; EXACT p >= 0.894985209 (certified >= 0.894985); distinct >= 0.947492604 (certified >= 0.947492); min f=0.3872
 kappa=1/2 beta=   5/3 (1.6667) shape=C      C=12688/10000 n=400 [KKT]: float p=0.8659677; EXACT p >= 0.865967672 (certified >= 0.865967); distinct >= 0.932983836 (certified >= 0.932983); min f=0.3095
 kappa=1/2 beta=   5/3 (1.6667) shape=C      C=2           n=400 [KKT]: float p=0.8064060; EXACT p >= 0.806405998 (certified >= 0.806405); distinct >= 0.903202999 (certified >= 0.903202); min f=0.0971
 kappa=1/2 beta=   5/3 (1.6667) shape=C      C=4175/1000   n=400 [QP]: float p=0.7382566; EXACT p >= 0.738256622 (certified >= 0.738256); distinct >= 0.869128311 (certified >= 0.869128); min f=0.0000
   kappa=1 beta=   3/2 (1.5000) shape=C      C=1           n=400 [KKT]: float p=0.8656738; EXACT p >= 0.865673824 (certified >= 0.865673); distinct >= 0.932836912 (certified >= 0.932836); min f=0.4560
   kappa=1 beta=   3/2 (1.5000) shape=C      C=12688/10000 n=400 [KKT]: float p=0.8457211; EXACT p >= 0.845721128 (certified >= 0.845721); distinct >= 0.922860564 (certified >= 0.922860); min f=0.3923
   kappa=1 beta=   3/2 (1.5000) shape=C      C=2           n=400 [KKT]: float p=0.8020478; EXACT p >= 0.802047784 (certified >= 0.802047); distinct >= 0.901023892 (certified >= 0.901023); min f=0.2258
   kappa=1 beta=   3/2 (1.5000) shape=C      C=4175/1000   n=400 [QP]: float p=0.7382581; EXACT p >= 0.738258051 (certified >= 0.738258); distinct >= 0.869129025 (certified >= 0.869129); min f=0.0000
   kappa=2 beta=   4/3 (1.3333) shape=C      C=1           n=400 [KKT]: float p=0.8243557; EXACT p >= 0.824355735 (certified >= 0.824355); distinct >= 0.912177867 (certified >= 0.912177); min f=0.5451
   kappa=2 beta=   4/3 (1.3333) shape=C      C=12688/10000 n=400 [KKT]: float p=0.8131893; EXACT p >= 0.813189343 (certified >= 0.813189); distinct >= 0.906594671 (certified >= 0.906594); min f=0.4970
   kappa=2 beta=   4/3 (1.3333) shape=C      C=2           n=400 [KKT]: float p=0.7872477; EXACT p >= 0.787247706 (certified >= 0.787247); distinct >= 0.893623853 (certified >= 0.893623); min f=0.3741
   kappa=2 beta=   4/3 (1.3333) shape=C      C=4175/1000   n=400 [KKT]: float p=0.7382466; EXACT p >= 0.738246604 (certified >= 0.738246); distinct >= 0.869123302 (certified >= 0.869123); min f=0.0475
   kappa=3 beta=   5/4 (1.2500) shape=C      C=1           n=400 [KKT]: float p=0.7972138; EXACT p >= 0.797213832 (certified >= 0.797213); distinct >= 0.898606916 (certified >= 0.898606); min f=0.5998
   kappa=3 beta=   5/4 (1.2500) shape=C      C=12688/10000 n=400 [KKT]: float p=0.7900616; EXACT p >= 0.790061573 (certified >= 0.790061); distinct >= 0.895030786 (certified >= 0.895030); min f=0.5608
   kappa=3 beta=   5/4 (1.2500) shape=C      C=2           n=400 [KKT]: float p=0.7729101; EXACT p >= 0.772910061 (certified >= 0.772910); distinct >= 0.886455030 (certified >= 0.886455); min f=0.4611
   kappa=3 beta=   5/4 (1.2500) shape=C      C=4175/1000   n=400 [KKT]: float p=0.7369196; EXACT p >= 0.736919572 (certified >= 0.736919); distinct >= 0.868459786 (certified >= 0.868459); min f=0.2016
   kappa=5 beta=   7/6 (1.1667) shape=C      C=1           n=400 [KKT]: float p=0.7641498; EXACT p >= 0.764149810 (certified >= 0.764149); distinct >= 0.882074905 (certified >= 0.882074); min f=0.6637
   kappa=5 beta=   7/6 (1.1667) shape=C      C=12688/10000 n=400 [KKT]: float p=0.7604851; EXACT p >= 0.760485071 (certified >= 0.760485); distinct >= 0.880242535 (certified >= 0.880242); min f=0.6351
   kappa=5 beta=   7/6 (1.1667) shape=C      C=2           n=400 [KKT]: float p=0.7513814; EXACT p >= 0.751381443 (certified >= 0.751381); distinct >= 0.875690721 (certified >= 0.875690); min f=0.5615
   kappa=5 beta=   7/6 (1.1667) shape=C      C=4175/1000   n=400 [KKT]: float p=0.7302695; EXACT p >= 0.730269527 (certified >= 0.730269); distinct >= 0.865134763 (certified >= 0.865134); min f=0.3692
  kappa=10 beta= 12/11 (1.0909) shape=C      C=1           n=400 [KKT]: float p=0.7274849; EXACT p >= 0.727484891 (certified >= 0.727484); distinct >= 0.863742445 (certified >= 0.863742); min f=0.7315
  kappa=10 beta= 12/11 (1.0909) shape=C      C=12688/10000 n=400 [KKT]: float p=0.7262278; EXACT p >= 0.726227840 (certified >= 0.726227); distinct >= 0.863113920 (certified >= 0.863113); min f=0.7143
  kappa=10 beta= 12/11 (1.0909) shape=C      C=2           n=400 [KKT]: float p=0.7229876; EXACT p >= 0.722987567 (certified >= 0.722987); distinct >= 0.861493783 (certified >= 0.861493); min f=0.6693
  kappa=10 beta= 12/11 (1.0909) shape=C      C=4175/1000   n=400 [KKT]: float p=0.7146883; EXACT p >= 0.714688349 (certified >= 0.714688); distinct >= 0.857344174 (certified >= 0.857344); min f=0.5478
   kappa=0 beta=     2 (2.0000) shape=Calpha C=1           n=400 [KKT]: float p=0.8883635; EXACT p >= 0.888363509 (certified >= 0.888363); distinct >= 0.944181754 (certified >= 0.944181); min f=0.1141
   kappa=0 beta=     2 (2.0000) shape=Calpha C=4175/1000   n=400 [QP]: float p=0.7342324; EXACT p >= 0.734232400 (certified >= 0.734232); distinct >= 0.867116200 (certified >= 0.867116); min f=0.0000
 kappa=1/4 beta=   9/5 (1.8000) shape=Calpha C=1           n=400 [KKT]: float p=0.8828103; EXACT p >= 0.882810338 (certified >= 0.882810); distinct >= 0.941405169 (certified >= 0.941405); min f=0.2194
 kappa=1/4 beta=   9/5 (1.8000) shape=Calpha C=4175/1000   n=400 [QP]: float p=0.7342348; EXACT p >= 0.734234820 (certified >= 0.734234); distinct >= 0.867117410 (certified >= 0.867117); min f=0.0000
 kappa=1/2 beta=   5/3 (1.6667) shape=Calpha C=1           n=400 [KKT]: float p=0.8741154; EXACT p >= 0.874115416 (certified >= 0.874115); distinct >= 0.937057708 (certified >= 0.937057); min f=0.2946
 kappa=1/2 beta=   5/3 (1.6667) shape=Calpha C=4175/1000   n=400 [QP]: float p=0.7342362; EXACT p >= 0.734236172 (certified >= 0.734236); distinct >= 0.867118086 (certified >= 0.867118); min f=0.0000
   kappa=1 beta=   3/2 (1.5000) shape=Calpha C=1           n=400 [KKT]: float p=0.8543466; EXACT p >= 0.854346559 (certified >= 0.854346); distinct >= 0.927173279 (certified >= 0.927173); min f=0.3975
   kappa=1 beta=   3/2 (1.5000) shape=Calpha C=4175/1000   n=400 [QP]: float p=0.7342378; EXACT p >= 0.734237765 (certified >= 0.734237); distinct >= 0.867118882 (certified >= 0.867118); min f=0.0000
   kappa=2 beta=   4/3 (1.3333) shape=Calpha C=1           n=400 [KKT]: float p=0.8199475; EXACT p >= 0.819947496 (certified >= 0.819947); distinct >= 0.909973748 (certified >= 0.909973); min f=0.5151
   kappa=2 beta=   4/3 (1.3333) shape=Calpha C=4175/1000   n=400 [QP]: float p=0.7342392; EXACT p >= 0.734239206 (certified >= 0.734239); distinct >= 0.867119603 (certified >= 0.867119); min f=0.0000
   kappa=3 beta=   5/4 (1.2500) shape=Calpha C=1           n=400 [KKT]: float p=0.7950595; EXACT p >= 0.795059470 (certified >= 0.795059); distinct >= 0.897529735 (certified >= 0.897529); min f=0.5815
   kappa=3 beta=   5/4 (1.2500) shape=Calpha C=4175/1000   n=400 [KKT]: float p=0.7337714; EXACT p >= 0.733771385 (certified >= 0.733771); distinct >= 0.866885692 (certified >= 0.866885); min f=0.1523
   kappa=5 beta=   7/6 (1.1667) shape=Calpha C=1           n=400 [KKT]: float p=0.7634036; EXACT p >= 0.763403551 (certified >= 0.763403); distinct >= 0.881701775 (certified >= 0.881701); min f=0.6547
   kappa=5 beta=   7/6 (1.1667) shape=Calpha C=4175/1000   n=400 [KKT]: float p=0.7287116; EXACT p >= 0.728711598 (certified >= 0.728711); distinct >= 0.864355799 (certified >= 0.864355); min f=0.3430
  kappa=10 beta= 12/11 (1.0909) shape=Calpha C=1           n=400 [KKT]: float p=0.7273440; EXACT p >= 0.727343968 (certified >= 0.727343); distinct >= 0.863671984 (certified >= 0.863671); min f=0.7286
  kappa=10 beta= 12/11 (1.0909) shape=Calpha C=4175/1000   n=400 [KKT]: float p=0.7142910; EXACT p >= 0.714291029 (certified >= 0.714291); distinct >= 0.857145514 (certified >= 0.857145); min f=0.5382
