# kind=sharp eta=1/10000 L=9.210340 I_w=9.210340 E in [0.479145339525,0.479145347241] c_empty=1.4107008037(+2.1e-07) NS=10000000 T1=NS/N0=1000 T2=1000000 delta=2e-05
# sieve to 10000000 done 2.4s
# G_inf = sum_{mu(r)=-1} 1/(r^2 phi(r)) <= 0.321141397539
# sanity R^m(x=14999.5) direct 0.07277016 <= U(A=1) 0.07277016
# sanity R^m(x=37000.0) direct 0.03789542 <= U(A=3) 0.03789542
# sanity R^m(x=502000.0) direct 0.03594660 <= U(A=50) 0.03594660
# I_m=0.26313516  eta^1/2 V_m<=1.301840  Rm_far(t<eta/T2)<=0.037530  max U on A in [1,T1)=0.072770 max U on [T1,T2]=0.036308  U(T2)=0.036248  C_G I_m/I_w=0.036248
S=[]: ess sup R=1.153160 (block A=0, t=eta/1+) pointwise sup=1.153164 | sup R^+=1.153160 [near A=0 (t/eta in (1/1,1/1))] | sup_(t<eta) R^+=1.074594 | |E_S| num=5.97e-04 an=1.69e-03 far R_S<=1.000765  [6s]
S=[2]: ess sup R=1.138104 (block A=0, t=eta/1+) pointwise sup=1.138113 | sup R^+=1.138104 [near A=0 (t/eta in (1/1,1/1))] | sup_(t<eta) R^+=1.065108 | |E_S| num=6.99e-04 an=2.16e-03 far R_S<=1.000979  [7s]
S=[3]: ess sup R=1.150568 (block A=0, t=eta/1+) pointwise sup=1.150572 | sup R^+=1.150568 [near A=0 (t/eta in (1/1,1/1))] | sup_(t<eta) R^+=1.072001 | |E_S| num=6.24e-04 an=1.81e-03 far R_S<=1.000819  [7s]
S=[5]: ess sup R=1.152792 (block A=0, t=eta/1+) pointwise sup=1.152797 | sup R^+=1.152792 [near A=0 (t/eta in (1/1,1/1))] | sup_(t<eta) R^+=1.074227 | |E_S| num=6.07e-04 an=1.71e-03 far R_S<=1.000775  [7s]
S=[7]: ess sup R=1.153055 (block A=0, t=eta/1+) pointwise sup=1.153059 | sup R^+=1.153055 [near A=0 (t/eta in (1/1,1/1))] | sup_(t<eta) R^+=1.074489 | |E_S| num=5.98e-04 an=1.70e-03 far R_S<=1.000769  [8s]
S=[11]: ess sup R=1.153140 (block A=0, t=eta/1+) pointwise sup=1.153144 | sup R^+=1.153140 [near A=0 (t/eta in (1/1,1/1))] | sup_(t<eta) R^+=1.074574 | |E_S| num=5.97e-04 an=1.69e-03 far R_S<=1.000766  [8s]
S=[13]: ess sup R=1.153149 (block A=0, t=eta/1+) pointwise sup=1.153153 | sup R^+=1.153149 [near A=0 (t/eta in (1/1,1/1))] | sup_(t<eta) R^+=1.074584 | |E_S| num=5.97e-04 an=1.69e-03 far R_S<=1.000766  [9s]
S=[2, 3]: ess sup R=1.135512 (block A=0, t=eta/1+) pointwise sup=1.135521 | sup R^+=1.135512 [near A=0 (t/eta in (1/1,1/1))] | sup_(t<eta) R^+=1.062515 | |E_S| num=7.01e-04 an=2.31e-03 far R_S<=1.001047  [9s]
S=[2, 5]: ess sup R=1.137737 (block A=0, t=eta/1+) pointwise sup=1.137746 | sup R^+=1.137737 [near A=0 (t/eta in (1/1,1/1))] | sup_(t<eta) R^+=1.064741 | |E_S| num=7.07e-04 an=2.19e-03 far R_S<=1.000992  [10s]
S=[2, 7]: ess sup R=1.137999 (block A=0, t=eta/1+) pointwise sup=1.138008 | sup R^+=1.137999 [near A=0 (t/eta in (1/1,1/1))] | sup_(t<eta) R^+=1.065003 | |E_S| num=6.97e-04 an=2.17e-03 far R_S<=1.000983  [10s]
S=[2, 11]: ess sup R=1.138084 (block A=0, t=eta/1+) pointwise sup=1.138093 | sup R^+=1.138084 [near A=0 (t/eta in (1/1,1/1))] | sup_(t<eta) R^+=1.065088 | |E_S| num=6.98e-04 an=2.16e-03 far R_S<=1.000980  [10s]
S=[2, 13]: ess sup R=1.138094 (block A=0, t=eta/1+) pointwise sup=1.138102 | sup R^+=1.138094 [near A=0 (t/eta in (1/1,1/1))] | sup_(t<eta) R^+=1.065097 | |E_S| num=6.99e-04 an=2.16e-03 far R_S<=1.000979  [11s]
S=[3, 5]: ess sup R=1.150200 (block A=0, t=eta/1+) pointwise sup=1.150205 | sup R^+=1.150200 [near A=0 (t/eta in (1/1,1/1))] | sup_(t<eta) R^+=1.071634 | |E_S| num=6.19e-04 an=1.83e-03 far R_S<=1.000829  [11s]
S=[3, 7]: ess sup R=1.150463 (block A=0, t=eta/1+) pointwise sup=1.150467 | sup R^+=1.150463 [near A=0 (t/eta in (1/1,1/1))] | sup_(t<eta) R^+=1.071896 | |E_S| num=6.20e-04 an=1.81e-03 far R_S<=1.000822  [12s]
S=[3, 11]: ess sup R=1.150548 (block A=0, t=eta/1+) pointwise sup=1.150552 | sup R^+=1.150548 [near A=0 (t/eta in (1/1,1/1))] | sup_(t<eta) R^+=1.071982 | |E_S| num=6.23e-04 an=1.81e-03 far R_S<=1.000820  [12s]
S=[3, 13]: ess sup R=1.150557 (block A=0, t=eta/1+) pointwise sup=1.150562 | sup R^+=1.150557 [near A=0 (t/eta in (1/1,1/1))] | sup_(t<eta) R^+=1.071991 | |E_S| num=6.24e-04 an=1.81e-03 far R_S<=1.000819  [13s]
S=[5, 7]: ess sup R=1.152687 (block A=0, t=eta/1+) pointwise sup=1.152692 | sup R^+=1.152687 [near A=0 (t/eta in (1/1,1/1))] | sup_(t<eta) R^+=1.074122 | |E_S| num=6.09e-04 an=1.72e-03 far R_S<=1.000779  [13s]
S=[5, 11]: ess sup R=1.152773 (block A=0, t=eta/1+) pointwise sup=1.152777 | sup R^+=1.152773 [near A=0 (t/eta in (1/1,1/1))] | sup_(t<eta) R^+=1.074207 | |E_S| num=6.07e-04 an=1.71e-03 far R_S<=1.000776  [13s]
S=[5, 13]: ess sup R=1.152782 (block A=0, t=eta/1+) pointwise sup=1.152786 | sup R^+=1.152782 [near A=0 (t/eta in (1/1,1/1))] | sup_(t<eta) R^+=1.074216 | |E_S| num=6.08e-04 an=1.71e-03 far R_S<=1.000776  [14s]
S=[7, 11]: ess sup R=1.153035 (block A=0, t=eta/1+) pointwise sup=1.153039 | sup R^+=1.153035 [near A=0 (t/eta in (1/1,1/1))] | sup_(t<eta) R^+=1.074469 | |E_S| num=5.98e-04 an=1.70e-03 far R_S<=1.000770  [14s]
S=[7, 13]: ess sup R=1.153044 (block A=0, t=eta/1+) pointwise sup=1.153048 | sup R^+=1.153044 [near A=0 (t/eta in (1/1,1/1))] | sup_(t<eta) R^+=1.074478 | |E_S| num=5.98e-04 an=1.70e-03 far R_S<=1.000769  [15s]
S=[11, 13]: ess sup R=1.153129 (block A=0, t=eta/1+) pointwise sup=1.153134 | sup R^+=1.153129 [near A=0 (t/eta in (1/1,1/1))] | sup_(t<eta) R^+=1.074564 | |E_S| num=5.97e-04 an=1.69e-03 far R_S<=1.000767  [15s]
S=[2, 3, 5]: ess sup R=1.135144 (block A=0, t=eta/1+) pointwise sup=1.135153 | sup R^+=1.135144 [near A=0 (t/eta in (1/1,1/1))] | sup_(t<eta) R^+=1.062148 | |E_S| num=7.10e-04 an=2.34e-03 far R_S<=1.001061  [16s]
S=[2, 3, 7]: ess sup R=1.135407 (block A=0, t=eta/1+) pointwise sup=1.135416 | sup R^+=1.135407 [near A=0 (t/eta in (1/1,1/1))] | sup_(t<eta) R^+=1.062410 | |E_S| num=6.98e-04 an=2.32e-03 far R_S<=1.001052  [16s]
S=[2, 3, 11]: ess sup R=1.135492 (block A=0, t=eta/1+) pointwise sup=1.135501 | sup R^+=1.135492 [near A=0 (t/eta in (1/1,1/1))] | sup_(t<eta) R^+=1.062496 | |E_S| num=7.00e-04 an=2.31e-03 far R_S<=1.001048  [16s]
S=[2, 3, 13]: ess sup R=1.135501 (block A=0, t=eta/1+) pointwise sup=1.135510 | sup R^+=1.135501 [near A=0 (t/eta in (1/1,1/1))] | sup_(t<eta) R^+=1.062505 | |E_S| num=7.01e-04 an=2.31e-03 far R_S<=1.001048  [17s]
S=[2, 5, 7]: ess sup R=1.137632 (block A=0, t=eta/1+) pointwise sup=1.137641 | sup R^+=1.137632 [near A=0 (t/eta in (1/1,1/1))] | sup_(t<eta) R^+=1.064635 | |E_S| num=7.06e-04 an=2.20e-03 far R_S<=1.000996  [17s]
S=[2, 5, 11]: ess sup R=1.137717 (block A=0, t=eta/1+) pointwise sup=1.137726 | sup R^+=1.137717 [near A=0 (t/eta in (1/1,1/1))] | sup_(t<eta) R^+=1.064721 | |E_S| num=7.06e-04 an=2.19e-03 far R_S<=1.000993  [18s]
S=[2, 5, 13]: ess sup R=1.137726 (block A=0, t=eta/1+) pointwise sup=1.137735 | sup R^+=1.137726 [near A=0 (t/eta in (1/1,1/1))] | sup_(t<eta) R^+=1.064730 | |E_S| num=7.08e-04 an=2.19e-03 far R_S<=1.000992  [18s]
S=[2, 7, 11]: ess sup R=1.137979 (block A=0, t=eta/1+) pointwise sup=1.137988 | sup R^+=1.137979 [near A=0 (t/eta in (1/1,1/1))] | sup_(t<eta) R^+=1.064983 | |E_S| num=6.96e-04 an=2.17e-03 far R_S<=1.000984  [19s]
S=[2, 7, 13]: ess sup R=1.137989 (block A=0, t=eta/1+) pointwise sup=1.137997 | sup R^+=1.137989 [near A=0 (t/eta in (1/1,1/1))] | sup_(t<eta) R^+=1.064992 | |E_S| num=6.97e-04 an=2.17e-03 far R_S<=1.000984  [19s]
S=[2, 11, 13]: ess sup R=1.138074 (block A=0, t=eta/1+) pointwise sup=1.138082 | sup R^+=1.138074 [near A=0 (t/eta in (1/1,1/1))] | sup_(t<eta) R^+=1.065077 | |E_S| num=6.98e-04 an=2.16e-03 far R_S<=1.000980  [19s]
S=[3, 5, 7]: ess sup R=1.150095 (block A=0, t=eta/1+) pointwise sup=1.150100 | sup R^+=1.150095 [near A=0 (t/eta in (1/1,1/1))] | sup_(t<eta) R^+=1.071529 | |E_S| num=6.23e-04 an=1.84e-03 far R_S<=1.000833  [20s]
S=[3, 5, 11]: ess sup R=1.150181 (block A=0, t=eta/1+) pointwise sup=1.150185 | sup R^+=1.150181 [near A=0 (t/eta in (1/1,1/1))] | sup_(t<eta) R^+=1.071615 | |E_S| num=6.17e-04 an=1.83e-03 far R_S<=1.000830  [20s]
S=[3, 5, 13]: ess sup R=1.150190 (block A=0, t=eta/1+) pointwise sup=1.150194 | sup R^+=1.150190 [near A=0 (t/eta in (1/1,1/1))] | sup_(t<eta) R^+=1.071624 | |E_S| num=6.18e-04 an=1.83e-03 far R_S<=1.000830  [21s]
S=[3, 7, 11]: ess sup R=1.150443 (block A=0, t=eta/1+) pointwise sup=1.150447 | sup R^+=1.150443 [near A=0 (t/eta in (1/1,1/1))] | sup_(t<eta) R^+=1.071877 | |E_S| num=6.23e-04 an=1.82e-03 far R_S<=1.000823  [21s]
S=[3, 7, 13]: ess sup R=1.150452 (block A=0, t=eta/1+) pointwise sup=1.150457 | sup R^+=1.150452 [near A=0 (t/eta in (1/1,1/1))] | sup_(t<eta) R^+=1.071886 | |E_S| num=6.21e-04 an=1.82e-03 far R_S<=1.000823  [22s]
S=[3, 11, 13]: ess sup R=1.150538 (block A=0, t=eta/1+) pointwise sup=1.150542 | sup R^+=1.150538 [near A=0 (t/eta in (1/1,1/1))] | sup_(t<eta) R^+=1.071971 | |E_S| num=6.23e-04 an=1.81e-03 far R_S<=1.000820  [22s]
S=[5, 7, 11]: ess sup R=1.152668 (block A=0, t=eta/1+) pointwise sup=1.152672 | sup R^+=1.152668 [near A=0 (t/eta in (1/1,1/1))] | sup_(t<eta) R^+=1.074102 | |E_S| num=6.09e-04 an=1.72e-03 far R_S<=1.000780  [22s]
S=[5, 7, 13]: ess sup R=1.152677 (block A=0, t=eta/1+) pointwise sup=1.152681 | sup R^+=1.152677 [near A=0 (t/eta in (1/1,1/1))] | sup_(t<eta) R^+=1.074111 | |E_S| num=6.09e-04 an=1.72e-03 far R_S<=1.000779  [23s]
S=[5, 11, 13]: ess sup R=1.152762 (block A=0, t=eta/1+) pointwise sup=1.152766 | sup R^+=1.152762 [near A=0 (t/eta in (1/1,1/1))] | sup_(t<eta) R^+=1.074197 | |E_S| num=6.08e-04 an=1.71e-03 far R_S<=1.000777  [23s]
S=[7, 11, 13]: ess sup R=1.153024 (block A=0, t=eta/1+) pointwise sup=1.153029 | sup R^+=1.153024 [near A=0 (t/eta in (1/1,1/1))] | sup_(t<eta) R^+=1.074459 | |E_S| num=5.98e-04 an=1.70e-03 far R_S<=1.000770  [24s]
S=[2, 3, 5, 7]: ess sup R=1.135039 (block A=0, t=eta/1+) pointwise sup=1.135048 | sup R^+=1.135039 [near A=0 (t/eta in (1/1,1/1))] | sup_(t<eta) R^+=1.062043 | |E_S| num=7.08e-04 an=2.35e-03 far R_S<=1.001065  [24s]
S=[2, 3, 5, 11]: ess sup R=1.135124 (block A=0, t=eta/1+) pointwise sup=1.135134 | sup R^+=1.135124 [near A=0 (t/eta in (1/1,1/1))] | sup_(t<eta) R^+=1.062129 | |E_S| num=7.09e-04 an=2.34e-03 far R_S<=1.001062  [25s]
S=[2, 3, 5, 13]: ess sup R=1.135134 (block A=0, t=eta/1+) pointwise sup=1.135143 | sup R^+=1.135134 [near A=0 (t/eta in (1/1,1/1))] | sup_(t<eta) R^+=1.062138 | |E_S| num=7.10e-04 an=2.34e-03 far R_S<=1.001061  [25s]
S=[2, 3, 7, 11]: ess sup R=1.135387 (block A=0, t=eta/1+) pointwise sup=1.135396 | sup R^+=1.135387 [near A=0 (t/eta in (1/1,1/1))] | sup_(t<eta) R^+=1.062391 | |E_S| num=6.98e-04 an=2.32e-03 far R_S<=1.001053  [25s]
S=[2, 3, 7, 13]: ess sup R=1.135396 (block A=0, t=eta/1+) pointwise sup=1.135405 | sup R^+=1.135396 [near A=0 (t/eta in (1/1,1/1))] | sup_(t<eta) R^+=1.062400 | |E_S| num=6.99e-04 an=2.32e-03 far R_S<=1.001052  [26s]
S=[2, 3, 11, 13]: ess sup R=1.135481 (block A=0, t=eta/1+) pointwise sup=1.135490 | sup R^+=1.135481 [near A=0 (t/eta in (1/1,1/1))] | sup_(t<eta) R^+=1.062485 | |E_S| num=7.01e-04 an=2.31e-03 far R_S<=1.001049  [26s]
S=[2, 5, 7, 11]: ess sup R=1.137612 (block A=0, t=eta/1+) pointwise sup=1.137621 | sup R^+=1.137612 [near A=0 (t/eta in (1/1,1/1))] | sup_(t<eta) R^+=1.064616 | |E_S| num=7.05e-04 an=2.20e-03 far R_S<=1.000997  [27s]
S=[2, 5, 7, 13]: ess sup R=1.137621 (block A=0, t=eta/1+) pointwise sup=1.137630 | sup R^+=1.137621 [near A=0 (t/eta in (1/1,1/1))] | sup_(t<eta) R^+=1.064625 | |E_S| num=7.06e-04 an=2.20e-03 far R_S<=1.000997  [27s]
S=[2, 5, 11, 13]: ess sup R=1.137706 (block A=0, t=eta/1+) pointwise sup=1.137715 | sup R^+=1.137706 [near A=0 (t/eta in (1/1,1/1))] | sup_(t<eta) R^+=1.064710 | |E_S| num=7.07e-04 an=2.19e-03 far R_S<=1.000993  [28s]
S=[2, 7, 11, 13]: ess sup R=1.137969 (block A=0, t=eta/1+) pointwise sup=1.137977 | sup R^+=1.137969 [near A=0 (t/eta in (1/1,1/1))] | sup_(t<eta) R^+=1.064972 | |E_S| num=6.96e-04 an=2.17e-03 far R_S<=1.000985  [28s]
S=[3, 5, 7, 11]: ess sup R=1.150076 (block A=0, t=eta/1+) pointwise sup=1.150080 | sup R^+=1.150076 [near A=0 (t/eta in (1/1,1/1))] | sup_(t<eta) R^+=1.071509 | |E_S| num=6.22e-04 an=1.84e-03 far R_S<=1.000834  [28s]
S=[3, 5, 7, 13]: ess sup R=1.150085 (block A=0, t=eta/1+) pointwise sup=1.150089 | sup R^+=1.150085 [near A=0 (t/eta in (1/1,1/1))] | sup_(t<eta) R^+=1.071519 | |E_S| num=6.23e-04 an=1.84e-03 far R_S<=1.000834  [29s]
S=[3, 5, 11, 13]: ess sup R=1.150170 (block A=0, t=eta/1+) pointwise sup=1.150175 | sup R^+=1.150170 [near A=0 (t/eta in (1/1,1/1))] | sup_(t<eta) R^+=1.071604 | |E_S| num=6.17e-04 an=1.83e-03 far R_S<=1.000831  [29s]
S=[3, 7, 11, 13]: ess sup R=1.150433 (block A=0, t=eta/1+) pointwise sup=1.150437 | sup R^+=1.150433 [near A=0 (t/eta in (1/1,1/1))] | sup_(t<eta) R^+=1.071866 | |E_S| num=6.24e-04 an=1.82e-03 far R_S<=1.000824  [30s]
S=[5, 7, 11, 13]: ess sup R=1.152657 (block A=0, t=eta/1+) pointwise sup=1.152662 | sup R^+=1.152657 [near A=0 (t/eta in (1/1,1/1))] | sup_(t<eta) R^+=1.074092 | |E_S| num=6.09e-04 an=1.72e-03 far R_S<=1.000780  [30s]
S=[2, 3, 5, 7, 11]: ess sup R=1.135019 (block A=0, t=eta/1+) pointwise sup=1.135029 | sup R^+=1.135019 [near A=0 (t/eta in (1/1,1/1))] | sup_(t<eta) R^+=1.062023 | |E_S| num=7.08e-04 an=2.35e-03 far R_S<=1.001066  [30s]
S=[2, 3, 5, 7, 13]: ess sup R=1.135029 (block A=0, t=eta/1+) pointwise sup=1.135038 | sup R^+=1.135029 [near A=0 (t/eta in (1/1,1/1))] | sup_(t<eta) R^+=1.062033 | |E_S| num=7.09e-04 an=2.35e-03 far R_S<=1.001066  [31s]
S=[2, 3, 5, 11, 13]: ess sup R=1.135114 (block A=0, t=eta/1+) pointwise sup=1.135123 | sup R^+=1.135114 [near A=0 (t/eta in (1/1,1/1))] | sup_(t<eta) R^+=1.062118 | |E_S| num=7.10e-04 an=2.34e-03 far R_S<=1.001062  [31s]
S=[2, 3, 7, 11, 13]: ess sup R=1.135376 (block A=0, t=eta/1+) pointwise sup=1.135385 | sup R^+=1.135376 [near A=0 (t/eta in (1/1,1/1))] | sup_(t<eta) R^+=1.062380 | |E_S| num=6.98e-04 an=2.32e-03 far R_S<=1.001053  [32s]
S=[2, 5, 7, 11, 13]: ess sup R=1.137601 (block A=0, t=eta/1+) pointwise sup=1.137610 | sup R^+=1.137601 [near A=0 (t/eta in (1/1,1/1))] | sup_(t<eta) R^+=1.064605 | |E_S| num=7.05e-04 an=2.20e-03 far R_S<=1.000998  [32s]
S=[3, 5, 7, 11, 13]: ess sup R=1.150065 (block A=0, t=eta/1+) pointwise sup=1.150070 | sup R^+=1.150065 [near A=0 (t/eta in (1/1,1/1))] | sup_(t<eta) R^+=1.071499 | |E_S| num=6.21e-04 an=1.84e-03 far R_S<=1.000834  [33s]
S=[2, 3, 5, 7, 11, 13]: ess sup R=1.135009 (block A=0, t=eta/1+) pointwise sup=1.135018 | sup R^+=1.135009 [near A=0 (t/eta in (1/1,1/1))] | sup_(t<eta) R^+=1.062013 | |E_S| num=7.08e-04 an=2.35e-03 far R_S<=1.001067  [33s]
# SUMMARY kind=sharp eta=1/10000: signed sup_(S1,t) R = 1.153160 (S=[]); max_(S1) sup R^+ = 1.153160 (S=[], near A=0 (t/eta in (1/1,1/1))); M=1.15316; slack=3.36e-05; C_T^+ <= 1.153193 -> 1.15320
#   sup over t<eta (mu^- region) of R^+ (max over S1) = 1.074594; pointwise sup R (S=[]) = 1.153164
# total time 33s
