# kind=lsmooth eta=1/100 L=4.605170 I_w=2.302585 E in [0.479145339525,0.479145347241] c_empty=1.4107008037(+2.1e-07) NS=10000000 T1=NS/N0=100000 T2=1000000 delta=2e-05
# sieve to 10000000 done 2.3s
# G_inf = sum_{mu(r)=-1} 1/(r^2 phi(r)) <= 0.321141397539
# zeroed 1 grid values of mtU below proved support (max 2.92e-14)
# mt^U: sup=1.108280e-01 at u/eta=1.2467; support (grid) y in [3.8592,18.4207] i.e. u/eta <= 2.1084; proved support y >= L - ystar = 3.7220 (u/eta <= 2.4186)
# R^m: sup over x<=T2 N0 = 1.004701e-01 at t/eta=1.2467; I_m<=9.545677e-02 (C_G I_m/I_w=5.26e-02); eta^1/2 V_m<=3.1287; Rm_far<=6.492475e-02; K=2418697  [5s]
S=[]: sup R^U=1.236127 at t/eta=5.8121 (R^m there 0.00e+00) | sup R^+=1.236127 [near t/eta=5.8121] | sup_(t<3eta) R^+=1.136506 sup_(t<eta) R^+=1.067986 | |E_S| num=6.82e-06 an=1.69e-03 far R_S<=1.003061 [6s]
S=[2]: sup R^U=1.160244 at t/eta=5.6210 (R^m there 0.00e+00) | sup R^+=1.160244 [near t/eta=5.6210] | sup_(t<3eta) R^+=1.087149 sup_(t<eta) R^+=1.070085 | |E_S| num=7.93e-06 an=2.16e-03 far R_S<=1.003915 [6s]
S=[3]: sup R^U=1.222711 at t/eta=5.8550 (R^m there 0.00e+00) | sup R^+=1.222711 [near t/eta=5.8550] | sup_(t<3eta) R^+=1.123793 sup_(t<eta) R^+=1.068200 | |E_S| num=7.11e-06 an=1.81e-03 far R_S<=1.003275 [7s]
S=[5]: sup R^U=1.235085 at t/eta=5.8262 (R^m there 7.16e-18) | sup R^+=1.235085 [near t/eta=5.8262] | sup_(t<3eta) R^+=1.134658 sup_(t<eta) R^+=1.068026 | |E_S| num=6.72e-06 an=1.71e-03 far R_S<=1.003101 [8s]
S=[7]: sup R^U=1.235980 at t/eta=5.8151 (R^m there 0.00e+00) | sup R^+=1.235980 [near t/eta=5.8151] | sup_(t<3eta) R^+=1.136144 sup_(t<eta) R^+=1.068000 | |E_S| num=6.85e-06 an=1.70e-03 far R_S<=1.003075 [8s]
S=[11]: sup R^U=1.236120 at t/eta=5.8124 (R^m there 0.00e+00) | sup R^+=1.236120 [near t/eta=5.8124] | sup_(t<3eta) R^+=1.136473 sup_(t<eta) R^+=1.067989 | |E_S| num=6.85e-06 an=1.69e-03 far R_S<=1.003065 [9s]
S=[13]: sup R^U=1.236125 at t/eta=5.8121 (R^m there 0.00e+00) | sup R^+=1.236125 [near t/eta=5.8121] | sup_(t<3eta) R^+=1.136493 sup_(t<eta) R^+=1.067988 | |E_S| num=6.82e-06 an=1.69e-03 far R_S<=1.003063 [10s]
S=[2, 3]: sup R^U=1.147576 at t/eta=5.6516 (R^m there 0.00e+00) | sup R^+=1.147576 [near t/eta=5.6516] | sup_(t<3eta) R^+=1.075525 sup_(t<eta) R^+=1.069855 | |E_S| num=8.02e-06 an=2.31e-03 far R_S<=1.004188 [10s]
S=[2, 5]: sup R^U=1.159189 at t/eta=5.6361 (R^m there 0.00e+00) | sup R^+=1.159189 [near t/eta=5.6361] | sup_(t<3eta) R^+=1.085410 sup_(t<eta) R^+=1.069095 | |E_S| num=8.00e-06 an=2.19e-03 far R_S<=1.003966 [11s]
S=[2, 7]: sup R^U=1.160088 at t/eta=5.6244 (R^m there 0.00e+00) | sup R^+=1.160088 [near t/eta=5.6244] | sup_(t<3eta) R^+=1.086803 sup_(t<eta) R^+=1.069649 | |E_S| num=7.92e-06 an=2.17e-03 far R_S<=1.003932 [12s]
S=[2, 11]: sup R^U=1.160237 at t/eta=5.6213 (R^m there 0.00e+00) | sup R^+=1.160237 [near t/eta=5.6213] | sup_(t<3eta) R^+=1.087117 sup_(t<eta) R^+=1.070004 | |E_S| num=7.96e-06 an=2.16e-03 far R_S<=1.003919 [12s]
S=[2, 13]: sup R^U=1.160242 at t/eta=5.6211 (R^m there 3.58e-18) | sup R^+=1.160242 [near t/eta=5.6211] | sup_(t<3eta) R^+=1.087137 sup_(t<eta) R^+=1.070046 | |E_S| num=7.94e-06 an=2.16e-03 far R_S<=1.003917 [13s]
S=[3, 5]: sup R^U=1.221680 at t/eta=5.8696 (R^m there 0.00e+00) | sup R^+=1.221680 [near t/eta=5.8696] | sup_(t<3eta) R^+=1.121954 sup_(t<eta) R^+=1.068242 | |E_S| num=7.31e-06 an=1.83e-03 far R_S<=1.003318 [14s]
S=[3, 7]: sup R^U=1.222566 at t/eta=5.8581 (R^m there 0.00e+00) | sup R^+=1.222566 [near t/eta=5.8581] | sup_(t<3eta) R^+=1.123431 sup_(t<eta) R^+=1.068214 | |E_S| num=7.11e-06 an=1.81e-03 far R_S<=1.003289 [14s]
S=[3, 11]: sup R^U=1.222705 at t/eta=5.8553 (R^m there 0.00e+00) | sup R^+=1.222705 [near t/eta=5.8553] | sup_(t<3eta) R^+=1.123760 sup_(t<eta) R^+=1.068203 | |E_S| num=7.14e-06 an=1.81e-03 far R_S<=1.003278 [15s]
S=[3, 13]: sup R^U=1.222710 at t/eta=5.8551 (R^m there 1.79e-18) | sup R^+=1.222710 [near t/eta=5.8551] | sup_(t<3eta) R^+=1.123780 sup_(t<eta) R^+=1.068202 | |E_S| num=7.10e-06 an=1.81e-03 far R_S<=1.003277 [16s]
S=[5, 7]: sup R^U=1.234939 at t/eta=5.8293 (R^m there 0.00e+00) | sup R^+=1.234939 [near t/eta=5.8293] | sup_(t<3eta) R^+=1.134296 sup_(t<eta) R^+=1.068040 | |E_S| num=6.73e-06 an=1.72e-03 far R_S<=1.003115 [16s]
S=[5, 11]: sup R^U=1.235079 at t/eta=5.8265 (R^m there 0.00e+00) | sup R^+=1.235079 [near t/eta=5.8265] | sup_(t<3eta) R^+=1.134626 sup_(t<eta) R^+=1.068029 | |E_S| num=6.73e-06 an=1.71e-03 far R_S<=1.003105 [17s]
S=[5, 13]: sup R^U=1.235084 at t/eta=5.8263 (R^m there 0.00e+00) | sup R^+=1.235084 [near t/eta=5.8263] | sup_(t<3eta) R^+=1.134646 sup_(t<eta) R^+=1.068028 | |E_S| num=6.71e-06 an=1.71e-03 far R_S<=1.003103 [18s]
S=[7, 11]: sup R^U=1.235973 at t/eta=5.8154 (R^m there 0.00e+00) | sup R^+=1.235973 [near t/eta=5.8154] | sup_(t<3eta) R^+=1.136111 sup_(t<eta) R^+=1.068003 | |E_S| num=6.88e-06 an=1.70e-03 far R_S<=1.003078 [18s]
S=[7, 13]: sup R^U=1.235978 at t/eta=5.8152 (R^m there 0.00e+00) | sup R^+=1.235978 [near t/eta=5.8152] | sup_(t<3eta) R^+=1.136131 sup_(t<eta) R^+=1.068002 | |E_S| num=6.85e-06 an=1.70e-03 far R_S<=1.003077 [19s]
S=[11, 13]: sup R^U=1.236119 at t/eta=5.8125 (R^m there 0.00e+00) | sup R^+=1.236119 [near t/eta=5.8125] | sup_(t<3eta) R^+=1.136461 sup_(t<eta) R^+=1.067991 | |E_S| num=6.84e-06 an=1.69e-03 far R_S<=1.003067 [19s]
S=[2, 3, 5]: sup R^U=1.146529 at t/eta=5.6672 (R^m there 0.00e+00) | sup R^+=1.146529 [near t/eta=5.6672] | sup_(t<3eta) R^+=1.073795 sup_(t<eta) R^+=1.069168 | |E_S| num=7.93e-06 an=2.34e-03 far R_S<=1.004243 [20s]
S=[2, 3, 7]: sup R^U=1.147422 at t/eta=5.6551 (R^m there 0.00e+00) | sup R^+=1.147422 [near t/eta=5.6551] | sup_(t<3eta) R^+=1.075180 sup_(t<eta) R^+=1.069432 | |E_S| num=7.96e-06 an=2.32e-03 far R_S<=1.004207 [21s]
S=[2, 3, 11]: sup R^U=1.147569 at t/eta=5.6519 (R^m there 0.00e+00) | sup R^+=1.147569 [near t/eta=5.6519] | sup_(t<3eta) R^+=1.075493 sup_(t<eta) R^+=1.069773 | |E_S| num=8.00e-06 an=2.31e-03 far R_S<=1.004192 [21s]
S=[2, 3, 13]: sup R^U=1.147574 at t/eta=5.6517 (R^m there 0.00e+00) | sup R^+=1.147574 [near t/eta=5.6517] | sup_(t<3eta) R^+=1.075512 sup_(t<eta) R^+=1.069816 | |E_S| num=8.03e-06 an=2.31e-03 far R_S<=1.004191 [22s]
S=[2, 5, 7]: sup R^U=1.159034 at t/eta=5.6395 (R^m there 0.00e+00) | sup R^+=1.159034 [near t/eta=5.6395] | sup_(t<3eta) R^+=1.085064 sup_(t<eta) R^+=1.068908 | |E_S| num=7.99e-06 an=2.20e-03 far R_S<=1.003984 [23s]
S=[2, 5, 11]: sup R^U=1.159182 at t/eta=5.6364 (R^m there 0.00e+00) | sup R^+=1.159182 [near t/eta=5.6364] | sup_(t<3eta) R^+=1.085378 sup_(t<eta) R^+=1.069014 | |E_S| num=8.03e-06 an=2.19e-03 far R_S<=1.003970 [23s]
S=[2, 5, 13]: sup R^U=1.159188 at t/eta=5.6362 (R^m there 0.00e+00) | sup R^+=1.159188 [near t/eta=5.6362] | sup_(t<3eta) R^+=1.085398 sup_(t<eta) R^+=1.069056 | |E_S| num=8.02e-06 an=2.19e-03 far R_S<=1.003969 [24s]
S=[2, 7, 11]: sup R^U=1.160081 at t/eta=5.6247 (R^m there 0.00e+00) | sup R^+=1.160081 [near t/eta=5.6247] | sup_(t<3eta) R^+=1.086771 sup_(t<eta) R^+=1.069568 | |E_S| num=7.95e-06 an=2.17e-03 far R_S<=1.003936 [25s]
S=[2, 7, 13]: sup R^U=1.160087 at t/eta=5.6245 (R^m there 0.00e+00) | sup R^+=1.160087 [near t/eta=5.6245] | sup_(t<3eta) R^+=1.086791 sup_(t<eta) R^+=1.069610 | |E_S| num=7.93e-06 an=2.17e-03 far R_S<=1.003935 [25s]
S=[2, 11, 13]: sup R^U=1.160235 at t/eta=5.6215 (R^m there 0.00e+00) | sup R^+=1.160235 [near t/eta=5.6215] | sup_(t<3eta) R^+=1.087105 sup_(t<eta) R^+=1.069965 | |E_S| num=7.97e-06 an=2.16e-03 far R_S<=1.003922 [26s]
S=[3, 5, 7]: sup R^U=1.221536 at t/eta=5.8727 (R^m there 0.00e+00) | sup R^+=1.221536 [near t/eta=5.8727] | sup_(t<3eta) R^+=1.121593 sup_(t<eta) R^+=1.068257 | |E_S| num=7.31e-06 an=1.84e-03 far R_S<=1.003332 [27s]
S=[3, 5, 11]: sup R^U=1.221674 at t/eta=5.8699 (R^m there 3.58e-18) | sup R^+=1.221674 [near t/eta=5.8699] | sup_(t<3eta) R^+=1.121921 sup_(t<eta) R^+=1.068246 | |E_S| num=7.34e-06 an=1.83e-03 far R_S<=1.003321 [27s]
S=[3, 5, 13]: sup R^U=1.221679 at t/eta=5.8696 (R^m there 0.00e+00) | sup R^+=1.221679 [near t/eta=5.8696] | sup_(t<3eta) R^+=1.121942 sup_(t<eta) R^+=1.068244 | |E_S| num=7.30e-06 an=1.83e-03 far R_S<=1.003320 [28s]
S=[3, 7, 11]: sup R^U=1.222560 at t/eta=5.8584 (R^m there 0.00e+00) | sup R^+=1.222560 [near t/eta=5.8584] | sup_(t<3eta) R^+=1.123398 sup_(t<eta) R^+=1.068218 | |E_S| num=7.14e-06 an=1.82e-03 far R_S<=1.003293 [29s]
S=[3, 7, 13]: sup R^U=1.222565 at t/eta=5.8582 (R^m there 5.37e-18) | sup R^+=1.222565 [near t/eta=5.8582] | sup_(t<3eta) R^+=1.123419 sup_(t<eta) R^+=1.068216 | |E_S| num=7.10e-06 an=1.82e-03 far R_S<=1.003291 [29s]
S=[3, 11, 13]: sup R^U=1.222704 at t/eta=5.8553 (R^m there 0.00e+00) | sup R^+=1.222704 [near t/eta=5.8553] | sup_(t<3eta) R^+=1.123747 sup_(t<eta) R^+=1.068205 | |E_S| num=7.12e-06 an=1.81e-03 far R_S<=1.003280 [30s]
S=[5, 7, 11]: sup R^U=1.234933 at t/eta=5.8295 (R^m there 7.16e-18) | sup R^+=1.234933 [near t/eta=5.8295] | sup_(t<3eta) R^+=1.134263 sup_(t<eta) R^+=1.068043 | |E_S| num=6.74e-06 an=1.72e-03 far R_S<=1.003118 [31s]
S=[5, 7, 13]: sup R^U=1.234937 at t/eta=5.8294 (R^m there 7.16e-18) | sup R^+=1.234937 [near t/eta=5.8294] | sup_(t<3eta) R^+=1.134284 sup_(t<eta) R^+=1.068042 | |E_S| num=6.74e-06 an=1.72e-03 far R_S<=1.003117 [31s]
S=[5, 11, 13]: sup R^U=1.235078 at t/eta=5.8266 (R^m there 3.58e-18) | sup R^+=1.235078 [near t/eta=5.8266] | sup_(t<3eta) R^+=1.134613 sup_(t<eta) R^+=1.068031 | |E_S| num=6.71e-06 an=1.71e-03 far R_S<=1.003107 [32s]
S=[7, 11, 13]: sup R^U=1.235972 at t/eta=5.8155 (R^m there 0.00e+00) | sup R^+=1.235972 [near t/eta=5.8155] | sup_(t<3eta) R^+=1.136098 sup_(t<eta) R^+=1.068005 | |E_S| num=6.87e-06 an=1.70e-03 far R_S<=1.003080 [33s]
S=[2, 3, 5, 7]: sup R^U=1.146376 at t/eta=5.6706 (R^m there 0.00e+00) | sup R^+=1.146376 [near t/eta=5.6706] | sup_(t<3eta) R^+=1.073450 sup_(t<eta) R^+=1.069186 | |E_S| num=7.88e-06 an=2.35e-03 far R_S<=1.004262 [33s]
S=[2, 3, 5, 11]: sup R^U=1.146522 at t/eta=5.6675 (R^m there 0.00e+00) | sup R^+=1.146522 [near t/eta=5.6675] | sup_(t<3eta) R^+=1.073763 sup_(t<eta) R^+=1.069172 | |E_S| num=7.91e-06 an=2.34e-03 far R_S<=1.004247 [34s]
S=[2, 3, 5, 13]: sup R^U=1.146527 at t/eta=5.6673 (R^m there 0.00e+00) | sup R^+=1.146527 [near t/eta=5.6673] | sup_(t<3eta) R^+=1.073782 sup_(t<eta) R^+=1.069170 | |E_S| num=7.94e-06 an=2.34e-03 far R_S<=1.004245 [35s]
S=[2, 3, 7, 11]: sup R^U=1.147415 at t/eta=5.6554 (R^m there 0.00e+00) | sup R^+=1.147415 [near t/eta=5.6554] | sup_(t<3eta) R^+=1.075148 sup_(t<eta) R^+=1.069351 | |E_S| num=7.94e-06 an=2.32e-03 far R_S<=1.004211 [35s]
S=[2, 3, 7, 13]: sup R^U=1.147421 at t/eta=5.6552 (R^m there 0.00e+00) | sup R^+=1.147421 [near t/eta=5.6552] | sup_(t<3eta) R^+=1.075168 sup_(t<eta) R^+=1.069393 | |E_S| num=7.97e-06 an=2.32e-03 far R_S<=1.004209 [36s]
S=[2, 3, 11, 13]: sup R^U=1.147567 at t/eta=5.6520 (R^m there 0.00e+00) | sup R^+=1.147567 [near t/eta=5.6520] | sup_(t<3eta) R^+=1.075480 sup_(t<eta) R^+=1.069734 | |E_S| num=8.01e-06 an=2.31e-03 far R_S<=1.004195 [37s]
S=[2, 5, 7, 11]: sup R^U=1.159027 at t/eta=5.6398 (R^m there 7.16e-18) | sup R^+=1.159027 [near t/eta=5.6398] | sup_(t<3eta) R^+=1.085032 sup_(t<eta) R^+=1.068913 | |E_S| num=8.03e-06 an=2.20e-03 far R_S<=1.003988 [37s]
S=[2, 5, 7, 13]: sup R^U=1.159033 at t/eta=5.6396 (R^m there 0.00e+00) | sup R^+=1.159033 [near t/eta=5.6396] | sup_(t<3eta) R^+=1.085052 sup_(t<eta) R^+=1.068911 | |E_S| num=8.01e-06 an=2.20e-03 far R_S<=1.003986 [38s]
S=[2, 5, 11, 13]: sup R^U=1.159181 at t/eta=5.6365 (R^m there 1.79e-18) | sup R^+=1.159181 [near t/eta=5.6365] | sup_(t<3eta) R^+=1.085365 sup_(t<eta) R^+=1.068975 | |E_S| num=8.05e-06 an=2.19e-03 far R_S<=1.003973 [39s]
S=[2, 7, 11, 13]: sup R^U=1.160080 at t/eta=5.6248 (R^m there 7.16e-18) | sup R^+=1.160080 [near t/eta=5.6248] | sup_(t<3eta) R^+=1.086759 sup_(t<eta) R^+=1.069529 | |E_S| num=7.97e-06 an=2.17e-03 far R_S<=1.003939 [39s]
S=[3, 5, 7, 11]: sup R^U=1.221530 at t/eta=5.8729 (R^m there 0.00e+00) | sup R^+=1.221530 [near t/eta=5.8729] | sup_(t<3eta) R^+=1.121560 sup_(t<eta) R^+=1.068261 | |E_S| num=7.34e-06 an=1.84e-03 far R_S<=1.003336 [40s]
S=[3, 5, 7, 13]: sup R^U=1.221535 at t/eta=5.8728 (R^m there 0.00e+00) | sup R^+=1.221535 [near t/eta=5.8728] | sup_(t<3eta) R^+=1.121580 sup_(t<eta) R^+=1.068259 | |E_S| num=7.30e-06 an=1.84e-03 far R_S<=1.003334 [41s]
S=[3, 5, 11, 13]: sup R^U=1.221673 at t/eta=5.8700 (R^m there 0.00e+00) | sup R^+=1.221673 [near t/eta=5.8700] | sup_(t<3eta) R^+=1.121909 sup_(t<eta) R^+=1.068248 | |E_S| num=7.32e-06 an=1.83e-03 far R_S<=1.003323 [41s]
S=[3, 7, 11, 13]: sup R^U=1.222559 at t/eta=5.8585 (R^m there 0.00e+00) | sup R^+=1.222559 [near t/eta=5.8585] | sup_(t<3eta) R^+=1.123386 sup_(t<eta) R^+=1.068220 | |E_S| num=7.12e-06 an=1.82e-03 far R_S<=1.003295 [42s]
S=[5, 7, 11, 13]: sup R^U=1.234931 at t/eta=5.8296 (R^m there 0.00e+00) | sup R^+=1.234931 [near t/eta=5.8296] | sup_(t<3eta) R^+=1.134251 sup_(t<eta) R^+=1.068045 | |E_S| num=6.75e-06 an=1.72e-03 far R_S<=1.003120 [42s]
S=[2, 3, 5, 7, 11]: sup R^U=1.146369 at t/eta=5.6710 (R^m there 0.00e+00) | sup R^+=1.146369 [near t/eta=5.6710] | sup_(t<3eta) R^+=1.073418 sup_(t<eta) R^+=1.069191 | |E_S| num=7.85e-06 an=2.35e-03 far R_S<=1.004266 [43s]
S=[2, 3, 5, 7, 13]: sup R^U=1.146374 at t/eta=5.6708 (R^m there 0.00e+00) | sup R^+=1.146374 [near t/eta=5.6708] | sup_(t<3eta) R^+=1.073438 sup_(t<eta) R^+=1.069189 | |E_S| num=7.89e-06 an=2.35e-03 far R_S<=1.004264 [44s]
S=[2, 3, 5, 11, 13]: sup R^U=1.146520 at t/eta=5.6676 (R^m there 0.00e+00) | sup R^+=1.146520 [near t/eta=5.6676] | sup_(t<3eta) R^+=1.073750 sup_(t<eta) R^+=1.069175 | |E_S| num=7.92e-06 an=2.34e-03 far R_S<=1.004250 [45s]
S=[2, 3, 7, 11, 13]: sup R^U=1.147414 at t/eta=5.6555 (R^m there 0.00e+00) | sup R^+=1.147414 [near t/eta=5.6555] | sup_(t<3eta) R^+=1.075136 sup_(t<eta) R^+=1.069312 | |E_S| num=7.95e-06 an=2.32e-03 far R_S<=1.004214 [45s]
S=[2, 5, 7, 11, 13]: sup R^U=1.159026 at t/eta=5.6399 (R^m there 0.00e+00) | sup R^+=1.159026 [near t/eta=5.6399] | sup_(t<3eta) R^+=1.085020 sup_(t<eta) R^+=1.068915 | |E_S| num=8.04e-06 an=2.20e-03 far R_S<=1.003990 [46s]
S=[3, 5, 7, 11, 13]: sup R^U=1.221529 at t/eta=5.8730 (R^m there 0.00e+00) | sup R^+=1.221529 [near t/eta=5.8730] | sup_(t<3eta) R^+=1.121547 sup_(t<eta) R^+=1.068263 | |E_S| num=7.32e-06 an=1.84e-03 far R_S<=1.003338 [47s]
S=[2, 3, 5, 7, 11, 13]: sup R^U=1.146367 at t/eta=5.6711 (R^m there 0.00e+00) | sup R^+=1.146367 [near t/eta=5.6711] | sup_(t<3eta) R^+=1.073406 sup_(t<eta) R^+=1.069193 | |E_S| num=7.87e-06 an=2.35e-03 far R_S<=1.004269 [47s]
# SUMMARY kind=lsmooth eta=1/100: signed sup_(S1,t) R = 1.236127 (S=[]); max_(S1) sup R^+ = 1.236127 (S=[], near t/eta=5.8121); M=1.23613; slack=3.60e-05; C_T^+ <= 1.236163 -> 1.23617
#   sup over t<3eta of R^+ = 1.136506; over t<eta: 1.070085
# total time 47s
