# kind=sharp eta=1/100 L=4.605170 I_w=4.605170 E in [0.479145339525,0.479145347241] c_empty=1.4107008037(+2.1e-07) NS=10000000 T1=NS/N0=100000 T2=1000000 delta=2e-05
# sieve to 10000000 done 2.3s
# G_inf = sum_{mu(r)=-1} 1/(r^2 phi(r)) <= 0.321141397539
# sanity R^m(x=149.5) direct 0.14553504 <= U(A=1) 0.14554032
# sanity R^m(x=370.0) direct 0.07578753 <= U(A=3) 0.07579083
# sanity R^m(x=5020.0) direct 0.07188970 <= U(A=50) 0.07189320
# I_m=0.26312259  eta^1/2 V_m<=1.301840  Rm_far(t<eta/T2)<=0.075058  max U on A in [1,T1)=0.145540 max U on [T1,T2]=0.072498  U(T2)=0.072496  C_G I_m/I_w=0.072493
S=[]: ess sup R=1.304866 (block A=0, t=eta/1+) pointwise sup=1.305727 | sup R^+=1.304866 [near A=0 (t/eta in (1/1,1/1))] | sup_(t<eta) R^+=1.149557 | |E_S| num=6.82e-06 an=1.69e-03 far R_S<=1.001531  [6s]
S=[2]: ess sup R=1.274102 (block A=0, t=eta/1+) pointwise sup=1.275824 | sup R^+=1.274102 [near A=0 (t/eta in (1/1,1/1))] | sup_(t<eta) R^+=1.130129 | |E_S| num=7.93e-06 an=2.16e-03 far R_S<=1.001958  [6s]
S=[3]: ess sup R=1.299894 (block A=0, t=eta/1+) pointwise sup=1.300755 | sup R^+=1.299894 [near A=0 (t/eta in (1/1,1/1))] | sup_(t<eta) R^+=1.144405 | |E_S| num=7.11e-06 an=1.81e-03 far R_S<=1.001637  [7s]
S=[5]: ess sup R=1.304080 (block A=0, t=eta/1+) pointwise sup=1.304986 | sup R^+=1.304080 [near A=0 (t/eta in (1/1,1/1))] | sup_(t<eta) R^+=1.148829 | |E_S| num=6.72e-06 an=1.71e-03 far R_S<=1.001551  [7s]
S=[7]: ess sup R=1.304677 (block A=0, t=eta/1+) pointwise sup=1.305538 | sup R^+=1.304677 [near A=0 (t/eta in (1/1,1/1))] | sup_(t<eta) R^+=1.149352 | |E_S| num=6.85e-06 an=1.70e-03 far R_S<=1.001537  [8s]
S=[11]: ess sup R=1.304806 (block A=0, t=eta/1+) pointwise sup=1.305667 | sup R^+=1.304806 [near A=0 (t/eta in (1/1,1/1))] | sup_(t<eta) R^+=1.149520 | |E_S| num=6.85e-06 an=1.69e-03 far R_S<=1.001532  [8s]
S=[13]: ess sup R=1.304838 (block A=0, t=eta/1+) pointwise sup=1.305699 | sup R^+=1.304838 [near A=0 (t/eta in (1/1,1/1))] | sup_(t<eta) R^+=1.149540 | |E_S| num=6.82e-06 an=1.69e-03 far R_S<=1.001532  [9s]
S=[2, 3]: ess sup R=1.268983 (block A=0, t=eta/1+) pointwise sup=1.270705 | sup R^+=1.268983 [near A=0 (t/eta in (1/1,1/1))] | sup_(t<eta) R^+=1.125089 | |E_S| num=8.02e-06 an=2.31e-03 far R_S<=1.002094  [9s]
S=[2, 5]: ess sup R=1.273270 (block A=0, t=eta/1+) pointwise sup=1.275083 | sup R^+=1.273270 [near A=0 (t/eta in (1/1,1/1))] | sup_(t<eta) R^+=1.129385 | |E_S| num=8.00e-06 an=2.19e-03 far R_S<=1.001983  [9s]
S=[2, 7]: ess sup R=1.273902 (block A=0, t=eta/1+) pointwise sup=1.275625 | sup R^+=1.273902 [near A=0 (t/eta in (1/1,1/1))] | sup_(t<eta) R^+=1.129915 | |E_S| num=7.92e-06 an=2.17e-03 far R_S<=1.001966  [10s]
S=[2, 11]: ess sup R=1.274044 (block A=0, t=eta/1+) pointwise sup=1.275766 | sup R^+=1.274044 [near A=0 (t/eta in (1/1,1/1))] | sup_(t<eta) R^+=1.130088 | |E_S| num=7.96e-06 an=2.16e-03 far R_S<=1.001960  [10s]
S=[2, 13]: ess sup R=1.274075 (block A=0, t=eta/1+) pointwise sup=1.275797 | sup R^+=1.274075 [near A=0 (t/eta in (1/1,1/1))] | sup_(t<eta) R^+=1.130109 | |E_S| num=7.94e-06 an=2.16e-03 far R_S<=1.001959  [11s]
S=[3, 5]: ess sup R=1.299101 (block A=0, t=eta/1+) pointwise sup=1.300008 | sup R^+=1.299101 [near A=0 (t/eta in (1/1,1/1))] | sup_(t<eta) R^+=1.143670 | |E_S| num=7.31e-06 an=1.83e-03 far R_S<=1.001659  [11s]
S=[3, 7]: ess sup R=1.299707 (block A=0, t=eta/1+) pointwise sup=1.300568 | sup R^+=1.299707 [near A=0 (t/eta in (1/1,1/1))] | sup_(t<eta) R^+=1.144198 | |E_S| num=7.11e-06 an=1.81e-03 far R_S<=1.001645  [12s]
S=[3, 11]: ess sup R=1.299834 (block A=0, t=eta/1+) pointwise sup=1.300695 | sup R^+=1.299834 [near A=0 (t/eta in (1/1,1/1))] | sup_(t<eta) R^+=1.144369 | |E_S| num=7.14e-06 an=1.81e-03 far R_S<=1.001639  [12s]
S=[3, 13]: ess sup R=1.299865 (block A=0, t=eta/1+) pointwise sup=1.300727 | sup R^+=1.299865 [near A=0 (t/eta in (1/1,1/1))] | sup_(t<eta) R^+=1.144388 | |E_S| num=7.10e-06 an=1.81e-03 far R_S<=1.001638  [12s]
S=[5, 7]: ess sup R=1.303891 (block A=0, t=eta/1+) pointwise sup=1.304798 | sup R^+=1.303891 [near A=0 (t/eta in (1/1,1/1))] | sup_(t<eta) R^+=1.148624 | |E_S| num=6.73e-06 an=1.72e-03 far R_S<=1.001558  [13s]
S=[5, 11]: ess sup R=1.304020 (block A=0, t=eta/1+) pointwise sup=1.304927 | sup R^+=1.304020 [near A=0 (t/eta in (1/1,1/1))] | sup_(t<eta) R^+=1.148792 | |E_S| num=6.73e-06 an=1.71e-03 far R_S<=1.001552  [13s]
S=[5, 13]: ess sup R=1.304051 (block A=0, t=eta/1+) pointwise sup=1.304958 | sup R^+=1.304051 [near A=0 (t/eta in (1/1,1/1))] | sup_(t<eta) R^+=1.148812 | |E_S| num=6.71e-06 an=1.71e-03 far R_S<=1.001552  [14s]
S=[7, 11]: ess sup R=1.304617 (block A=0, t=eta/1+) pointwise sup=1.305478 | sup R^+=1.304617 [near A=0 (t/eta in (1/1,1/1))] | sup_(t<eta) R^+=1.149315 | |E_S| num=6.88e-06 an=1.70e-03 far R_S<=1.001539  [14s]
S=[7, 13]: ess sup R=1.304648 (block A=0, t=eta/1+) pointwise sup=1.305509 | sup R^+=1.304648 [near A=0 (t/eta in (1/1,1/1))] | sup_(t<eta) R^+=1.149335 | |E_S| num=6.85e-06 an=1.70e-03 far R_S<=1.001538  [14s]
S=[11, 13]: ess sup R=1.304778 (block A=0, t=eta/1+) pointwise sup=1.305639 | sup R^+=1.304778 [near A=0 (t/eta in (1/1,1/1))] | sup_(t<eta) R^+=1.149503 | |E_S| num=6.84e-06 an=1.69e-03 far R_S<=1.001533  [15s]
S=[2, 3, 5]: ess sup R=1.268146 (block A=0, t=eta/1+) pointwise sup=1.269958 | sup R^+=1.268146 [near A=0 (t/eta in (1/1,1/1))] | sup_(t<eta) R^+=1.124350 | |E_S| num=7.93e-06 an=2.34e-03 far R_S<=1.002121  [15s]
S=[2, 3, 7]: ess sup R=1.268785 (block A=0, t=eta/1+) pointwise sup=1.270508 | sup R^+=1.268785 [near A=0 (t/eta in (1/1,1/1))] | sup_(t<eta) R^+=1.124873 | |E_S| num=7.96e-06 an=2.32e-03 far R_S<=1.002103  [16s]
S=[2, 3, 11]: ess sup R=1.268925 (block A=0, t=eta/1+) pointwise sup=1.270647 | sup R^+=1.268925 [near A=0 (t/eta in (1/1,1/1))] | sup_(t<eta) R^+=1.125048 | |E_S| num=8.00e-06 an=2.31e-03 far R_S<=1.002096  [16s]
S=[2, 3, 13]: ess sup R=1.268956 (block A=0, t=eta/1+) pointwise sup=1.270678 | sup R^+=1.268956 [near A=0 (t/eta in (1/1,1/1))] | sup_(t<eta) R^+=1.125069 | |E_S| num=8.03e-06 an=2.31e-03 far R_S<=1.002095  [17s]
S=[2, 5, 7]: ess sup R=1.273071 (block A=0, t=eta/1+) pointwise sup=1.274884 | sup R^+=1.273071 [near A=0 (t/eta in (1/1,1/1))] | sup_(t<eta) R^+=1.129170 | |E_S| num=7.99e-06 an=2.20e-03 far R_S<=1.001992  [17s]
S=[2, 5, 11]: ess sup R=1.273212 (block A=0, t=eta/1+) pointwise sup=1.275025 | sup R^+=1.273212 [near A=0 (t/eta in (1/1,1/1))] | sup_(t<eta) R^+=1.129344 | |E_S| num=8.03e-06 an=2.19e-03 far R_S<=1.001985  [17s]
S=[2, 5, 13]: ess sup R=1.273243 (block A=0, t=eta/1+) pointwise sup=1.275056 | sup R^+=1.273243 [near A=0 (t/eta in (1/1,1/1))] | sup_(t<eta) R^+=1.129365 | |E_S| num=8.02e-06 an=2.19e-03 far R_S<=1.001984  [18s]
S=[2, 7, 11]: ess sup R=1.273844 (block A=0, t=eta/1+) pointwise sup=1.275567 | sup R^+=1.273844 [near A=0 (t/eta in (1/1,1/1))] | sup_(t<eta) R^+=1.129874 | |E_S| num=7.95e-06 an=2.17e-03 far R_S<=1.001968  [18s]
S=[2, 7, 13]: ess sup R=1.273875 (block A=0, t=eta/1+) pointwise sup=1.275597 | sup R^+=1.273875 [near A=0 (t/eta in (1/1,1/1))] | sup_(t<eta) R^+=1.129895 | |E_S| num=7.93e-06 an=2.17e-03 far R_S<=1.001967  [19s]
S=[2, 11, 13]: ess sup R=1.274016 (block A=0, t=eta/1+) pointwise sup=1.275739 | sup R^+=1.274016 [near A=0 (t/eta in (1/1,1/1))] | sup_(t<eta) R^+=1.130069 | |E_S| num=7.97e-06 an=2.16e-03 far R_S<=1.001961  [19s]
S=[3, 5, 7]: ess sup R=1.298915 (block A=0, t=eta/1+) pointwise sup=1.299821 | sup R^+=1.298915 [near A=0 (t/eta in (1/1,1/1))] | sup_(t<eta) R^+=1.143463 | |E_S| num=7.31e-06 an=1.84e-03 far R_S<=1.001666  [20s]
S=[3, 5, 11]: ess sup R=1.299042 (block A=0, t=eta/1+) pointwise sup=1.299948 | sup R^+=1.299042 [near A=0 (t/eta in (1/1,1/1))] | sup_(t<eta) R^+=1.143633 | |E_S| num=7.34e-06 an=1.83e-03 far R_S<=1.001661  [20s]
S=[3, 5, 13]: ess sup R=1.299073 (block A=0, t=eta/1+) pointwise sup=1.299980 | sup R^+=1.299073 [near A=0 (t/eta in (1/1,1/1))] | sup_(t<eta) R^+=1.143653 | |E_S| num=7.30e-06 an=1.83e-03 far R_S<=1.001660  [20s]
S=[3, 7, 11]: ess sup R=1.299647 (block A=0, t=eta/1+) pointwise sup=1.300508 | sup R^+=1.299647 [near A=0 (t/eta in (1/1,1/1))] | sup_(t<eta) R^+=1.144162 | |E_S| num=7.14e-06 an=1.82e-03 far R_S<=1.001646  [21s]
S=[3, 7, 13]: ess sup R=1.299678 (block A=0, t=eta/1+) pointwise sup=1.300539 | sup R^+=1.299678 [near A=0 (t/eta in (1/1,1/1))] | sup_(t<eta) R^+=1.144181 | |E_S| num=7.10e-06 an=1.82e-03 far R_S<=1.001646  [21s]
S=[3, 11, 13]: ess sup R=1.299806 (block A=0, t=eta/1+) pointwise sup=1.300667 | sup R^+=1.299806 [near A=0 (t/eta in (1/1,1/1))] | sup_(t<eta) R^+=1.144352 | |E_S| num=7.12e-06 an=1.81e-03 far R_S<=1.001640  [22s]
S=[5, 7, 11]: ess sup R=1.303831 (block A=0, t=eta/1+) pointwise sup=1.304738 | sup R^+=1.303831 [near A=0 (t/eta in (1/1,1/1))] | sup_(t<eta) R^+=1.148587 | |E_S| num=6.74e-06 an=1.72e-03 far R_S<=1.001559  [22s]
S=[5, 7, 13]: ess sup R=1.303863 (block A=0, t=eta/1+) pointwise sup=1.304769 | sup R^+=1.303863 [near A=0 (t/eta in (1/1,1/1))] | sup_(t<eta) R^+=1.148607 | |E_S| num=6.74e-06 an=1.72e-03 far R_S<=1.001559  [23s]
S=[5, 11, 13]: ess sup R=1.303992 (block A=0, t=eta/1+) pointwise sup=1.304898 | sup R^+=1.303992 [near A=0 (t/eta in (1/1,1/1))] | sup_(t<eta) R^+=1.148775 | |E_S| num=6.71e-06 an=1.71e-03 far R_S<=1.001553  [23s]
S=[7, 11, 13]: ess sup R=1.304588 (block A=0, t=eta/1+) pointwise sup=1.305449 | sup R^+=1.304588 [near A=0 (t/eta in (1/1,1/1))] | sup_(t<eta) R^+=1.149298 | |E_S| num=6.87e-06 an=1.70e-03 far R_S<=1.001540  [23s]
S=[2, 3, 5, 7]: ess sup R=1.267949 (block A=0, t=eta/1+) pointwise sup=1.269761 | sup R^+=1.267949 [near A=0 (t/eta in (1/1,1/1))] | sup_(t<eta) R^+=1.124135 | |E_S| num=7.88e-06 an=2.35e-03 far R_S<=1.002131  [24s]
S=[2, 3, 5, 11]: ess sup R=1.268088 (block A=0, t=eta/1+) pointwise sup=1.269900 | sup R^+=1.268088 [near A=0 (t/eta in (1/1,1/1))] | sup_(t<eta) R^+=1.124310 | |E_S| num=7.91e-06 an=2.34e-03 far R_S<=1.002124  [24s]
S=[2, 3, 5, 13]: ess sup R=1.268119 (block A=0, t=eta/1+) pointwise sup=1.269931 | sup R^+=1.268119 [near A=0 (t/eta in (1/1,1/1))] | sup_(t<eta) R^+=1.124331 | |E_S| num=7.94e-06 an=2.34e-03 far R_S<=1.002123  [25s]
S=[2, 3, 7, 11]: ess sup R=1.268728 (block A=0, t=eta/1+) pointwise sup=1.270450 | sup R^+=1.268728 [near A=0 (t/eta in (1/1,1/1))] | sup_(t<eta) R^+=1.124833 | |E_S| num=7.94e-06 an=2.32e-03 far R_S<=1.002105  [25s]
S=[2, 3, 7, 13]: ess sup R=1.268759 (block A=0, t=eta/1+) pointwise sup=1.270481 | sup R^+=1.268759 [near A=0 (t/eta in (1/1,1/1))] | sup_(t<eta) R^+=1.124854 | |E_S| num=7.97e-06 an=2.32e-03 far R_S<=1.002105  [26s]
S=[2, 3, 11, 13]: ess sup R=1.268898 (block A=0, t=eta/1+) pointwise sup=1.270620 | sup R^+=1.268898 [near A=0 (t/eta in (1/1,1/1))] | sup_(t<eta) R^+=1.125029 | |E_S| num=8.01e-06 an=2.31e-03 far R_S<=1.002098  [26s]
S=[2, 5, 7, 11]: ess sup R=1.273013 (block A=0, t=eta/1+) pointwise sup=1.274826 | sup R^+=1.273013 [near A=0 (t/eta in (1/1,1/1))] | sup_(t<eta) R^+=1.129130 | |E_S| num=8.03e-06 an=2.20e-03 far R_S<=1.001994  [26s]
S=[2, 5, 7, 13]: ess sup R=1.273044 (block A=0, t=eta/1+) pointwise sup=1.274857 | sup R^+=1.273044 [near A=0 (t/eta in (1/1,1/1))] | sup_(t<eta) R^+=1.129151 | |E_S| num=8.01e-06 an=2.20e-03 far R_S<=1.001993  [27s]
S=[2, 5, 11, 13]: ess sup R=1.273185 (block A=0, t=eta/1+) pointwise sup=1.274998 | sup R^+=1.273185 [near A=0 (t/eta in (1/1,1/1))] | sup_(t<eta) R^+=1.129324 | |E_S| num=8.05e-06 an=2.19e-03 far R_S<=1.001986  [27s]
S=[2, 7, 11, 13]: ess sup R=1.273817 (block A=0, t=eta/1+) pointwise sup=1.275539 | sup R^+=1.273817 [near A=0 (t/eta in (1/1,1/1))] | sup_(t<eta) R^+=1.129855 | |E_S| num=7.97e-06 an=2.17e-03 far R_S<=1.001969  [28s]
S=[3, 5, 7, 11]: ess sup R=1.298855 (block A=0, t=eta/1+) pointwise sup=1.299762 | sup R^+=1.298855 [near A=0 (t/eta in (1/1,1/1))] | sup_(t<eta) R^+=1.143427 | |E_S| num=7.34e-06 an=1.84e-03 far R_S<=1.001668  [28s]
S=[3, 5, 7, 13]: ess sup R=1.298887 (block A=0, t=eta/1+) pointwise sup=1.299793 | sup R^+=1.298887 [near A=0 (t/eta in (1/1,1/1))] | sup_(t<eta) R^+=1.143446 | |E_S| num=7.30e-06 an=1.84e-03 far R_S<=1.001667  [29s]
S=[3, 5, 11, 13]: ess sup R=1.299014 (block A=0, t=eta/1+) pointwise sup=1.299920 | sup R^+=1.299014 [near A=0 (t/eta in (1/1,1/1))] | sup_(t<eta) R^+=1.143617 | |E_S| num=7.32e-06 an=1.83e-03 far R_S<=1.001662  [29s]
S=[3, 7, 11, 13]: ess sup R=1.299619 (block A=0, t=eta/1+) pointwise sup=1.300480 | sup R^+=1.299619 [near A=0 (t/eta in (1/1,1/1))] | sup_(t<eta) R^+=1.144145 | |E_S| num=7.12e-06 an=1.82e-03 far R_S<=1.001647  [29s]
S=[5, 7, 11, 13]: ess sup R=1.303803 (block A=0, t=eta/1+) pointwise sup=1.304709 | sup R^+=1.303803 [near A=0 (t/eta in (1/1,1/1))] | sup_(t<eta) R^+=1.148570 | |E_S| num=6.75e-06 an=1.72e-03 far R_S<=1.001560  [30s]
S=[2, 3, 5, 7, 11]: ess sup R=1.267891 (block A=0, t=eta/1+) pointwise sup=1.269704 | sup R^+=1.267891 [near A=0 (t/eta in (1/1,1/1))] | sup_(t<eta) R^+=1.124094 | |E_S| num=7.85e-06 an=2.35e-03 far R_S<=1.002133  [30s]
S=[2, 3, 5, 7, 13]: ess sup R=1.267922 (block A=0, t=eta/1+) pointwise sup=1.269735 | sup R^+=1.267922 [near A=0 (t/eta in (1/1,1/1))] | sup_(t<eta) R^+=1.124116 | |E_S| num=7.89e-06 an=2.35e-03 far R_S<=1.002132  [31s]
S=[2, 3, 5, 11, 13]: ess sup R=1.268061 (block A=0, t=eta/1+) pointwise sup=1.269874 | sup R^+=1.268061 [near A=0 (t/eta in (1/1,1/1))] | sup_(t<eta) R^+=1.124291 | |E_S| num=7.92e-06 an=2.34e-03 far R_S<=1.002125  [31s]
S=[2, 3, 7, 11, 13]: ess sup R=1.268701 (block A=0, t=eta/1+) pointwise sup=1.270423 | sup R^+=1.268701 [near A=0 (t/eta in (1/1,1/1))] | sup_(t<eta) R^+=1.124814 | |E_S| num=7.95e-06 an=2.32e-03 far R_S<=1.002107  [32s]
S=[2, 5, 7, 11, 13]: ess sup R=1.272986 (block A=0, t=eta/1+) pointwise sup=1.274799 | sup R^+=1.272986 [near A=0 (t/eta in (1/1,1/1))] | sup_(t<eta) R^+=1.129110 | |E_S| num=8.04e-06 an=2.20e-03 far R_S<=1.001995  [32s]
S=[3, 5, 7, 11, 13]: ess sup R=1.298827 (block A=0, t=eta/1+) pointwise sup=1.299733 | sup R^+=1.298827 [near A=0 (t/eta in (1/1,1/1))] | sup_(t<eta) R^+=1.143410 | |E_S| num=7.32e-06 an=1.84e-03 far R_S<=1.001669  [32s]
S=[2, 3, 5, 7, 11, 13]: ess sup R=1.267864 (block A=0, t=eta/1+) pointwise sup=1.269677 | sup R^+=1.267864 [near A=0 (t/eta in (1/1,1/1))] | sup_(t<eta) R^+=1.124075 | |E_S| num=7.87e-06 an=2.35e-03 far R_S<=1.002134  [33s]
# SUMMARY kind=sharp eta=1/100: signed sup_(S1,t) R = 1.304866 (S=[]); max_(S1) sup R^+ = 1.304866 (S=[], near A=0 (t/eta in (1/1,1/1))); M=1.30487; slack=3.80e-05; C_T^+ <= 1.304904 -> 1.30491
#   sup over t<eta (mu^- region) of R^+ (max over S1) = 1.149557; pointwise sup R (S=[]) = 1.305727
# total time 33s
