# kind=sharp eta=1/1000 L=6.907755 I_w=6.907755 E in [0.479145339525,0.479145347241] c_empty=1.4107008037(+2.1e-07) NS=10000000 T1=NS/N0=10000 T2=1000000 delta=2e-05
# sieve to 10000000 done 2.3s
# G_inf = sum_{mu(r)=-1} 1/(r^2 phi(r)) <= 0.321141397539
# sanity R^m(x=1499.5) direct 0.09702685 <= U(A=1) 0.09702688
# sanity R^m(x=3700.0) direct 0.05052720 <= U(A=3) 0.05052722
# sanity R^m(x=50200.0) direct 0.04792878 <= U(A=50) 0.04792880
# I_m=0.26313504  eta^1/2 V_m<=1.301840  Rm_far(t<eta/T2)<=0.050041  max U on A in [1,T1)=0.097027 max U on [T1,T2]=0.048341  U(T2)=0.048331  C_G I_m/I_w=0.048331
S=[]: ess sup R=1.204189 (block A=0, t=eta/1+) pointwise sup=1.204247 | sup R^+=1.204189 [near A=0 (t/eta in (1/1,1/1))] | sup_(t<eta) R^+=1.099476 | |E_S| num=6.51e-05 an=1.69e-03 far R_S<=1.001020  [6s]
S=[2]: ess sup R=1.184074 (block A=0, t=eta/1+) pointwise sup=1.184189 | sup R^+=1.184074 [near A=0 (t/eta in (1/1,1/1))] | sup_(t<eta) R^+=1.086798 | |E_S| num=7.42e-05 an=2.16e-03 far R_S<=1.001305  [7s]
S=[3]: ess sup R=1.200751 (block A=0, t=eta/1+) pointwise sup=1.200808 | sup R^+=1.200751 [near A=0 (t/eta in (1/1,1/1))] | sup_(t<eta) R^+=1.096019 | |E_S| num=6.64e-05 an=1.81e-03 far R_S<=1.001092  [7s]
S=[5]: ess sup R=1.203695 (block A=0, t=eta/1+) pointwise sup=1.203756 | sup R^+=1.203695 [near A=0 (t/eta in (1/1,1/1))] | sup_(t<eta) R^+=1.098986 | |E_S| num=6.62e-05 an=1.71e-03 far R_S<=1.001034  [7s]
S=[7]: ess sup R=1.204050 (block A=0, t=eta/1+) pointwise sup=1.204107 | sup R^+=1.204050 [near A=0 (t/eta in (1/1,1/1))] | sup_(t<eta) R^+=1.099334 | |E_S| num=6.52e-05 an=1.70e-03 far R_S<=1.001025  [8s]
S=[11]: ess sup R=1.204163 (block A=0, t=eta/1+) pointwise sup=1.204220 | sup R^+=1.204163 [near A=0 (t/eta in (1/1,1/1))] | sup_(t<eta) R^+=1.099449 | |E_S| num=6.49e-05 an=1.69e-03 far R_S<=1.001022  [8s]
S=[13]: ess sup R=1.204175 (block A=0, t=eta/1+) pointwise sup=1.204232 | sup R^+=1.204175 [near A=0 (t/eta in (1/1,1/1))] | sup_(t<eta) R^+=1.099461 | |E_S| num=6.50e-05 an=1.69e-03 far R_S<=1.001021  [9s]
S=[2, 3]: ess sup R=1.180629 (block A=0, t=eta/1+) pointwise sup=1.180743 | sup R^+=1.180629 [near A=0 (t/eta in (1/1,1/1))] | sup_(t<eta) R^+=1.083349 | |E_S| num=7.89e-05 an=2.31e-03 far R_S<=1.001396  [9s]
S=[2, 5]: ess sup R=1.183578 (block A=0, t=eta/1+) pointwise sup=1.183698 | sup R^+=1.183578 [near A=0 (t/eta in (1/1,1/1))] | sup_(t<eta) R^+=1.086307 | |E_S| num=7.25e-05 an=2.19e-03 far R_S<=1.001322  [10s]
S=[2, 7]: ess sup R=1.183935 (block A=0, t=eta/1+) pointwise sup=1.184050 | sup R^+=1.183935 [near A=0 (t/eta in (1/1,1/1))] | sup_(t<eta) R^+=1.086659 | |E_S| num=7.46e-05 an=2.17e-03 far R_S<=1.001311  [10s]
S=[2, 11]: ess sup R=1.184048 (block A=0, t=eta/1+) pointwise sup=1.184163 | sup R^+=1.184048 [near A=0 (t/eta in (1/1,1/1))] | sup_(t<eta) R^+=1.086771 | |E_S| num=7.41e-05 an=2.16e-03 far R_S<=1.001306  [10s]
S=[2, 13]: ess sup R=1.184060 (block A=0, t=eta/1+) pointwise sup=1.184175 | sup R^+=1.184060 [near A=0 (t/eta in (1/1,1/1))] | sup_(t<eta) R^+=1.086784 | |E_S| num=7.40e-05 an=2.16e-03 far R_S<=1.001306  [11s]
S=[3, 5]: ess sup R=1.200256 (block A=0, t=eta/1+) pointwise sup=1.200317 | sup R^+=1.200256 [near A=0 (t/eta in (1/1,1/1))] | sup_(t<eta) R^+=1.095530 | |E_S| num=6.75e-05 an=1.83e-03 far R_S<=1.001106  [11s]
S=[3, 7]: ess sup R=1.200611 (block A=0, t=eta/1+) pointwise sup=1.200669 | sup R^+=1.200611 [near A=0 (t/eta in (1/1,1/1))] | sup_(t<eta) R^+=1.095877 | |E_S| num=6.66e-05 an=1.81e-03 far R_S<=1.001096  [12s]
S=[3, 11]: ess sup R=1.200724 (block A=0, t=eta/1+) pointwise sup=1.200782 | sup R^+=1.200724 [near A=0 (t/eta in (1/1,1/1))] | sup_(t<eta) R^+=1.095993 | |E_S| num=6.62e-05 an=1.81e-03 far R_S<=1.001093  [12s]
S=[3, 13]: ess sup R=1.200736 (block A=0, t=eta/1+) pointwise sup=1.200794 | sup R^+=1.200736 [near A=0 (t/eta in (1/1,1/1))] | sup_(t<eta) R^+=1.096005 | |E_S| num=6.62e-05 an=1.81e-03 far R_S<=1.001092  [13s]
S=[5, 7]: ess sup R=1.203555 (block A=0, t=eta/1+) pointwise sup=1.203616 | sup R^+=1.203555 [near A=0 (t/eta in (1/1,1/1))] | sup_(t<eta) R^+=1.098844 | |E_S| num=6.63e-05 an=1.72e-03 far R_S<=1.001038  [13s]
S=[5, 11]: ess sup R=1.203669 (block A=0, t=eta/1+) pointwise sup=1.203730 | sup R^+=1.203669 [near A=0 (t/eta in (1/1,1/1))] | sup_(t<eta) R^+=1.098960 | |E_S| num=6.60e-05 an=1.71e-03 far R_S<=1.001035  [13s]
S=[5, 13]: ess sup R=1.203681 (block A=0, t=eta/1+) pointwise sup=1.203741 | sup R^+=1.203681 [near A=0 (t/eta in (1/1,1/1))] | sup_(t<eta) R^+=1.098972 | |E_S| num=6.60e-05 an=1.71e-03 far R_S<=1.001034  [14s]
S=[7, 11]: ess sup R=1.204023 (block A=0, t=eta/1+) pointwise sup=1.204081 | sup R^+=1.204023 [near A=0 (t/eta in (1/1,1/1))] | sup_(t<eta) R^+=1.099307 | |E_S| num=6.50e-05 an=1.70e-03 far R_S<=1.001026  [14s]
S=[7, 13]: ess sup R=1.204035 (block A=0, t=eta/1+) pointwise sup=1.204093 | sup R^+=1.204035 [near A=0 (t/eta in (1/1,1/1))] | sup_(t<eta) R^+=1.099320 | |E_S| num=6.50e-05 an=1.70e-03 far R_S<=1.001026  [15s]
S=[11, 13]: ess sup R=1.204149 (block A=0, t=eta/1+) pointwise sup=1.204206 | sup R^+=1.204149 [near A=0 (t/eta in (1/1,1/1))] | sup_(t<eta) R^+=1.099435 | |E_S| num=6.47e-05 an=1.69e-03 far R_S<=1.001022  [15s]
S=[2, 3, 5]: ess sup R=1.180132 (block A=0, t=eta/1+) pointwise sup=1.180253 | sup R^+=1.180132 [near A=0 (t/eta in (1/1,1/1))] | sup_(t<eta) R^+=1.082859 | |E_S| num=7.74e-05 an=2.34e-03 far R_S<=1.001414  [16s]
S=[2, 3, 7]: ess sup R=1.180490 (block A=0, t=eta/1+) pointwise sup=1.180605 | sup R^+=1.180490 [near A=0 (t/eta in (1/1,1/1))] | sup_(t<eta) R^+=1.083210 | |E_S| num=7.93e-05 an=2.32e-03 far R_S<=1.001402  [16s]
S=[2, 3, 11]: ess sup R=1.180603 (block A=0, t=eta/1+) pointwise sup=1.180717 | sup R^+=1.180603 [near A=0 (t/eta in (1/1,1/1))] | sup_(t<eta) R^+=1.083323 | |E_S| num=7.88e-05 an=2.31e-03 far R_S<=1.001397  [16s]
S=[2, 3, 13]: ess sup R=1.180614 (block A=0, t=eta/1+) pointwise sup=1.180729 | sup R^+=1.180614 [near A=0 (t/eta in (1/1,1/1))] | sup_(t<eta) R^+=1.083335 | |E_S| num=7.87e-05 an=2.31e-03 far R_S<=1.001397  [17s]
S=[2, 5, 7]: ess sup R=1.183439 (block A=0, t=eta/1+) pointwise sup=1.183560 | sup R^+=1.183439 [near A=0 (t/eta in (1/1,1/1))] | sup_(t<eta) R^+=1.086168 | |E_S| num=7.28e-05 an=2.20e-03 far R_S<=1.001328  [17s]
S=[2, 5, 11]: ess sup R=1.183552 (block A=0, t=eta/1+) pointwise sup=1.183673 | sup R^+=1.183552 [near A=0 (t/eta in (1/1,1/1))] | sup_(t<eta) R^+=1.086281 | |E_S| num=7.23e-05 an=2.19e-03 far R_S<=1.001323  [18s]
S=[2, 5, 13]: ess sup R=1.183563 (block A=0, t=eta/1+) pointwise sup=1.183684 | sup R^+=1.183563 [near A=0 (t/eta in (1/1,1/1))] | sup_(t<eta) R^+=1.086293 | |E_S| num=7.23e-05 an=2.19e-03 far R_S<=1.001323  [18s]
S=[2, 7, 11]: ess sup R=1.183910 (block A=0, t=eta/1+) pointwise sup=1.184024 | sup R^+=1.183910 [near A=0 (t/eta in (1/1,1/1))] | sup_(t<eta) R^+=1.086632 | |E_S| num=7.44e-05 an=2.17e-03 far R_S<=1.001312  [18s]
S=[2, 7, 13]: ess sup R=1.183921 (block A=0, t=eta/1+) pointwise sup=1.184036 | sup R^+=1.183921 [near A=0 (t/eta in (1/1,1/1))] | sup_(t<eta) R^+=1.086645 | |E_S| num=7.44e-05 an=2.17e-03 far R_S<=1.001312  [19s]
S=[2, 11, 13]: ess sup R=1.184034 (block A=0, t=eta/1+) pointwise sup=1.184149 | sup R^+=1.184034 [near A=0 (t/eta in (1/1,1/1))] | sup_(t<eta) R^+=1.086757 | |E_S| num=7.39e-05 an=2.16e-03 far R_S<=1.001307  [19s]
S=[3, 5, 7]: ess sup R=1.200116 (block A=0, t=eta/1+) pointwise sup=1.200177 | sup R^+=1.200116 [near A=0 (t/eta in (1/1,1/1))] | sup_(t<eta) R^+=1.095388 | |E_S| num=6.77e-05 an=1.84e-03 far R_S<=1.001111  [20s]
S=[3, 5, 11]: ess sup R=1.200230 (block A=0, t=eta/1+) pointwise sup=1.200290 | sup R^+=1.200230 [near A=0 (t/eta in (1/1,1/1))] | sup_(t<eta) R^+=1.095503 | |E_S| num=6.74e-05 an=1.83e-03 far R_S<=1.001107  [20s]
S=[3, 5, 13]: ess sup R=1.200242 (block A=0, t=eta/1+) pointwise sup=1.200302 | sup R^+=1.200242 [near A=0 (t/eta in (1/1,1/1))] | sup_(t<eta) R^+=1.095515 | |E_S| num=6.73e-05 an=1.83e-03 far R_S<=1.001107  [21s]
S=[3, 7, 11]: ess sup R=1.200585 (block A=0, t=eta/1+) pointwise sup=1.200642 | sup R^+=1.200585 [near A=0 (t/eta in (1/1,1/1))] | sup_(t<eta) R^+=1.095851 | |E_S| num=6.65e-05 an=1.82e-03 far R_S<=1.001098  [21s]
S=[3, 7, 13]: ess sup R=1.200597 (block A=0, t=eta/1+) pointwise sup=1.200654 | sup R^+=1.200597 [near A=0 (t/eta in (1/1,1/1))] | sup_(t<eta) R^+=1.095863 | |E_S| num=6.64e-05 an=1.82e-03 far R_S<=1.001097  [21s]
S=[3, 11, 13]: ess sup R=1.200710 (block A=0, t=eta/1+) pointwise sup=1.200768 | sup R^+=1.200710 [near A=0 (t/eta in (1/1,1/1))] | sup_(t<eta) R^+=1.095978 | |E_S| num=6.60e-05 an=1.81e-03 far R_S<=1.001093  [22s]
S=[5, 7, 11]: ess sup R=1.203529 (block A=0, t=eta/1+) pointwise sup=1.203590 | sup R^+=1.203529 [near A=0 (t/eta in (1/1,1/1))] | sup_(t<eta) R^+=1.098818 | |E_S| num=6.61e-05 an=1.72e-03 far R_S<=1.001039  [22s]
S=[5, 7, 13]: ess sup R=1.203541 (block A=0, t=eta/1+) pointwise sup=1.203602 | sup R^+=1.203541 [near A=0 (t/eta in (1/1,1/1))] | sup_(t<eta) R^+=1.098830 | |E_S| num=6.61e-05 an=1.72e-03 far R_S<=1.001039  [23s]
S=[5, 11, 13]: ess sup R=1.203655 (block A=0, t=eta/1+) pointwise sup=1.203715 | sup R^+=1.203655 [near A=0 (t/eta in (1/1,1/1))] | sup_(t<eta) R^+=1.098945 | |E_S| num=6.58e-05 an=1.71e-03 far R_S<=1.001036  [23s]
S=[7, 11, 13]: ess sup R=1.204009 (block A=0, t=eta/1+) pointwise sup=1.204067 | sup R^+=1.204009 [near A=0 (t/eta in (1/1,1/1))] | sup_(t<eta) R^+=1.099293 | |E_S| num=6.48e-05 an=1.70e-03 far R_S<=1.001027  [24s]
S=[2, 3, 5, 7]: ess sup R=1.179993 (block A=0, t=eta/1+) pointwise sup=1.180114 | sup R^+=1.179993 [near A=0 (t/eta in (1/1,1/1))] | sup_(t<eta) R^+=1.082720 | |E_S| num=7.78e-05 an=2.35e-03 far R_S<=1.001421  [24s]
S=[2, 3, 5, 11]: ess sup R=1.180106 (block A=0, t=eta/1+) pointwise sup=1.180227 | sup R^+=1.180106 [near A=0 (t/eta in (1/1,1/1))] | sup_(t<eta) R^+=1.082833 | |E_S| num=7.73e-05 an=2.34e-03 far R_S<=1.001416  [24s]
S=[2, 3, 5, 13]: ess sup R=1.180117 (block A=0, t=eta/1+) pointwise sup=1.180238 | sup R^+=1.180117 [near A=0 (t/eta in (1/1,1/1))] | sup_(t<eta) R^+=1.082845 | |E_S| num=7.72e-05 an=2.34e-03 far R_S<=1.001415  [25s]
S=[2, 3, 7, 11]: ess sup R=1.180464 (block A=0, t=eta/1+) pointwise sup=1.180579 | sup R^+=1.180464 [near A=0 (t/eta in (1/1,1/1))] | sup_(t<eta) R^+=1.083183 | |E_S| num=7.92e-05 an=2.32e-03 far R_S<=1.001404  [25s]
S=[2, 3, 7, 13]: ess sup R=1.180476 (block A=0, t=eta/1+) pointwise sup=1.180591 | sup R^+=1.180476 [near A=0 (t/eta in (1/1,1/1))] | sup_(t<eta) R^+=1.083196 | |E_S| num=7.91e-05 an=2.32e-03 far R_S<=1.001403  [26s]
S=[2, 3, 11, 13]: ess sup R=1.180588 (block A=0, t=eta/1+) pointwise sup=1.180703 | sup R^+=1.180588 [near A=0 (t/eta in (1/1,1/1))] | sup_(t<eta) R^+=1.083309 | |E_S| num=7.85e-05 an=2.31e-03 far R_S<=1.001398  [26s]
S=[2, 5, 7, 11]: ess sup R=1.183413 (block A=0, t=eta/1+) pointwise sup=1.183534 | sup R^+=1.183413 [near A=0 (t/eta in (1/1,1/1))] | sup_(t<eta) R^+=1.086142 | |E_S| num=7.27e-05 an=2.20e-03 far R_S<=1.001329  [27s]
S=[2, 5, 7, 13]: ess sup R=1.183425 (block A=0, t=eta/1+) pointwise sup=1.183545 | sup R^+=1.183425 [near A=0 (t/eta in (1/1,1/1))] | sup_(t<eta) R^+=1.086154 | |E_S| num=7.26e-05 an=2.20e-03 far R_S<=1.001329  [27s]
S=[2, 5, 11, 13]: ess sup R=1.183538 (block A=0, t=eta/1+) pointwise sup=1.183658 | sup R^+=1.183538 [near A=0 (t/eta in (1/1,1/1))] | sup_(t<eta) R^+=1.086267 | |E_S| num=7.21e-05 an=2.19e-03 far R_S<=1.001324  [27s]
S=[2, 7, 11, 13]: ess sup R=1.183895 (block A=0, t=eta/1+) pointwise sup=1.184010 | sup R^+=1.183895 [near A=0 (t/eta in (1/1,1/1))] | sup_(t<eta) R^+=1.086618 | |E_S| num=7.42e-05 an=2.17e-03 far R_S<=1.001313  [28s]
S=[3, 5, 7, 11]: ess sup R=1.200090 (block A=0, t=eta/1+) pointwise sup=1.200151 | sup R^+=1.200090 [near A=0 (t/eta in (1/1,1/1))] | sup_(t<eta) R^+=1.095361 | |E_S| num=6.76e-05 an=1.84e-03 far R_S<=1.001112  [28s]
S=[3, 5, 7, 13]: ess sup R=1.200102 (block A=0, t=eta/1+) pointwise sup=1.200163 | sup R^+=1.200102 [near A=0 (t/eta in (1/1,1/1))] | sup_(t<eta) R^+=1.095373 | |E_S| num=6.75e-05 an=1.84e-03 far R_S<=1.001111  [29s]
S=[3, 5, 11, 13]: ess sup R=1.200216 (block A=0, t=eta/1+) pointwise sup=1.200276 | sup R^+=1.200216 [near A=0 (t/eta in (1/1,1/1))] | sup_(t<eta) R^+=1.095489 | |E_S| num=6.71e-05 an=1.83e-03 far R_S<=1.001108  [29s]
S=[3, 7, 11, 13]: ess sup R=1.200571 (block A=0, t=eta/1+) pointwise sup=1.200628 | sup R^+=1.200571 [near A=0 (t/eta in (1/1,1/1))] | sup_(t<eta) R^+=1.095836 | |E_S| num=6.62e-05 an=1.82e-03 far R_S<=1.001098  [30s]
S=[5, 7, 11, 13]: ess sup R=1.203515 (block A=0, t=eta/1+) pointwise sup=1.203576 | sup R^+=1.203515 [near A=0 (t/eta in (1/1,1/1))] | sup_(t<eta) R^+=1.098803 | |E_S| num=6.59e-05 an=1.72e-03 far R_S<=1.001040  [30s]
S=[2, 3, 5, 7, 11]: ess sup R=1.179967 (block A=0, t=eta/1+) pointwise sup=1.180088 | sup R^+=1.179967 [near A=0 (t/eta in (1/1,1/1))] | sup_(t<eta) R^+=1.082693 | |E_S| num=7.77e-05 an=2.35e-03 far R_S<=1.001422  [30s]
S=[2, 3, 5, 7, 13]: ess sup R=1.179979 (block A=0, t=eta/1+) pointwise sup=1.180100 | sup R^+=1.179979 [near A=0 (t/eta in (1/1,1/1))] | sup_(t<eta) R^+=1.082706 | |E_S| num=7.76e-05 an=2.35e-03 far R_S<=1.001421  [31s]
S=[2, 3, 5, 11, 13]: ess sup R=1.180091 (block A=0, t=eta/1+) pointwise sup=1.180212 | sup R^+=1.180091 [near A=0 (t/eta in (1/1,1/1))] | sup_(t<eta) R^+=1.082819 | |E_S| num=7.71e-05 an=2.34e-03 far R_S<=1.001417  [31s]
S=[2, 3, 7, 11, 13]: ess sup R=1.180450 (block A=0, t=eta/1+) pointwise sup=1.180565 | sup R^+=1.180450 [near A=0 (t/eta in (1/1,1/1))] | sup_(t<eta) R^+=1.083169 | |E_S| num=7.89e-05 an=2.32e-03 far R_S<=1.001405  [32s]
S=[2, 5, 7, 11, 13]: ess sup R=1.183399 (block A=0, t=eta/1+) pointwise sup=1.183520 | sup R^+=1.183399 [near A=0 (t/eta in (1/1,1/1))] | sup_(t<eta) R^+=1.086128 | |E_S| num=7.25e-05 an=2.20e-03 far R_S<=1.001330  [32s]
S=[3, 5, 7, 11, 13]: ess sup R=1.200076 (block A=0, t=eta/1+) pointwise sup=1.200136 | sup R^+=1.200076 [near A=0 (t/eta in (1/1,1/1))] | sup_(t<eta) R^+=1.095347 | |E_S| num=6.73e-05 an=1.84e-03 far R_S<=1.001113  [33s]
S=[2, 3, 5, 7, 11, 13]: ess sup R=1.179953 (block A=0, t=eta/1+) pointwise sup=1.180074 | sup R^+=1.179953 [near A=0 (t/eta in (1/1,1/1))] | sup_(t<eta) R^+=1.082679 | |E_S| num=7.75e-05 an=2.35e-03 far R_S<=1.001423  [33s]
# SUMMARY kind=sharp eta=1/1000: signed sup_(S1,t) R = 1.204189 (S=[]); max_(S1) sup R^+ = 1.204189 (S=[], near A=0 (t/eta in (1/1,1/1))); M=1.20419; slack=3.51e-05; C_T^+ <= 1.204224 -> 1.20423
#   sup over t<eta (mu^- region) of R^+ (max over S1) = 1.099476; pointwise sup R (S=[]) = 1.204247
# total time 33s
