# kind=lsmooth eta=1/10000 L=9.210340 I_w=4.605170 E in [0.479145339525,0.479145347241] c_empty=1.4107008037(+2.1e-07) NS=10000000 T1=NS/N0=1000 T2=1000000 delta=2e-05
# sieve to 10000000 done 2.4s
# G_inf = sum_{mu(r)=-1} 1/(r^2 phi(r)) <= 0.321141397539
# zeroed 1 grid values of mtU below proved support (max 2.92e-14)
# mt^U: sup=3.586661e-02 at u/eta=1.3862; support (grid) y in [8.2377,23.0259] i.e. u/eta <= 2.6450; proved support y >= L - ystar = 7.4440 (u/eta <= 5.8494)
# R^m: sup over x<=T2 N0 = 1.655896e-02 at t/eta=1.2098; I_m<=3.624728e-02 (C_G I_m/I_w=9.99e-03); eta^1/2 V_m<=1.5644; Rm_far<=1.306802e-02; K=5849740  [5s]
S=[]: sup R^U=1.043273 at t/eta=9.8428 (R^m there 7.16e-19) | sup R^+=1.043273 [near t/eta=9.8428] | sup_(t<3eta) R^+=1.014599 sup_(t<eta) R^+=1.014599 | |E_S| num=5.97e-04 an=1.69e-03 far R_S<=1.001531 [6s]
S=[2]: sup R^U=1.027566 at t/eta=7.9976 (R^m there 0.00e+00) | sup R^+=1.027566 [near t/eta=7.9976] | sup_(t<3eta) R^+=1.015026 sup_(t<eta) R^+=1.015026 | |E_S| num=6.99e-04 an=2.16e-03 far R_S<=1.001958 [6s]
S=[3]: sup R^U=1.039524 at t/eta=9.5332 (R^m there 1.07e-18) | sup R^+=1.039524 [near t/eta=9.5332] | sup_(t<3eta) R^+=1.014705 sup_(t<eta) R^+=1.014705 | |E_S| num=6.24e-04 an=1.81e-03 far R_S<=1.001637 [7s]
S=[5]: sup R^U=1.042572 at t/eta=9.8121 (R^m there 0.00e+00) | sup R^+=1.042572 [near t/eta=9.8121] | sup_(t<3eta) R^+=1.014619 sup_(t<eta) R^+=1.014619 | |E_S| num=6.07e-04 an=1.71e-03 far R_S<=1.001551 [8s]
S=[7]: sup R^U=1.043051 at t/eta=9.8385 (R^m there 1.43e-18) | sup R^+=1.043051 [near t/eta=9.8385] | sup_(t<3eta) R^+=1.014605 sup_(t<eta) R^+=1.014605 | |E_S| num=5.98e-04 an=1.70e-03 far R_S<=1.001537 [8s]
S=[11]: sup R^U=1.043230 at t/eta=9.8428 (R^m there 7.16e-19) | sup R^+=1.043230 [near t/eta=9.8428] | sup_(t<3eta) R^+=1.014600 sup_(t<eta) R^+=1.014600 | |E_S| num=5.97e-04 an=1.69e-03 far R_S<=1.001532 [9s]
S=[13]: sup R^U=1.043250 at t/eta=9.8428 (R^m there 7.16e-19) | sup R^+=1.043250 [near t/eta=9.8428] | sup_(t<3eta) R^+=1.014600 sup_(t<eta) R^+=1.014600 | |E_S| num=5.97e-04 an=1.69e-03 far R_S<=1.001532 [10s]
S=[2, 3]: sup R^U=1.024152 at t/eta=7.7065 (R^m there 0.00e+00) | sup R^+=1.024152 [near t/eta=7.7065] | sup_(t<3eta) R^+=1.015162 sup_(t<eta) R^+=1.015162 | |E_S| num=7.01e-04 an=2.31e-03 far R_S<=1.002094 [10s]
S=[2, 5]: sup R^U=1.026915 at t/eta=7.9661 (R^m there 0.00e+00) | sup R^+=1.026915 [near t/eta=7.9661] | sup_(t<3eta) R^+=1.015051 sup_(t<eta) R^+=1.015051 | |E_S| num=7.07e-04 an=2.19e-03 far R_S<=1.001983 [11s]
S=[2, 7]: sup R^U=1.027357 at t/eta=7.9918 (R^m there 0.00e+00) | sup R^+=1.027357 [near t/eta=7.9918] | sup_(t<3eta) R^+=1.015034 sup_(t<eta) R^+=1.015034 | |E_S| num=6.97e-04 an=2.17e-03 far R_S<=1.001966 [12s]
S=[2, 11]: sup R^U=1.027524 at t/eta=7.9974 (R^m there 0.00e+00) | sup R^+=1.027524 [near t/eta=7.9974] | sup_(t<3eta) R^+=1.015028 sup_(t<eta) R^+=1.015028 | |E_S| num=6.98e-04 an=2.16e-03 far R_S<=1.001960 [12s]
S=[2, 13]: sup R^U=1.027544 at t/eta=7.9978 (R^m there 0.00e+00) | sup R^+=1.027544 [near t/eta=7.9978] | sup_(t<3eta) R^+=1.015027 sup_(t<eta) R^+=1.015027 | |E_S| num=6.99e-04 an=2.16e-03 far R_S<=1.001959 [13s]
S=[3, 5]: sup R^U=1.038834 at t/eta=9.5020 (R^m there 0.00e+00) | sup R^+=1.038834 [near t/eta=9.5020] | sup_(t<3eta) R^+=1.014727 sup_(t<eta) R^+=1.014727 | |E_S| num=6.19e-04 an=1.83e-03 far R_S<=1.001659 [14s]
S=[3, 7]: sup R^U=1.039305 at t/eta=9.5282 (R^m there 7.16e-19) | sup R^+=1.039305 [near t/eta=9.5282] | sup_(t<3eta) R^+=1.014713 sup_(t<eta) R^+=1.014713 | |E_S| num=6.20e-04 an=1.81e-03 far R_S<=1.001645 [14s]
S=[3, 11]: sup R^U=1.039482 at t/eta=9.5332 (R^m there 1.07e-18) | sup R^+=1.039482 [near t/eta=9.5332] | sup_(t<3eta) R^+=1.014707 sup_(t<eta) R^+=1.014707 | |E_S| num=6.23e-04 an=1.81e-03 far R_S<=1.001639 [15s]
S=[3, 13]: sup R^U=1.039502 at t/eta=9.5332 (R^m there 1.07e-18) | sup R^+=1.039502 [near t/eta=9.5332] | sup_(t<3eta) R^+=1.014706 sup_(t<eta) R^+=1.014706 | |E_S| num=6.24e-04 an=1.81e-03 far R_S<=1.001638 [16s]
S=[5, 7]: sup R^U=1.042351 at t/eta=9.8068 (R^m there 2.15e-18) | sup R^+=1.042351 [near t/eta=9.8068] | sup_(t<3eta) R^+=1.014626 sup_(t<eta) R^+=1.014626 | |E_S| num=6.09e-04 an=1.72e-03 far R_S<=1.001558 [16s]
S=[5, 11]: sup R^U=1.042530 at t/eta=9.8123 (R^m there 3.58e-18) | sup R^+=1.042530 [near t/eta=9.8123] | sup_(t<3eta) R^+=1.014620 sup_(t<eta) R^+=1.014620 | |E_S| num=6.07e-04 an=1.71e-03 far R_S<=1.001552 [17s]
S=[5, 13]: sup R^U=1.042550 at t/eta=9.8125 (R^m there 1.07e-18) | sup R^+=1.042550 [near t/eta=9.8125] | sup_(t<3eta) R^+=1.014620 sup_(t<eta) R^+=1.014620 | |E_S| num=6.08e-04 an=1.71e-03 far R_S<=1.001552 [18s]
S=[7, 11]: sup R^U=1.043008 at t/eta=9.8385 (R^m there 1.43e-18) | sup R^+=1.043008 [near t/eta=9.8385] | sup_(t<3eta) R^+=1.014607 sup_(t<eta) R^+=1.014607 | |E_S| num=5.98e-04 an=1.70e-03 far R_S<=1.001539 [18s]
S=[7, 13]: sup R^U=1.043029 at t/eta=9.8387 (R^m there 0.00e+00) | sup R^+=1.043029 [near t/eta=9.8387] | sup_(t<3eta) R^+=1.014606 sup_(t<eta) R^+=1.014606 | |E_S| num=5.98e-04 an=1.70e-03 far R_S<=1.001538 [19s]
S=[11, 13]: sup R^U=1.043207 at t/eta=9.8428 (R^m there 7.16e-19) | sup R^+=1.043207 [near t/eta=9.8428] | sup_(t<3eta) R^+=1.014601 sup_(t<eta) R^+=1.014601 | |E_S| num=5.97e-04 an=1.69e-03 far R_S<=1.001533 [20s]
S=[2, 3, 5]: sup R^U=1.023512 at t/eta=7.6748 (R^m there 0.00e+00) | sup R^+=1.023512 [near t/eta=7.6748] | sup_(t<3eta) R^+=1.015189 sup_(t<eta) R^+=1.015189 | |E_S| num=7.10e-04 an=2.34e-03 far R_S<=1.002121 [20s]
S=[2, 3, 7]: sup R^U=1.023946 at t/eta=7.7005 (R^m there 0.00e+00) | sup R^+=1.023946 [near t/eta=7.7005] | sup_(t<3eta) R^+=1.015171 sup_(t<eta) R^+=1.015171 | |E_S| num=6.98e-04 an=2.32e-03 far R_S<=1.002103 [21s]
S=[2, 3, 11]: sup R^U=1.024111 at t/eta=7.7063 (R^m there 0.00e+00) | sup R^+=1.024111 [near t/eta=7.7063] | sup_(t<3eta) R^+=1.015164 sup_(t<eta) R^+=1.015164 | |E_S| num=7.00e-04 an=2.31e-03 far R_S<=1.002096 [21s]
S=[2, 3, 13]: sup R^U=1.024130 at t/eta=7.7065 (R^m there 0.00e+00) | sup R^+=1.024130 [near t/eta=7.7065] | sup_(t<3eta) R^+=1.015163 sup_(t<eta) R^+=1.015163 | |E_S| num=7.01e-04 an=2.31e-03 far R_S<=1.002095 [22s]
S=[2, 5, 7]: sup R^U=1.026706 at t/eta=7.9604 (R^m there 0.00e+00) | sup R^+=1.026706 [near t/eta=7.9604] | sup_(t<3eta) R^+=1.015060 sup_(t<eta) R^+=1.015060 | |E_S| num=7.06e-04 an=2.20e-03 far R_S<=1.001992 [23s]
S=[2, 5, 11]: sup R^U=1.026873 at t/eta=7.9661 (R^m there 0.00e+00) | sup R^+=1.026873 [near t/eta=7.9661] | sup_(t<3eta) R^+=1.015053 sup_(t<eta) R^+=1.015053 | |E_S| num=7.06e-04 an=2.19e-03 far R_S<=1.001985 [24s]
S=[2, 5, 13]: sup R^U=1.026893 at t/eta=7.9663 (R^m there 0.00e+00) | sup R^+=1.026893 [near t/eta=7.9663] | sup_(t<3eta) R^+=1.015052 sup_(t<eta) R^+=1.015052 | |E_S| num=7.08e-04 an=2.19e-03 far R_S<=1.001984 [24s]
S=[2, 7, 11]: sup R^U=1.027316 at t/eta=7.9917 (R^m there 0.00e+00) | sup R^+=1.027316 [near t/eta=7.9917] | sup_(t<3eta) R^+=1.015036 sup_(t<eta) R^+=1.015036 | |E_S| num=6.96e-04 an=2.17e-03 far R_S<=1.001968 [25s]
S=[2, 7, 13]: sup R^U=1.027335 at t/eta=7.9920 (R^m there 0.00e+00) | sup R^+=1.027335 [near t/eta=7.9920] | sup_(t<3eta) R^+=1.015035 sup_(t<eta) R^+=1.015035 | |E_S| num=6.97e-04 an=2.17e-03 far R_S<=1.001967 [25s]
S=[2, 11, 13]: sup R^U=1.027502 at t/eta=7.9976 (R^m there 0.00e+00) | sup R^+=1.027502 [near t/eta=7.9976] | sup_(t<3eta) R^+=1.015029 sup_(t<eta) R^+=1.015029 | |E_S| num=6.98e-04 an=2.16e-03 far R_S<=1.001961 [26s]
S=[3, 5, 7]: sup R^U=1.038615 at t/eta=9.4967 (R^m there 0.00e+00) | sup R^+=1.038615 [near t/eta=9.4967] | sup_(t<3eta) R^+=1.014734 sup_(t<eta) R^+=1.014734 | |E_S| num=6.23e-04 an=1.84e-03 far R_S<=1.001666 [27s]
S=[3, 5, 11]: sup R^U=1.038792 at t/eta=9.5022 (R^m there 0.00e+00) | sup R^+=1.038792 [near t/eta=9.5022] | sup_(t<3eta) R^+=1.014729 sup_(t<eta) R^+=1.014729 | |E_S| num=6.17e-04 an=1.83e-03 far R_S<=1.001661 [27s]
S=[3, 5, 13]: sup R^U=1.038812 at t/eta=9.5024 (R^m there 0.00e+00) | sup R^+=1.038812 [near t/eta=9.5024] | sup_(t<3eta) R^+=1.014728 sup_(t<eta) R^+=1.014728 | |E_S| num=6.18e-04 an=1.83e-03 far R_S<=1.001660 [28s]
S=[3, 7, 11]: sup R^U=1.039263 at t/eta=9.5284 (R^m there 2.50e-18) | sup R^+=1.039263 [near t/eta=9.5284] | sup_(t<3eta) R^+=1.014714 sup_(t<eta) R^+=1.014714 | |E_S| num=6.23e-04 an=1.82e-03 far R_S<=1.001646 [29s]
S=[3, 7, 13]: sup R^U=1.039283 at t/eta=9.5286 (R^m there 2.15e-18) | sup R^+=1.039283 [near t/eta=9.5286] | sup_(t<3eta) R^+=1.014714 sup_(t<eta) R^+=1.014714 | |E_S| num=6.21e-04 an=1.82e-03 far R_S<=1.001646 [29s]
S=[3, 11, 13]: sup R^U=1.039459 at t/eta=9.5332 (R^m there 1.07e-18) | sup R^+=1.039459 [near t/eta=9.5332] | sup_(t<3eta) R^+=1.014708 sup_(t<eta) R^+=1.014708 | |E_S| num=6.23e-04 an=1.81e-03 far R_S<=1.001640 [30s]
S=[5, 7, 11]: sup R^U=1.042309 at t/eta=9.8070 (R^m there 2.50e-18) | sup R^+=1.042309 [near t/eta=9.8070] | sup_(t<3eta) R^+=1.014627 sup_(t<eta) R^+=1.014627 | |E_S| num=6.09e-04 an=1.72e-03 far R_S<=1.001559 [31s]
S=[5, 7, 13]: sup R^U=1.042329 at t/eta=9.8072 (R^m there 0.00e+00) | sup R^+=1.042329 [near t/eta=9.8072] | sup_(t<3eta) R^+=1.014627 sup_(t<eta) R^+=1.014627 | |E_S| num=6.09e-04 an=1.72e-03 far R_S<=1.001559 [31s]
S=[5, 11, 13]: sup R^U=1.042507 at t/eta=9.8125 (R^m there 1.07e-18) | sup R^+=1.042507 [near t/eta=9.8125] | sup_(t<3eta) R^+=1.014621 sup_(t<eta) R^+=1.014621 | |E_S| num=6.08e-04 an=1.71e-03 far R_S<=1.001553 [32s]
S=[7, 11, 13]: sup R^U=1.042986 at t/eta=9.8389 (R^m there 0.00e+00) | sup R^+=1.042986 [near t/eta=9.8389] | sup_(t<3eta) R^+=1.014608 sup_(t<eta) R^+=1.014608 | |E_S| num=5.98e-04 an=1.70e-03 far R_S<=1.001540 [33s]
S=[2, 3, 5, 7]: sup R^U=1.023306 at t/eta=7.6686 (R^m there 1.79e-18) | sup R^+=1.023306 [near t/eta=7.6686] | sup_(t<3eta) R^+=1.015199 sup_(t<eta) R^+=1.015199 | |E_S| num=7.08e-04 an=2.35e-03 far R_S<=1.002131 [33s]
S=[2, 3, 5, 11]: sup R^U=1.023471 at t/eta=7.6745 (R^m there 0.00e+00) | sup R^+=1.023471 [near t/eta=7.6745] | sup_(t<3eta) R^+=1.015192 sup_(t<eta) R^+=1.015192 | |E_S| num=7.09e-04 an=2.34e-03 far R_S<=1.002124 [34s]
S=[2, 3, 5, 13]: sup R^U=1.023490 at t/eta=7.6748 (R^m there 0.00e+00) | sup R^+=1.023490 [near t/eta=7.6748] | sup_(t<3eta) R^+=1.015191 sup_(t<eta) R^+=1.015191 | |E_S| num=7.10e-04 an=2.34e-03 far R_S<=1.002123 [35s]
S=[2, 3, 7, 11]: sup R^U=1.023905 at t/eta=7.7003 (R^m there 0.00e+00) | sup R^+=1.023905 [near t/eta=7.7003] | sup_(t<3eta) R^+=1.015173 sup_(t<eta) R^+=1.015173 | |E_S| num=6.98e-04 an=2.32e-03 far R_S<=1.002105 [35s]
S=[2, 3, 7, 13]: sup R^U=1.023924 at t/eta=7.7006 (R^m there 2.86e-18) | sup R^+=1.023924 [near t/eta=7.7006] | sup_(t<3eta) R^+=1.015173 sup_(t<eta) R^+=1.015173 | |E_S| num=6.99e-04 an=2.32e-03 far R_S<=1.002105 [36s]
S=[2, 3, 11, 13]: sup R^U=1.024090 at t/eta=7.7063 (R^m there 0.00e+00) | sup R^+=1.024090 [near t/eta=7.7063] | sup_(t<3eta) R^+=1.015166 sup_(t<eta) R^+=1.015166 | |E_S| num=7.01e-04 an=2.31e-03 far R_S<=1.002098 [37s]
S=[2, 5, 7, 11]: sup R^U=1.026665 at t/eta=7.9602 (R^m there 0.00e+00) | sup R^+=1.026665 [near t/eta=7.9602] | sup_(t<3eta) R^+=1.015062 sup_(t<eta) R^+=1.015062 | |E_S| num=7.05e-04 an=2.20e-03 far R_S<=1.001994 [38s]
S=[2, 5, 7, 13]: sup R^U=1.026684 at t/eta=7.9606 (R^m there 2.50e-18) | sup R^+=1.026684 [near t/eta=7.9606] | sup_(t<3eta) R^+=1.015061 sup_(t<eta) R^+=1.015061 | |E_S| num=7.06e-04 an=2.20e-03 far R_S<=1.001993 [38s]
S=[2, 5, 11, 13]: sup R^U=1.026851 at t/eta=7.9661 (R^m there 0.00e+00) | sup R^+=1.026851 [near t/eta=7.9661] | sup_(t<3eta) R^+=1.015054 sup_(t<eta) R^+=1.015054 | |E_S| num=7.07e-04 an=2.19e-03 far R_S<=1.001986 [39s]
S=[2, 7, 11, 13]: sup R^U=1.027294 at t/eta=7.9918 (R^m there 0.00e+00) | sup R^+=1.027294 [near t/eta=7.9918] | sup_(t<3eta) R^+=1.015037 sup_(t<eta) R^+=1.015037 | |E_S| num=6.96e-04 an=2.17e-03 far R_S<=1.001969 [40s]
S=[3, 5, 7, 11]: sup R^U=1.038573 at t/eta=9.4967 (R^m there 0.00e+00) | sup R^+=1.038573 [near t/eta=9.4967] | sup_(t<3eta) R^+=1.014736 sup_(t<eta) R^+=1.014736 | |E_S| num=6.22e-04 an=1.84e-03 far R_S<=1.001668 [40s]
S=[3, 5, 7, 13]: sup R^U=1.038593 at t/eta=9.4969 (R^m there 0.00e+00) | sup R^+=1.038593 [near t/eta=9.4969] | sup_(t<3eta) R^+=1.014735 sup_(t<eta) R^+=1.014735 | |E_S| num=6.23e-04 an=1.84e-03 far R_S<=1.001667 [41s]
S=[3, 5, 11, 13]: sup R^U=1.038769 at t/eta=9.5024 (R^m there 0.00e+00) | sup R^+=1.038769 [near t/eta=9.5024] | sup_(t<3eta) R^+=1.014730 sup_(t<eta) R^+=1.014730 | |E_S| num=6.17e-04 an=1.83e-03 far R_S<=1.001662 [42s]
S=[3, 7, 11, 13]: sup R^U=1.039240 at t/eta=9.5286 (R^m there 2.15e-18) | sup R^+=1.039240 [near t/eta=9.5286] | sup_(t<3eta) R^+=1.014715 sup_(t<eta) R^+=1.014715 | |E_S| num=6.24e-04 an=1.82e-03 far R_S<=1.001647 [42s]
S=[5, 7, 11, 13]: sup R^U=1.042286 at t/eta=9.8072 (R^m there 0.00e+00) | sup R^+=1.042286 [near t/eta=9.8072] | sup_(t<3eta) R^+=1.014628 sup_(t<eta) R^+=1.014628 | |E_S| num=6.09e-04 an=1.72e-03 far R_S<=1.001560 [43s]
S=[2, 3, 5, 7, 11]: sup R^U=1.023265 at t/eta=7.6685 (R^m there 0.00e+00) | sup R^+=1.023265 [near t/eta=7.6685] | sup_(t<3eta) R^+=1.015201 sup_(t<eta) R^+=1.015201 | |E_S| num=7.08e-04 an=2.35e-03 far R_S<=1.002133 [44s]
S=[2, 3, 5, 7, 13]: sup R^U=1.023284 at t/eta=7.6688 (R^m there 0.00e+00) | sup R^+=1.023284 [near t/eta=7.6688] | sup_(t<3eta) R^+=1.015200 sup_(t<eta) R^+=1.015200 | |E_S| num=7.09e-04 an=2.35e-03 far R_S<=1.002132 [44s]
S=[2, 3, 5, 11, 13]: sup R^U=1.023449 at t/eta=7.6746 (R^m there 0.00e+00) | sup R^+=1.023449 [near t/eta=7.6746] | sup_(t<3eta) R^+=1.015193 sup_(t<eta) R^+=1.015193 | |E_S| num=7.10e-04 an=2.34e-03 far R_S<=1.002125 [45s]
S=[2, 3, 7, 11, 13]: sup R^U=1.023883 at t/eta=7.7005 (R^m there 0.00e+00) | sup R^+=1.023883 [near t/eta=7.7005] | sup_(t<3eta) R^+=1.015175 sup_(t<eta) R^+=1.015175 | |E_S| num=6.98e-04 an=2.32e-03 far R_S<=1.002107 [46s]
S=[2, 5, 7, 11, 13]: sup R^U=1.026643 at t/eta=7.9604 (R^m there 0.00e+00) | sup R^+=1.026643 [near t/eta=7.9604] | sup_(t<3eta) R^+=1.015063 sup_(t<eta) R^+=1.015063 | |E_S| num=7.05e-04 an=2.20e-03 far R_S<=1.001995 [46s]
S=[3, 5, 7, 11, 13]: sup R^U=1.038551 at t/eta=9.4969 (R^m there 0.00e+00) | sup R^+=1.038551 [near t/eta=9.4969] | sup_(t<3eta) R^+=1.014737 sup_(t<eta) R^+=1.014737 | |E_S| num=6.21e-04 an=1.84e-03 far R_S<=1.001669 [47s]
S=[2, 3, 5, 7, 11, 13]: sup R^U=1.023243 at t/eta=7.6686 (R^m there 1.79e-18) | sup R^+=1.023243 [near t/eta=7.6686] | sup_(t<3eta) R^+=1.015202 sup_(t<eta) R^+=1.015202 | |E_S| num=7.08e-04 an=2.35e-03 far R_S<=1.002134 [48s]
# SUMMARY kind=lsmooth eta=1/10000: signed sup_(S1,t) R = 1.043273 (S=[]); max_(S1) sup R^+ = 1.043273 (S=[], near t/eta=9.8428); M=1.04327; slack=3.04e-05; C_T^+ <= 1.043303 -> 1.04331
#   sup over t<3eta of R^+ = 1.015202; over t<eta: 1.015202
# total time 48s
