# kind=lsmooth eta=1/1000 L=6.907755 I_w=3.453878 E in [0.479145339525,0.479145347241] c_empty=1.4107008037(+2.1e-07) NS=10000000 T1=NS/N0=10000 T2=1000000 delta=2e-05
# sieve to 10000000 done 2.4s
# G_inf = sum_{mu(r)=-1} 1/(r^2 phi(r)) <= 0.321141397539
# zeroed 1 grid values of mtU below proved support (max 2.92e-14)
# mt^U: sup=5.905899e-02 at u/eta=1.3379; support (grid) y in [6.0105,20.7233] i.e. u/eta <= 2.4529; proved support y >= L - ystar = 5.5830 (u/eta <= 3.7613)
# R^m: sup over x<=T2 N0 = 3.569622e-02 at t/eta=1.3379; I_m<=5.669695e-02 (C_G I_m/I_w=2.08e-02); eta^1/2 V_m<=2.0858; Rm_far<=2.630572e-02; K=3761482  [5s]
S=[]: sup R^U=1.090977 at t/eta=8.2102 (R^m there 7.42e-18) | sup R^+=1.090977 [near t/eta=8.2102] | sup_(t<3eta) R^+=1.035666 sup_(t<eta) R^+=1.028347 | |E_S| num=6.51e-05 an=1.69e-03 far R_S<=1.002041 [6s]
S=[2]: sup R^U=1.058362 at t/eta=7.0915 (R^m there 7.95e-18) | sup R^+=1.058362 [near t/eta=7.0915] | sup_(t<3eta) R^+=1.028916 sup_(t<eta) R^+=1.028916 | |E_S| num=7.42e-05 an=2.16e-03 far R_S<=1.002610 [6s]
S=[3]: sup R^U=1.083696 at t/eta=8.0753 (R^m there 8.48e-18) | sup R^+=1.083696 [near t/eta=8.0753] | sup_(t<3eta) R^+=1.032093 sup_(t<eta) R^+=1.028489 | |E_S| num=6.64e-05 an=1.81e-03 far R_S<=1.002183 [7s]
S=[5]: sup R^U=1.089820 at t/eta=8.2097 (R^m there 4.77e-18) | sup R^+=1.089820 [near t/eta=8.2097] | sup_(t<3eta) R^+=1.034781 sup_(t<eta) R^+=1.028373 | |E_S| num=6.62e-05 an=1.71e-03 far R_S<=1.002068 [8s]
S=[7]: sup R^U=1.090666 at t/eta=8.2136 (R^m there 7.95e-18) | sup R^+=1.090666 [near t/eta=8.2136] | sup_(t<3eta) R^+=1.035363 sup_(t<eta) R^+=1.028356 | |E_S| num=6.52e-05 an=1.70e-03 far R_S<=1.002050 [8s]
S=[11]: sup R^U=1.090934 at t/eta=8.2117 (R^m there 1.54e-17) | sup R^+=1.090934 [near t/eta=8.2117] | sup_(t<3eta) R^+=1.035607 sup_(t<eta) R^+=1.028349 | |E_S| num=6.49e-05 an=1.69e-03 far R_S<=1.002043 [9s]
S=[13]: sup R^U=1.090957 at t/eta=8.2108 (R^m there 1.11e-17) | sup R^+=1.090957 [near t/eta=8.2108] | sup_(t<3eta) R^+=1.035636 sup_(t<eta) R^+=1.028348 | |E_S| num=6.50e-05 an=1.69e-03 far R_S<=1.002042 [10s]
S=[2, 3]: sup R^U=1.051729 at t/eta=6.9479 (R^m there 9.01e-18) | sup R^+=1.051729 [near t/eta=6.9479] | sup_(t<3eta) R^+=1.029098 sup_(t<eta) R^+=1.029098 | |E_S| num=7.89e-05 an=2.31e-03 far R_S<=1.002792 [10s]
S=[2, 5]: sup R^U=1.057275 at t/eta=7.0881 (R^m there 8.48e-18) | sup R^+=1.057275 [near t/eta=7.0881] | sup_(t<3eta) R^+=1.028950 sup_(t<eta) R^+=1.028950 | |E_S| num=7.25e-05 an=2.19e-03 far R_S<=1.002644 [11s]
S=[2, 7]: sup R^U=1.058062 at t/eta=7.0925 (R^m there 3.71e-18) | sup R^+=1.058062 [near t/eta=7.0925] | sup_(t<3eta) R^+=1.028927 sup_(t<eta) R^+=1.028927 | |E_S| num=7.46e-05 an=2.17e-03 far R_S<=1.002622 [11s]
S=[2, 11]: sup R^U=1.058318 at t/eta=7.0925 (R^m there 3.71e-18) | sup R^+=1.058318 [near t/eta=7.0925] | sup_(t<3eta) R^+=1.028918 sup_(t<eta) R^+=1.028918 | |E_S| num=7.41e-05 an=2.16e-03 far R_S<=1.002613 [12s]
S=[2, 13]: sup R^U=1.058342 at t/eta=7.0922 (R^m there 0.00e+00) | sup R^+=1.058342 [near t/eta=7.0922] | sup_(t<3eta) R^+=1.028917 sup_(t<eta) R^+=1.028917 | |E_S| num=7.40e-05 an=2.16e-03 far R_S<=1.002612 [13s]
S=[3, 5]: sup R^U=1.082552 at t/eta=8.0744 (R^m there 6.36e-18) | sup R^+=1.082552 [near t/eta=8.0744] | sup_(t<3eta) R^+=1.031215 sup_(t<eta) R^+=1.028518 | |E_S| num=6.75e-05 an=1.83e-03 far R_S<=1.002212 [13s]
S=[3, 7]: sup R^U=1.083387 at t/eta=8.0787 (R^m there 8.48e-18) | sup R^+=1.083387 [near t/eta=8.0787] | sup_(t<3eta) R^+=1.031793 sup_(t<eta) R^+=1.028499 | |E_S| num=6.66e-05 an=1.81e-03 far R_S<=1.002193 [14s]
S=[3, 11]: sup R^U=1.083653 at t/eta=8.0768 (R^m there 2.65e-18) | sup R^+=1.083653 [near t/eta=8.0768] | sup_(t<3eta) R^+=1.032034 sup_(t<eta) R^+=1.028491 | |E_S| num=6.62e-05 an=1.81e-03 far R_S<=1.002186 [15s]
S=[3, 13]: sup R^U=1.083677 at t/eta=8.0762 (R^m there 1.22e-17) | sup R^+=1.083677 [near t/eta=8.0762] | sup_(t<3eta) R^+=1.032062 sup_(t<eta) R^+=1.028490 | |E_S| num=6.62e-05 an=1.81e-03 far R_S<=1.002185 [15s]
S=[5, 7]: sup R^U=1.089509 at t/eta=8.2133 (R^m there 5.83e-18) | sup R^+=1.089509 [near t/eta=8.2133] | sup_(t<3eta) R^+=1.034478 sup_(t<eta) R^+=1.028382 | |E_S| num=6.63e-05 an=1.72e-03 far R_S<=1.002077 [16s]
S=[5, 11]: sup R^U=1.089777 at t/eta=8.2112 (R^m there 7.95e-18) | sup R^+=1.089777 [near t/eta=8.2112] | sup_(t<3eta) R^+=1.034721 sup_(t<eta) R^+=1.028376 | |E_S| num=6.60e-05 an=1.71e-03 far R_S<=1.002070 [17s]
S=[5, 13]: sup R^U=1.089801 at t/eta=8.2105 (R^m there 2.65e-18) | sup R^+=1.089801 [near t/eta=8.2105] | sup_(t<3eta) R^+=1.034750 sup_(t<eta) R^+=1.028375 | |E_S| num=6.60e-05 an=1.71e-03 far R_S<=1.002069 [17s]
S=[7, 11]: sup R^U=1.090623 at t/eta=8.2151 (R^m there 0.00e+00) | sup R^+=1.090623 [near t/eta=8.2151] | sup_(t<3eta) R^+=1.035304 sup_(t<eta) R^+=1.028358 | |E_S| num=6.50e-05 an=1.70e-03 far R_S<=1.002052 [18s]
S=[7, 13]: sup R^U=1.090647 at t/eta=8.2145 (R^m there 8.48e-18) | sup R^+=1.090647 [near t/eta=8.2145] | sup_(t<3eta) R^+=1.035332 sup_(t<eta) R^+=1.028357 | |E_S| num=6.50e-05 an=1.70e-03 far R_S<=1.002051 [19s]
S=[11, 13]: sup R^U=1.090914 at t/eta=8.2123 (R^m there 5.30e-18) | sup R^+=1.090914 [near t/eta=8.2123] | sup_(t<3eta) R^+=1.035577 sup_(t<eta) R^+=1.028350 | |E_S| num=6.47e-05 an=1.69e-03 far R_S<=1.002044 [19s]
S=[2, 3, 5]: sup R^U=1.050655 at t/eta=6.9437 (R^m there 2.65e-18) | sup R^+=1.050655 [near t/eta=6.9437] | sup_(t<3eta) R^+=1.029134 sup_(t<eta) R^+=1.029134 | |E_S| num=7.74e-05 an=2.34e-03 far R_S<=1.002829 [20s]
S=[2, 3, 7]: sup R^U=1.051431 at t/eta=6.9501 (R^m there 4.77e-18) | sup R^+=1.051431 [near t/eta=6.9501] | sup_(t<3eta) R^+=1.029110 sup_(t<eta) R^+=1.029110 | |E_S| num=7.93e-05 an=2.32e-03 far R_S<=1.002804 [21s]
S=[2, 3, 11]: sup R^U=1.051684 at t/eta=6.9491 (R^m there 9.54e-18) | sup R^+=1.051684 [near t/eta=6.9491] | sup_(t<3eta) R^+=1.029101 sup_(t<eta) R^+=1.029101 | |E_S| num=7.88e-05 an=2.31e-03 far R_S<=1.002795 [21s]
S=[2, 3, 13]: sup R^U=1.051708 at t/eta=6.9486 (R^m there 0.00e+00) | sup R^+=1.051708 [near t/eta=6.9486] | sup_(t<3eta) R^+=1.029099 sup_(t<eta) R^+=1.029099 | |E_S| num=7.87e-05 an=2.31e-03 far R_S<=1.002794 [22s]
S=[2, 5, 7]: sup R^U=1.056975 at t/eta=7.0905 (R^m there 5.83e-18) | sup R^+=1.056975 [near t/eta=7.0905] | sup_(t<3eta) R^+=1.028962 sup_(t<eta) R^+=1.028962 | |E_S| num=7.28e-05 an=2.20e-03 far R_S<=1.002656 [23s]
S=[2, 5, 11]: sup R^U=1.057230 at t/eta=7.0894 (R^m there 5.30e-19) | sup R^+=1.057230 [near t/eta=7.0894] | sup_(t<3eta) R^+=1.028953 sup_(t<eta) R^+=1.028953 | |E_S| num=7.23e-05 an=2.19e-03 far R_S<=1.002647 [23s]
S=[2, 5, 13]: sup R^U=1.057254 at t/eta=7.0888 (R^m there 1.22e-17) | sup R^+=1.057254 [near t/eta=7.0888] | sup_(t<3eta) R^+=1.028952 sup_(t<eta) R^+=1.028952 | |E_S| num=7.23e-05 an=2.19e-03 far R_S<=1.002646 [24s]
S=[2, 7, 11]: sup R^U=1.058017 at t/eta=7.0925 (R^m there 3.71e-18) | sup R^+=1.058017 [near t/eta=7.0925] | sup_(t<3eta) R^+=1.028930 sup_(t<eta) R^+=1.028930 | |E_S| num=7.44e-05 an=2.17e-03 far R_S<=1.002624 [25s]
S=[2, 7, 13]: sup R^U=1.058042 at t/eta=7.0925 (R^m there 3.71e-18) | sup R^+=1.058042 [near t/eta=7.0925] | sup_(t<3eta) R^+=1.028929 sup_(t<eta) R^+=1.028929 | |E_S| num=7.44e-05 an=2.17e-03 far R_S<=1.002623 [25s]
S=[2, 11, 13]: sup R^U=1.058297 at t/eta=7.0925 (R^m there 3.71e-18) | sup R^+=1.058297 [near t/eta=7.0925] | sup_(t<3eta) R^+=1.028920 sup_(t<eta) R^+=1.028920 | |E_S| num=7.39e-05 an=2.16e-03 far R_S<=1.002614 [26s]
S=[3, 5, 7]: sup R^U=1.082243 at t/eta=8.0778 (R^m there 6.36e-18) | sup R^+=1.082243 [near t/eta=8.0778] | sup_(t<3eta) R^+=1.030915 sup_(t<eta) R^+=1.028527 | |E_S| num=6.77e-05 an=1.84e-03 far R_S<=1.002222 [27s]
S=[3, 5, 11]: sup R^U=1.082509 at t/eta=8.0758 (R^m there 6.89e-18) | sup R^+=1.082509 [near t/eta=8.0758] | sup_(t<3eta) R^+=1.031157 sup_(t<eta) R^+=1.028520 | |E_S| num=6.74e-05 an=1.83e-03 far R_S<=1.002214 [27s]
S=[3, 5, 13]: sup R^U=1.082532 at t/eta=8.0752 (R^m there 7.95e-18) | sup R^+=1.082532 [near t/eta=8.0752] | sup_(t<3eta) R^+=1.031185 sup_(t<eta) R^+=1.028519 | |E_S| num=6.73e-05 an=1.83e-03 far R_S<=1.002213 [28s]
S=[3, 7, 11]: sup R^U=1.083344 at t/eta=8.0802 (R^m there 1.17e-17) | sup R^+=1.083344 [near t/eta=8.0802] | sup_(t<3eta) R^+=1.031734 sup_(t<eta) R^+=1.028501 | |E_S| num=6.65e-05 an=1.82e-03 far R_S<=1.002195 [29s]
S=[3, 7, 13]: sup R^U=1.083367 at t/eta=8.0794 (R^m there 1.22e-17) | sup R^+=1.083367 [near t/eta=8.0794] | sup_(t<3eta) R^+=1.031762 sup_(t<eta) R^+=1.028500 | |E_S| num=6.64e-05 an=1.82e-03 far R_S<=1.002194 [29s]
S=[3, 11, 13]: sup R^U=1.083633 at t/eta=8.0776 (R^m there 4.77e-18) | sup R^+=1.083633 [near t/eta=8.0776] | sup_(t<3eta) R^+=1.032004 sup_(t<eta) R^+=1.028493 | |E_S| num=6.60e-05 an=1.81e-03 far R_S<=1.002187 [30s]
S=[5, 7, 11]: sup R^U=1.089466 at t/eta=8.2146 (R^m there 0.00e+00) | sup R^+=1.089466 [near t/eta=8.2146] | sup_(t<3eta) R^+=1.034419 sup_(t<eta) R^+=1.028385 | |E_S| num=6.61e-05 an=1.72e-03 far R_S<=1.002079 [31s]
S=[5, 7, 13]: sup R^U=1.089490 at t/eta=8.2140 (R^m there 7.42e-18) | sup R^+=1.089490 [near t/eta=8.2140] | sup_(t<3eta) R^+=1.034447 sup_(t<eta) R^+=1.028384 | |E_S| num=6.61e-05 an=1.72e-03 far R_S<=1.002078 [31s]
S=[5, 11, 13]: sup R^U=1.089758 at t/eta=8.2118 (R^m there 5.83e-18) | sup R^+=1.089758 [near t/eta=8.2118] | sup_(t<3eta) R^+=1.034691 sup_(t<eta) R^+=1.028377 | |E_S| num=6.58e-05 an=1.71e-03 far R_S<=1.002071 [32s]
S=[7, 11, 13]: sup R^U=1.090604 at t/eta=8.2158 (R^m there 8.48e-18) | sup R^+=1.090604 [near t/eta=8.2158] | sup_(t<3eta) R^+=1.035273 sup_(t<eta) R^+=1.028359 | |E_S| num=6.48e-05 an=1.70e-03 far R_S<=1.002053 [33s]
S=[2, 3, 5, 7]: sup R^U=1.050357 at t/eta=6.9447 (R^m there 6.36e-18) | sup R^+=1.050357 [near t/eta=6.9447] | sup_(t<3eta) R^+=1.029147 sup_(t<eta) R^+=1.029147 | |E_S| num=7.78e-05 an=2.35e-03 far R_S<=1.002841 [33s]
S=[2, 3, 5, 11]: sup R^U=1.050610 at t/eta=6.9447 (R^m there 6.36e-18) | sup R^+=1.050610 [near t/eta=6.9447] | sup_(t<3eta) R^+=1.029137 sup_(t<eta) R^+=1.029137 | |E_S| num=7.73e-05 an=2.34e-03 far R_S<=1.002831 [34s]
S=[2, 3, 5, 13]: sup R^U=1.050634 at t/eta=6.9444 (R^m there 5.30e-18) | sup R^+=1.050634 [near t/eta=6.9444] | sup_(t<3eta) R^+=1.029136 sup_(t<eta) R^+=1.029136 | |E_S| num=7.72e-05 an=2.34e-03 far R_S<=1.002830 [34s]
S=[2, 3, 7, 11]: sup R^U=1.051386 at t/eta=6.9513 (R^m there 1.38e-17) | sup R^+=1.051386 [near t/eta=6.9513] | sup_(t<3eta) R^+=1.029113 sup_(t<eta) R^+=1.029113 | |E_S| num=7.92e-05 an=2.32e-03 far R_S<=1.002807 [35s]
S=[2, 3, 7, 13]: sup R^U=1.051410 at t/eta=6.9509 (R^m there 1.11e-17) | sup R^+=1.051410 [near t/eta=6.9509] | sup_(t<3eta) R^+=1.029112 sup_(t<eta) R^+=1.029112 | |E_S| num=7.91e-05 an=2.32e-03 far R_S<=1.002806 [36s]
S=[2, 3, 11, 13]: sup R^U=1.051664 at t/eta=6.9498 (R^m there 9.54e-18) | sup R^+=1.051664 [near t/eta=6.9498] | sup_(t<3eta) R^+=1.029102 sup_(t<eta) R^+=1.029102 | |E_S| num=7.85e-05 an=2.31e-03 far R_S<=1.002797 [36s]
S=[2, 5, 7, 11]: sup R^U=1.056930 at t/eta=7.0918 (R^m there 8.48e-18) | sup R^+=1.056930 [near t/eta=7.0918] | sup_(t<3eta) R^+=1.028964 sup_(t<eta) R^+=1.028964 | |E_S| num=7.27e-05 an=2.20e-03 far R_S<=1.002659 [37s]
S=[2, 5, 7, 13]: sup R^U=1.056955 at t/eta=7.0912 (R^m there 6.36e-18) | sup R^+=1.056955 [near t/eta=7.0912] | sup_(t<3eta) R^+=1.028963 sup_(t<eta) R^+=1.028963 | |E_S| num=7.26e-05 an=2.20e-03 far R_S<=1.002657 [38s]
S=[2, 5, 11, 13]: sup R^U=1.057210 at t/eta=7.0901 (R^m there 1.06e-18) | sup R^+=1.057210 [near t/eta=7.0901] | sup_(t<3eta) R^+=1.028954 sup_(t<eta) R^+=1.028954 | |E_S| num=7.21e-05 an=2.19e-03 far R_S<=1.002649 [38s]
S=[2, 7, 11, 13]: sup R^U=1.057997 at t/eta=7.0925 (R^m there 3.71e-18) | sup R^+=1.057997 [near t/eta=7.0925] | sup_(t<3eta) R^+=1.028932 sup_(t<eta) R^+=1.028932 | |E_S| num=7.42e-05 an=2.17e-03 far R_S<=1.002626 [39s]
S=[3, 5, 7, 11]: sup R^U=1.082200 at t/eta=8.0792 (R^m there 1.06e-18) | sup R^+=1.082200 [near t/eta=8.0792] | sup_(t<3eta) R^+=1.030857 sup_(t<eta) R^+=1.028530 | |E_S| num=6.76e-05 an=1.84e-03 far R_S<=1.002224 [40s]
S=[3, 5, 7, 13]: sup R^U=1.082223 at t/eta=8.0784 (R^m there 7.42e-18) | sup R^+=1.082223 [near t/eta=8.0784] | sup_(t<3eta) R^+=1.030885 sup_(t<eta) R^+=1.028529 | |E_S| num=6.75e-05 an=1.84e-03 far R_S<=1.002223 [40s]
S=[3, 5, 11, 13]: sup R^U=1.082489 at t/eta=8.0765 (R^m there 6.36e-18) | sup R^+=1.082489 [near t/eta=8.0765] | sup_(t<3eta) R^+=1.031126 sup_(t<eta) R^+=1.028521 | |E_S| num=6.71e-05 an=1.83e-03 far R_S<=1.002215 [41s]
S=[3, 7, 11, 13]: sup R^U=1.083324 at t/eta=8.0808 (R^m there 7.95e-18) | sup R^+=1.083324 [near t/eta=8.0808] | sup_(t<3eta) R^+=1.031704 sup_(t<eta) R^+=1.028502 | |E_S| num=6.62e-05 an=1.82e-03 far R_S<=1.002197 [42s]
S=[5, 7, 11, 13]: sup R^U=1.089447 at t/eta=8.2154 (R^m there 7.95e-18) | sup R^+=1.089447 [near t/eta=8.2154] | sup_(t<3eta) R^+=1.034388 sup_(t<eta) R^+=1.028386 | |E_S| num=6.59e-05 an=1.72e-03 far R_S<=1.002080 [42s]
S=[2, 3, 5, 7, 11]: sup R^U=1.050312 at t/eta=6.9447 (R^m there 6.36e-18) | sup R^+=1.050312 [near t/eta=6.9447] | sup_(t<3eta) R^+=1.029150 sup_(t<eta) R^+=1.029150 | |E_S| num=7.77e-05 an=2.35e-03 far R_S<=1.002844 [43s]
S=[2, 3, 5, 7, 13]: sup R^U=1.050336 at t/eta=6.9447 (R^m there 6.36e-18) | sup R^+=1.050336 [near t/eta=6.9447] | sup_(t<3eta) R^+=1.029148 sup_(t<eta) R^+=1.029148 | |E_S| num=7.76e-05 an=2.35e-03 far R_S<=1.002843 [44s]
S=[2, 3, 5, 11, 13]: sup R^U=1.050590 at t/eta=6.9447 (R^m there 6.36e-18) | sup R^+=1.050590 [near t/eta=6.9447] | sup_(t<3eta) R^+=1.029139 sup_(t<eta) R^+=1.029139 | |E_S| num=7.71e-05 an=2.34e-03 far R_S<=1.002833 [44s]
S=[2, 3, 7, 11, 13]: sup R^U=1.051366 at t/eta=6.9520 (R^m there 1.01e-17) | sup R^+=1.051366 [near t/eta=6.9520] | sup_(t<3eta) R^+=1.029115 sup_(t<eta) R^+=1.029115 | |E_S| num=7.89e-05 an=2.32e-03 far R_S<=1.002809 [45s]
S=[2, 5, 7, 11, 13]: sup R^U=1.056910 at t/eta=7.0925 (R^m there 3.71e-18) | sup R^+=1.056910 [near t/eta=7.0925] | sup_(t<3eta) R^+=1.028966 sup_(t<eta) R^+=1.028966 | |E_S| num=7.25e-05 an=2.20e-03 far R_S<=1.002660 [45s]
S=[3, 5, 7, 11, 13]: sup R^U=1.082180 at t/eta=8.0799 (R^m there 1.59e-18) | sup R^+=1.082180 [near t/eta=8.0799] | sup_(t<3eta) R^+=1.030827 sup_(t<eta) R^+=1.028531 | |E_S| num=6.73e-05 an=1.84e-03 far R_S<=1.002225 [46s]
S=[2, 3, 5, 7, 11, 13]: sup R^U=1.050292 at t/eta=6.9480 (R^m there 6.89e-18) | sup R^+=1.050292 [near t/eta=6.9480] | sup_(t<3eta) R^+=1.029151 sup_(t<eta) R^+=1.029151 | |E_S| num=7.75e-05 an=2.35e-03 far R_S<=1.002846 [47s]
# SUMMARY kind=lsmooth eta=1/1000: signed sup_(S1,t) R = 1.090977 (S=[]); max_(S1) sup R^+ = 1.090977 (S=[], near t/eta=8.2102); M=1.09098; slack=3.18e-05; C_T^+ <= 1.091008 -> 1.09101
#   sup over t<3eta of R^+ = 1.035666; over t<eta: 1.029151
# total time 47s
