######## xcheck_E.py ########
E computed with P0=1000, K=60, dps=50; truncation bound on log E < 2.32e-176
E computed with P0=200, K=80, dps=40; truncation bound on log E < 3.02e-178
E (P0=1000,K=60,dps50) = 0.479145344433396245631563161089942771354321404
E (P0=200, K=80,dps40) = 0.479145344433396245631563161089942771354321404
difference = -1.01e-51
direct product p<=1e8: 0.479145344680711; PNT tail estimate multiplies by exp(-5.429e-10) -> 0.479145344420599
time 1.3s
[xcheck_E wall 2 s]
######## xcheck_sharp.py ########
# sharp weight, N=100000, fixed point 2^-256; E=0.4791453444333962456315632; time 2.3s

== sharp, N0=100 (L=log N0) ==
  top: S1={}               sup R = 1.3048662384106890731 on x in (99,100) i.e. t/eta in (1.0,1.01010101); runner-up piece m=98: 1.30257526277342
  top: S1={13}             sup R = 1.3048375763833727328 on x in (99,100) i.e. t/eta in (1.0,1.01010101); runner-up piece m=98: 1.3025466007461
  top: S1={11}             sup R = 1.3048062997766181827 on x in (99,100) i.e. t/eta in (1.0,1.01010101); runner-up piece m=98: 1.30251742595186
  top: S1={11,13}          sup R = 1.3047776377493018424 on x in (99,100) i.e. t/eta in (1.0,1.01010101); runner-up piece m=98: 1.30248876392454
  top: S1={7}              sup R = 1.3046769561725182769 on x in (99,100) i.e. t/eta in (1.0,1.01010101); runner-up piece m=98: 1.30238598053525
  min over S1 of sup: 1.26786392207103 at {2,3,5,7,11,13}
  named S1={}         sup R = 1.3048662384106890731  (piece m=99, t/eta->1.0+);  runner-up m=98: 1.30257526277342
  named S1={13}       sup R = 1.3048375763833727328  (piece m=99, t/eta->1.0+);  runner-up m=98: 1.3025466007461
  named S1={11}       sup R = 1.3048062997766181827  (piece m=99, t/eta->1.0+);  runner-up m=98: 1.30251742595186
  named S1={11,13}    sup R = 1.3047776377493018424  (piece m=99, t/eta->1.0+);  runner-up m=98: 1.30248876392454
  named S1={7}        sup R = 1.3046769561725182769  (piece m=99, t/eta->1.0+);  runner-up m=98: 1.30238598053525
  named S1={2}        sup R = 1.2741017319742227072  (piece m=99, t/eta->1.0+);  runner-up m=97: 1.27181075633695
  all 64 (S1: sup R, argmax piece m):
    {}                    1.304866238410689 m=99
    {2}                   1.274101731974223 m=99
    {3}                   1.299893724593523 m=99
    {5}                   1.304080056272742 m=99
    {7}                   1.304676956172518 m=99
    {11}                  1.304806299776618 m=99
    {13}                  1.304837576383373 m=99
    {2,3}                 1.268982861333761 m=99
    {2,5}                 1.273270100351989 m=99
    {2,7}                 1.273902469980311 m=99
    {2,11}                1.274043645562427 m=99
    {2,13}                1.274074542238109 m=99
    {3,5}                 1.299101457865992 m=99
    {3,7}                 1.299706566317066 m=99
    {3,11}                1.299834074958673 m=99
    {3,13}                1.299865420691094 m=99
    {5,7}                  1.30389126951236 m=99
    {5,11}                1.304020185737396 m=99
    {5,13}                1.304051428625415 m=99
    {7,11}                1.304617034083327 m=99
    {7,13}                1.304648302497969 m=99
    {11,13}               1.304777637749302 m=99
    {2,3,5}                  1.268145494811 m=99
    {2,3,7}               1.268785468426158 m=99
    {2,3,11}              1.268924985103217 m=99
    {2,3,13}              1.268955989930881 m=99
    {2,5,7}               1.273071278782778 m=99
    {2,5,11}              1.273212082038919 m=99
    {2,5,13}              1.273242944995865 m=99
    {2,7,11}              1.273844400113396 m=99
    {2,7,13}              1.273875288596965 m=99
    {2,11,13}             1.274016455826314 m=99
    {3,5,7}               1.298914795067324 m=99
    {3,5,11}              1.299041876329867 m=99
    {3,5,13}              1.299073188343552 m=99
    {3,7,11}              1.299646933227096 m=99
    {3,7,13}              1.299678270767404 m=99
    {3,11,13}             1.299805771056244 m=99
    {5,7,11}              1.303831415521894 m=99
    {5,7,13}                1.3038626502178 m=99
    {5,11,13}             1.303991558090069 m=99
    {7,11,13}             1.304588380408778 m=99
    {2,3,5,7}             1.267948542328097 m=99
    {2,3,5,11}            1.268087686679181 m=99
    {2,3,5,13}            1.268118657788109 m=99
    {2,3,7,11}            1.268727608740493 m=99
    {2,3,7,13}            1.268758605376045 m=99
    {2,3,11,13}           1.268898113700337 m=99
    {2,5,7,11}            1.273013277014588 m=99
    {2,5,7,13}            1.273044131779421 m=99
    {2,5,11,13}           1.273184926682795 m=99
    {2,7,11,13}           1.273817218730049 m=99
    {3,5,7,11}            1.298855230076078 m=99
    {3,5,7,13}            1.298886533897651 m=99
    {3,5,11,13}           1.299013606807427 m=99
    {3,7,11,13}           1.299618637677434 m=99
    {5,7,11,13}           1.303802796227334 m=99
    {2,3,5,7,11}          1.267890750741158 m=99
    {2,3,5,7,13}          1.267921713657973 m=99
    {2,3,5,11,13}          1.26806084965629 m=99
    {2,3,7,11,13}          1.26870074569038 m=99
    {2,5,7,11,13}         1.272986130011231 m=99
    {3,5,7,11,13}         1.298826968906405 m=99
    {2,3,5,7,11,13}       1.267863922071034 m=99
  TASK3 pointwise x=N0 S1={}: (E L)^-1 sum_(n<=N0) f/n = 1.305727312743563948836961  (exact rational sum; fixed-point gives 1.305727312743563948836961)
        sum_(n<=N0) f/n = 2.881147189615827122780914;  x->N0^- value (n<=N0-1) = 1.304866238410689073080701

== sharp, N0=1000 (L=log N0) ==
  top: S1={}               sup R = 1.2041891487909752057 on x in (999,1000) i.e. t/eta in (1.0,1.001001001); runner-up piece m=998: 1.20402579380381
  top: S1={13}             sup R = 1.2041749745019752027 on x in (999,1000) i.e. t/eta in (1.0,1.001001001); runner-up piece m=998: 1.20401161951481
  top: S1={11}             sup R = 1.2041630409724162855 on x in (999,1000) i.e. t/eta in (1.0,1.001001001); runner-up piece m=998: 1.20399968598525
  top: S1={11,13}          sup R = 1.2041488680161108292 on x in (999,1000) i.e. t/eta in (1.0,1.001001001); runner-up piece m=998: 1.20398551302894
  top: S1={7}              sup R = 1.2040495396643688475 on x in (999,1000) i.e. t/eta in (1.0,1.001001001); runner-up piece m=998: 1.2038861846772
  min over S1 of sup: 1.17995273776844 at {2,3,5,7,11,13}
  named S1={}         sup R = 1.2041891487909752057  (piece m=999, t/eta->1.0+);  runner-up m=998: 1.20402579380381
  named S1={13}       sup R = 1.2041749745019752027  (piece m=999, t/eta->1.0+);  runner-up m=998: 1.20401161951481
  named S1={11}       sup R = 1.2041630409724162855  (piece m=999, t/eta->1.0+);  runner-up m=998: 1.20399968598525
  named S1={11,13}    sup R = 1.2041488680161108292  (piece m=999, t/eta->1.0+);  runner-up m=998: 1.20398551302894
  named S1={7}        sup R = 1.2040495396643688475  (piece m=999, t/eta->1.0+);  runner-up m=998: 1.2038861846772
  named S1={2}        sup R = 1.1840739790198541744  (piece m=999, t/eta->1.0+);  runner-up m=997: 1.18391062403269
  all 64 (S1: sup R, argmax piece m):
    {}                    1.204189148790975 m=999
    {2}                   1.184073979019854 m=999
    {3}                   1.200750679733978 m=999
    {5}                   1.203695186207429 m=999
    {7}                   1.204049539664369 m=999
    {11}                  1.204163040972416 m=999
    {13}                  1.204174974501975 m=999
    {2,3}                 1.180628531004896 m=999
    {2,5}                 1.183577495839233 m=999
    {2,7}                 1.183935298921711 m=999
    {2,11}                1.184048172654894 m=999
    {2,13}                1.184059836674564 m=999
    {3,5}                 1.200256109663458 m=999
    {3,7}                 1.200611211949381 m=999
    {3,11}                1.200724358890072 m=999
    {3,13}                1.200736431519961 m=999
    {5,7}                 1.203555410669385 m=999
    {5,11}                1.203669070519997 m=999
    {5,13}                1.203681006085962 m=999
    {7,11}                1.204023430799644 m=999
    {7,13}                 1.20403536984504 m=999
    {11,13}               1.204148868016111 m=999
    {2,3,5}               1.180131647301738 m=999
    {2,3,7}               1.180489950746675 m=999
    {2,3,11}              1.180602567732753 m=999
    {2,3,13}              1.180614314375458 m=999
    {2,5,7}               1.183438665592432 m=999
    {2,5,11}              1.183551683881857 m=999
    {2,5,13}              1.183563348629484 m=999
    {2,7,11}              1.183909490828671 m=999
    {2,7,13}              1.183921160637374 m=999
    {2,11,13}             1.184034031568556 m=999
    {3,5,7}                1.20011648313742 m=999
    {3,5,11}              1.200229781255441 m=999
    {3,5,13}              1.200241855735464 m=999
    {3,7,11}              1.200584889952926 m=999
    {3,7,13}              1.200596968157772 m=999
    {3,11,13}             1.200710111990812 m=999
    {5,7,11}               1.20352929391097 m=999
    {5,7,13}              1.203541235005059 m=999
    {5,11,13}             1.203654891729502 m=999
    {7,11,13}              1.20400926231301 m=999
    {2,3,5,7}             1.179992924281662 m=999
    {2,3,5,11}            1.180105678724428 m=999
    {2,3,5,13}             1.18011742595286 m=999
    {2,3,7,11}            1.180463985652834 m=999
    {2,3,7,13}            1.180475738143816 m=999
    {2,3,11,13}           1.180588352346321 m=999
    {2,5,7,11}            1.183412851884916 m=999
    {2,5,7,13}            1.183424522432498 m=999
    {2,5,11,13}           1.183537537929337 m=999
    {2,7,11,13}           1.183895353803285 m=999
    {3,5,7,11}            1.200090153552036 m=999
    {3,5,7,13}            1.200102233619304 m=999
    {3,5,11,13}           1.200215528640483 m=999
    {3,7,11,13}           1.200570647476074 m=999
    {5,7,11,13}           1.203515119577616 m=999
    {2,3,5,7,11}          1.179966953860593 m=999
    {2,3,5,7,13}          1.179978706948225 m=999
    {2,3,5,11,13}         1.180091458616833 m=999
    {2,3,7,11,13}         1.180449774292981 m=999
    {2,5,7,11,13}         1.183398709982212 m=999
    {3,5,7,11,13}         1.200075905346956 m=999
    {2,3,5,7,11,13}        1.17995273776844 m=999
  TASK3 pointwise x=N0 S1={}: (E L)^-1 sum_(n<=N0) f/n = 1.204246553746500197377435  (exact rational sum; fixed-point gives 1.204246553746500197377435)
        sum_(n<=N0) f/n = 3.985837862242086492090717;  x->N0^- value (n<=N0-1) = 1.204189148790975205660351

== sharp, N0=10000 (L=log N0) ==
  top: S1={}               sup R = 1.153159736930329006 on x in (9999,10000) i.e. t/eta in (1.0,1.00010001); runner-up piece m=9998: 1.1531485088703
  top: S1={13}             sup R = 1.1531491474893308764 on x in (9999,10000) i.e. t/eta in (1.0,1.00010001); runner-up piece m=9998: 1.1531379194293
  top: S1={11}             sup R = 1.1531399435495040469 on x in (9999,10000) i.e. t/eta in (1.0,1.00010001); runner-up piece m=9998: 1.15312872579044
  top: S1={11,13}          sup R = 1.1531293538885344097 on x in (9999,10000) i.e. t/eta in (1.0,1.00010001); runner-up piece m=9998: 1.15311813612947
  top: S1={7}              sup R = 1.1530547482419627271 on x in (9999,10000) i.e. t/eta in (1.0,1.00010001); runner-up piece m=9998: 1.15304352018193
  min over S1 of sup: 1.13500883896593 at {2,3,5,7,11,13}
  named S1={}         sup R = 1.153159736930329006  (piece m=9999, t/eta->1.0+);  runner-up m=9998: 1.1531485088703
  named S1={13}       sup R = 1.1531491474893308764  (piece m=9999, t/eta->1.0+);  runner-up m=9998: 1.1531379194293
  named S1={11}       sup R = 1.1531399435495040469  (piece m=9999, t/eta->1.0+);  runner-up m=9998: 1.15312872579044
  named S1={11,13}    sup R = 1.1531293538885344097  (piece m=9999, t/eta->1.0+);  runner-up m=9998: 1.15311813612947
  named S1={7}        sup R = 1.1530547482419627271  (piece m=9999, t/eta->1.0+);  runner-up m=9998: 1.15304352018193
  named S1={2}        sup R = 1.1381041816240793743  (piece m=9999, t/eta->1.0+);  runner-up m=9997: 1.13809295356405
  all 64 (S1: sup R, argmax piece m):
    {}                    1.153159736930329 m=9999
    {2}                   1.138104181624079 m=9999
    {3}                   1.150567912850432 m=9999
    {5}                   1.152792331066668 m=9999
    {7}                   1.153054748241963 m=9999
    {11}                  1.153139943549504 m=9999
    {13}                  1.153149147489331 m=9999
    {2,3}                 1.135511880915216 m=9999
    {2,5}                 1.137736550936714 m=9999
    {2,7}                 1.137999227442342 m=9999
    {2,11}                1.138084371130064 m=9999
    {2,13}                1.138093581670184 m=9999
    {3,5}                 1.150200465945811 m=9999
    {3,7}                 1.150462903775123 m=9999
    {3,11}                 1.15054812892338 m=9999
    {3,13}                1.150557316935925 m=9999
    {5,7}                 1.152687349924659 m=9999
    {5,11}                1.152772539679458 m=9999
    {5,13}                1.152781742196242 m=9999
    {7,11}                1.153034955512236 m=9999
    {7,13}                1.153044159829466 m=9999
    {11,13}               1.153129353888534 m=9999
    {2,3,5}               1.135144226202686 m=9999
    {2,3,7}               1.135406889454606 m=9999
    {2,3,11}              1.135492083089924 m=9999
    {2,3,13}              1.135501271279114 m=9999
    {2,5,7}               1.137631607110234 m=9999
    {2,5,11}              1.137716740432737 m=9999
    {2,5,13}              1.137725950841712 m=9999
    {2,7,11}              1.137979418242635 m=9999
    {2,7,13}              1.137988628791719 m=9999
    {2,11,13}             1.138073771009541 m=9999
    {3,5,7}               1.150095462937119 m=9999
    {3,5,11}               1.15018068383061 m=9999
    {3,5,13}              1.150189870734517 m=9999
    {3,7,11}              1.150443120560378 m=9999
    {3,7,13}              1.150452308979706 m=9999
    {3,11,13}             1.150537532806513 m=9999
    {5,7,11}              1.152667559215969 m=9999
    {5,7,13}               1.15267676209471 m=9999
    {5,11,13}             1.152761950590496 m=9999
    {7,11,13}             1.153024366879521 m=9999
    {2,3,5,7}             1.135039244099408 m=9999
    {2,3,5,11}            1.135124428139262 m=9999
    {2,3,5,13}            1.135133616529697 m=9999
    {2,3,7,11}            1.135387092968185 m=9999
    {2,3,7,13}            1.135396281198298 m=9999
    {2,3,11,13}           1.135481473303097 m=9999
    {2,5,7,11}            1.137611797923991 m=9999
    {2,5,7,13}            1.137621008329459 m=9999
    {2,5,11,13}           1.137706140172471 m=9999
    {2,7,11,13}           1.137968819425157 m=9999
    {3,5,7,11}            1.150075681561282 m=9999
    {3,5,7,13}            1.150084868856702 m=9999
    {3,5,11,13}           1.150170088418405 m=9999
    {3,7,11,13}           1.150432525562358 m=9999
    {5,7,11,13}           1.152656971167239 m=9999
    {2,3,5,7,11}           1.13501944739793 m=9999
    {2,3,5,7,13}          1.135028635816983 m=9999
    {2,3,5,11,13}         1.135113818316922 m=9999
    {2,3,7,11,13}         1.135376484560924 m=9999
    {2,5,7,11,13}         1.137601198977724 m=9999
    {3,5,7,11,13}         1.150065087279713 m=9999
    {2,3,5,7,11,13}       1.135008838965927 m=9999
  TASK3 pointwise x=N0 S1={}: (E L)^-1 sum_(n<=N0) f/n = 1.15316404230199338038196  (exact rational sum; fixed-point gives 1.15316404230199338038196)
        sum_(n<=N0) f/n = 5.0890186752138789608558;  x->N0^- value (n<=N0-1) = 1.153159736930329006003179

total time 3.9s
[xcheck_sharp wall 4 s]
######## xcheck_lsmooth.py ########
# log-smooth weight; mp.dps=40; E=0.4791453444333962456315632; pass1 6.4s total 6.4s

== log-smooth, N0=100 ==
  top: S1={}             sup R = 1.2360959617516840852 at t/eta = 5.81209876453 (x=17.205488766, piece m=17, interior=True)
  top: S1={13}           sup R = 1.236094720176699278 at t/eta = 5.81218871634 (x=17.2052224868, piece m=17, interior=True)
  top: S1={11}           sup R = 1.2360898150542978311 at t/eta = 5.81237242027 (x=17.2046787042, piece m=17, interior=True)
  top: S1={11,13}        sup R = 1.2360885738913111426 at t/eta = 5.81246235368 (x=17.2044125046, piece m=17, interior=True)
  top: S1={7}            sup R = 1.2359489673574196147 at t/eta = 5.81511321336 (x=17.1965697538, piece m=17, interior=True)
  min over S1: {2,3,5,7,11,13} 1.14633770291088
  named S1={}         closed-form(mp40) sup R = 1.2360959617516840852 at t/eta = 5.81209876453; double closed-form 1.236095961751684; scan 1.236095961523 @ t/eta=5.81226
      golden-section direct sum (mp40): 1.2360959617516840852 at t/eta = 5.81209876453;  |diff| = 0.0
      #scan local maxima=73; best competing local max (|dX|>0.05): 1.000044939074654 at t/eta=0.1297390940527863
  named S1={13}       closed-form(mp40) sup R = 1.236094720176699278 at t/eta = 5.81218871634; double closed-form 1.236094720176699; scan 1.236094720129 @ t/eta=5.81226
      golden-section direct sum (mp40): 1.236094720176699278 at t/eta = 5.81218871634;  |diff| = 0.0
      #scan local maxima=70; best competing local max (|dX|>0.05): 1.0000380304533505 at t/eta=0.050512734104039184
  named S1={11}       closed-form(mp40) sup R = 1.2360898150542978311 at t/eta = 5.81237242027; double closed-form 1.236089815054298; scan 1.236089814956 @ t/eta=5.81226
      golden-section direct sum (mp40): 1.2360898150542978311 at t/eta = 5.81237242027;  |diff| = 0.0
      #scan local maxima=71; best competing local max (|dX|>0.05): 1.0000480853614921 at t/eta=0.05055821602852881
  named S1={11,13}    closed-form(mp40) sup R = 1.2360885738913111426 at t/eta = 5.81246235368; double closed-form 1.236088573891311; scan 1.236088573562 @ t/eta=5.81226
      golden-section direct sum (mp40): 1.2360885738913111426 at t/eta = 5.81246235368;  |diff| = 0.0
      #scan local maxima=61; best competing local max (|dX|>0.05): 1.0000553497576177 at t/eta=0.0505026325674057
  named S1={7}        closed-form(mp40) sup R = 1.2359489673574196147 at t/eta = 5.81511321336; double closed-form 1.235948967357420; scan 1.235948967330 @ t/eta=5.81517
      golden-section direct sum (mp40): 1.2359489673574196147 at t/eta = 5.81511321336;  |diff| = 0.0
      #scan local maxima=68; best competing local max (|dX|>0.05): 1.0001586228979693 at t/eta=0.12976504446655168
  named S1={2}        closed-form(mp40) sup R = 1.1602136043022204636 at t/eta = 5.62100188519; double closed-form 1.160213604302220; scan 1.160213603927 @ t/eta=5.62078
      golden-section direct sum (mp40): 1.1602136043022204636 at t/eta = 5.62100188519;  |diff| = 0.0
      #scan local maxima=53; best competing local max (|dX|>0.05): 1.0095760520013959 at t/eta=0.5788396319160134
  competitor check over all 64 S1: min (global - best far local max) = 0.135141 ({2,3,5})
  max |double closed form - mp closed form| over 64 S1 = 2.22e-16; scan-vs-closed max diff = 6.93e-10
  all 64 (S1: sup R, t/eta):
    {}                    1.236095961751684 t/eta=5.812098765
    {2}                    1.16021360430222 t/eta=5.621001885
    {3}                   1.222680834320664 t/eta=5.855011404
    {5}                   1.235054384434149 t/eta=5.826245693
    {7}                    1.23594896735742 t/eta=5.815113213
    {11}                  1.236089815054298 t/eta=5.81237242
    {13}                  1.236094720176699 t/eta=5.812188716
    {2,3}                 1.147546131372311 t/eta=5.651582319
    {2,5}                 1.159159176630026 t/eta=5.636066497
    {2,7}                 1.160058171577436 t/eta=5.624395028
    {2,11}                 1.16020653895958 t/eta=5.621336603
    {2,13}                1.160212053683401 t/eta=5.621116889
    {3,5}                 1.221649658233603 t/eta=5.869572668
    {3,7}                 1.222535993629085 t/eta=5.858112972
    {3,11}                1.222674882077651 t/eta=5.855290241
    {3,13}                1.222679656319803 t/eta=5.855102073
    {5,7}                 1.234908102243359 t/eta=5.829261311
    {5,11}                1.235048302306674 t/eta=5.826518581
    {5,13}                1.235053164046694 t/eta=5.826335076
    {7,11}                1.235942834457488 t/eta=5.815386643
    {7,13}                1.235947730316139 t/eta=5.815203024
    {11,13}               1.236088573891311 t/eta=5.812462354
    {2,3,5}                1.14649907449586 t/eta=5.667125342
    {2,3,7}               1.147392257301843 t/eta=5.655089587
    {2,3,11}               1.14753921902793 t/eta=5.651925749
    {2,3,13}              1.147544633142292 t/eta=5.65169953
    {2,5,7}               1.159004511939108 t/eta=5.639464618
    {2,5,11}              1.159152186934355 t/eta=5.636400491
    {2,5,13}              1.159157651960462 t/eta=5.636180876
    {2,7,11}              1.160051123322398 t/eta=5.624729505
    {2,7,13}              1.160056626827671 t/eta=5.624509865
    {2,11,13}             1.160204988920337 t/eta=5.621451581
    {3,5,7}               1.221505541717552 t/eta=5.872675395
    {3,5,11}              1.221643771005787 t/eta=5.869850682
    {3,5,13}              1.221648501334542 t/eta=5.869662731
    {3,7,11}              1.222530055274867 t/eta=5.858391565
    {3,7,13}              1.222534820142745 t/eta=5.858203489
    {3,11,13}              1.22267370448309 t/eta=5.85538089
    {5,7,11}               1.23490203381977 t/eta=5.829533972
    {5,7,13}              1.234906886342989 t/eta=5.829350553
    {5,11,13}             1.235047082325681 t/eta=5.826607946
    {7,11,13}             1.235941597826928 t/eta=5.815476435
    {2,3,5,7}             1.146345986688457 t/eta=5.670637914
    {2,3,5,11}            1.146492239019055 t/eta=5.667467997
    {2,3,5,13}            1.146497602455638 t/eta=5.667241885
    {2,3,7,11}            1.147385362354137 t/eta=5.655432754
    {2,3,7,13}            1.147390765007063 t/eta=5.655206617
    {2,3,11,13}           1.147537721379737 t/eta=5.652042933
    {2,5,7,11}            1.158997539229217 t/eta=5.639798368
    {2,5,7,13}            1.159002993084495 t/eta=5.639578829
    {2,5,11,13}           1.159150662836948 t/eta=5.636514845
    {2,7,11,13}           1.160049579150397 t/eta=5.624844316
    {3,5,7,11}            1.221499668280531 t/eta=5.872953163
    {3,5,7,13}            1.221504389284352 t/eta=5.872765306
    {3,5,11,13}           1.221642614507312 t/eta=5.869940725
    {3,7,11,13}           1.222528882193505 t/eta=5.858482063
    {5,7,11,13}           1.234900818324594 t/eta=5.829623195
    {2,3,5,7,11}          1.146339168500761 t/eta=5.670980303
    {2,3,5,7,13}          1.146344520526399 t/eta=5.670754274
    {2,3,5,11,13}         1.146490767552901 t/eta=5.667584512
    {2,3,7,11,13}         1.147383870639278 t/eta=5.655549757
    {2,5,7,11,13}         1.158996020944958 t/eta=5.639912553
    {3,5,7,11,13}         1.221498516246606 t/eta=5.873043055
    {2,3,5,7,11,13}       1.146337702910876 t/eta=5.671096636

== log-smooth, N0=1000 ==
  top: S1={}             sup R = 1.0909573998070660564 at t/eta = 8.21010063093 (x=121.801186728, piece m=121, interior=True)
  top: S1={13}           sup R = 1.0909380180445133385 at t/eta = 8.21083006037 (x=121.790366217, piece m=121, interior=True)
  top: S1={11}           sup R = 1.0909143529694795808 at t/eta = 8.21153628187 (x=121.77989181, piece m=121, interior=True)
  top: S1={11,13}        sup R = 1.0908949736670730937 at t/eta = 8.2122659217 (x=121.769071963, piece m=121, interior=True)
  top: S1={7}            sup R = 1.0906466347986708817 at t/eta = 8.21362441477 (x=121.748931958, piece m=121, interior=True)
  min over S1: {2,3,5,7,11,13} 1.0502724001981
  named S1={}         closed-form(mp40) sup R = 1.0909573998070660564 at t/eta = 8.21010063093; double closed-form 1.090957399807066; scan 1.090957399799 @ t/eta=8.21002
      golden-section direct sum (mp40): 1.0909573998070660564 at t/eta = 8.21010063093;  |diff| = 9.18e-41
      #scan local maxima=19; best competing local max (|dX|>0.05): 1.0000149240386598 at t/eta=0.1296074877326707
  named S1={13}       closed-form(mp40) sup R = 1.0909380180445133385 at t/eta = 8.21083006037; double closed-form 1.090938018044514; scan 1.090938018044 @ t/eta=8.21084
      golden-section direct sum (mp40): 1.0909380180445133385 at t/eta = 8.21083006037;  |diff| = 2.3e-41
      #scan local maxima=21; best competing local max (|dX|>0.05): 1.0000149552024296 at t/eta=0.12921924792037093
  named S1={11}       closed-form(mp40) sup R = 1.0909143529694795808 at t/eta = 8.21153628187; double closed-form 1.090914352969480; scan 1.090914352951 @ t/eta=8.21166
      golden-section direct sum (mp40): 1.0909143529694795808 at t/eta = 8.21153628187;  |diff| = 4.59e-41
      #scan local maxima=23; best competing local max (|dX|>0.05): 1.0000192509248893 at t/eta=0.12911591386116947
  named S1={11,13}    closed-form(mp40) sup R = 1.0908949736670730937 at t/eta = 8.2122659217; double closed-form 1.090894973667073; scan 1.090894973612 @ t/eta=8.21248
      golden-section direct sum (mp40): 1.0908949736670730937 at t/eta = 8.2122659217;  |diff| = 9.18e-41
      #scan local maxima=21; best competing local max (|dX|>0.05): 1.000021035153511 at t/eta=0.07339167855177726
  named S1={7}        closed-form(mp40) sup R = 1.0906466347986708817 at t/eta = 8.21362441477; double closed-form 1.090646634798671; scan 1.090646634678 @ t/eta=8.21330
      golden-section direct sum (mp40): 1.0906466347986708817 at t/eta = 8.21362441477;  |diff| = 0.0
      #scan local maxima=19; best competing local max (|dX|>0.05): 1.0000573955121117 at t/eta=0.13051792295246117
  named S1={2}        closed-form(mp40) sup R = 1.0583425814438062821 at t/eta = 7.09145346577; double closed-form 1.058342581443806; scan 1.058342581364 @ t/eta=7.09120
      golden-section direct sum (mp40): 1.0583425814438062821 at t/eta = 7.09145346577;  |diff| = 0.0
      #scan local maxima=16; best competing local max (|dX|>0.05): 1.0032082550053392 at t/eta=0.5972349326227399
  competitor check over all 64 S1: min (global - best far local max) = 0.046480 ({2,3,5,7,11})
  max |double closed form - mp closed form| over 64 S1 = 6.66e-16; scan-vs-closed max diff = 1.90e-10
  all 64 (S1: sup R, t/eta):
    {}                    1.090957399807066 t/eta=8.210100631
    {2}                   1.058342581443806 t/eta=7.091453466
    {3}                   1.083676765786863 t/eta=8.075317181
    {5}                   1.089800663954629 t/eta=8.209671423
    {7}                   1.090646634798671 t/eta=8.213624415
    {11}                   1.09091435296948 t/eta=8.211536282
    {13}                  1.090938018044513 t/eta=8.21083006
    {2,3}                 1.051709557547082 t/eta=6.947771255
    {2,5}                 1.057255368240088 t/eta=7.087966574
    {2,7}                 1.058042559133654 t/eta=7.093939046
    {2,11}                1.058298213401502 t/eta=7.092712726
    {2,13}                1.058322272027776 t/eta=7.092176182
    {3,5}                 1.082532529185138 t/eta=8.074325363
    {3,7}                 1.083367565756634 t/eta=8.078668513
    {3,11}                1.083633535008935 t/eta=8.076738763
    {3,13}                1.083657259967005 t/eta=8.076048422
    {5,7}                 1.089490069878226 t/eta=8.213192217
    {5,11}                1.089757627061069 t/eta=8.211110126
    {5,13}                1.089781285096865 t/eta=8.210402579
    {7,11}                1.090603600790598 t/eta=8.215062178
    {7,13}                1.090627259268022 t/eta=8.214354723
    {11,13}               1.090894973667073 t/eta=8.212265922
    {2,3,5}               1.050635331124376 t/eta=6.943671117
    {2,3,7}               1.051411398197788 t/eta=6.950078981
    {2,3,11}              1.051665029319589 t/eta=6.949008206
    {2,3,13}              1.051689108113323 t/eta=6.94849275
    {2,5,7}               1.056955531446259 t/eta=7.090455971
    {2,5,11}              1.057211004515931 t/eta=7.089231784
    {2,5,13}              1.057235057787309 t/eta=7.088691058
    {2,7,11}              1.057998200802452 t/eta=7.095194485
    {2,7,13}               1.05802225478036 t/eta=7.094657227
    {2,11,13}              1.05827790632744 t/eta=7.093430363
    {3,5,7}               1.082223500175928 t/eta=8.077672151
    {3,5,11}              1.082489306944586 t/eta=8.075749756
    {3,5,13}              1.082513025486859 t/eta=8.075058278
    {3,7,11}              1.083324347212721 t/eta=8.080092198
    {3,7,13}               1.08334806592469 t/eta=8.079400645
    {3,11,13}             1.083614031637353 t/eta=8.077470221
    {5,7,11}              1.089447045792598 t/eta=8.214633043
    {5,7,13}              1.089470697242817 t/eta=8.213924258
    {5,11,13}             1.089738250666841 t/eta=8.211841494
    {7,11,13}             1.090584227722376 t/eta=8.215792696
    {2,3,5,7}             1.050337360441368 t/eta=6.945971519
    {2,3,5,11}            1.050590806019771 t/eta=6.944913439
    {2,3,5,13}             1.05061487973355 t/eta=6.944397664
    {2,3,7,11}            1.051366879139198 t/eta=6.951317558
    {2,3,7,13}            1.051390953575537 t/eta=6.950801268
    {2,3,11,13}           1.051644582209471 t/eta=6.949729945
    {2,5,7,11}            1.056911177450225 t/eta=7.091722889
    {2,5,7,13}            1.056935226066701 t/eta=7.091181267
    {2,5,11,13}           1.057190696419869 t/eta=7.089956524
    {2,7,11,13}           1.057977898787844 t/eta=7.095912917
    {3,5,7,11}            1.082180290143346 t/eta=8.079098657
    {3,5,7,13}            1.082204002453869 t/eta=8.078405962
    {3,5,11,13}           1.082469805697703 t/eta=8.07648289
    {3,7,11,13}           1.083304849831377 t/eta=8.080824548
    {5,7,11,13}           1.089427675623021 t/eta=8.215365295
    {2,3,5,7,11}          1.050292844467274 t/eta=6.9472119
    {2,3,5,7,13}          1.050316913844337 t/eta=6.946695506
    {2,3,5,11,13}         1.050570356958433 t/eta=6.945636875
    {2,3,7,11,13}         1.051346436842505 t/eta=6.952040091
    {2,5,7,11,13}         1.056890874428834 t/eta=7.092446589
    {3,5,7,11,13}          1.08216079487502 t/eta=8.079832688
    {2,3,5,7,11,13}       1.050272400198101 t/eta=6.947936134

== log-smooth, N0=10000 ==
  top: S1={}             sup R = 1.0432587328394990782 at t/eta = 9.84359956925 (x=1015.88854053, piece m=1015, interior=True)
  top: S1={13}           sup R = 1.0432360939498872912 at t/eta = 9.84385880961 (x=1015.86178687, piece m=1015, interior=True)
  top: S1={11}           sup R = 1.043215902538709007 at t/eta = 9.8436868254 (x=1015.87953552, piece m=1015, interior=True)
  top: S1={11,13}        sup R = 1.0431932642150136514 at t/eta = 9.84394603577 (x=1015.85278542, piece m=1015, interior=True)
  top: S1={7}            sup R = 1.0430372992978713643 at t/eta = 9.83829529356 (x=1016.43625258, piece m=1016, interior=True)
  min over S1: {2,3,5,7,11,13} 1.02322922164793
  named S1={}         closed-form(mp40) sup R = 1.0432587328394990782 at t/eta = 9.84359956925; double closed-form 1.043258732839498; scan 1.043258732828 @ t/eta=9.84379
      golden-section direct sum (mp40): 1.0432587328394990782 at t/eta = 9.84359956925;  |diff| = 2.3e-41
      #scan local maxima=4; best competing local max (|dX|>0.05): 1.0000068964764701 at t/eta=0.1296055556874799
  named S1={13}       closed-form(mp40) sup R = 1.0432360939498872912 at t/eta = 9.84385880961; double closed-form 1.043236093949886; scan 1.043236093948 @ t/eta=9.84379
      golden-section direct sum (mp40): 1.0432360939498872912 at t/eta = 9.84385880961;  |diff| = 9.18e-41
      #scan local maxima=4; best competing local max (|dX|>0.05): 1.000007600757869 at t/eta=0.12928194647831914
  named S1={11}       closed-form(mp40) sup R = 1.043215902538709007 at t/eta = 9.8436868254; double closed-form 1.043215902538707; scan 1.043215902535 @ t/eta=9.84379
      golden-section direct sum (mp40): 1.043215902538709007 at t/eta = 9.8436868254;  |diff| = 9.18e-41
      #scan local maxima=4; best competing local max (|dX|>0.05): 1.0000096938623755 at t/eta=0.12924316771148137
  named S1={11,13}    closed-form(mp40) sup R = 1.0431932642150136514 at t/eta = 9.84394603577; double closed-form 1.043193264215012; scan 1.043193264206 @ t/eta=9.84379
      golden-section direct sum (mp40): 1.0431932642150136514 at t/eta = 9.84394603577;  |diff| = 9.18e-41
      #scan local maxima=4; best competing local max (|dX|>0.05): 1.0000104071317293 at t/eta=0.12888179300257996
  named S1={7}        closed-form(mp40) sup R = 1.0430372992978713643 at t/eta = 9.83829529356; double closed-form 1.043037299297870; scan 1.043037299241 @ t/eta=9.83788
      golden-section direct sum (mp40): 1.0430372992978713643 at t/eta = 9.83829529356;  |diff| = 2.53e-40
      #scan local maxima=3; best competing local max (|dX|>0.05): 1.000025866893231 at t/eta=0.13080342856606136
  named S1={2}        closed-form(mp40) sup R = 1.0275517671640009109 at t/eta = 7.99745040553; double closed-form 1.027551767164002; scan 1.027551767156 @ t/eta=7.99759
      golden-section direct sum (mp40): 1.0275517671640009109 at t/eta = 7.99745040553;  |diff| = 3.67e-40
      #scan local maxima=5; best competing local max (|dX|>0.05): 1.0014149955673173 at t/eta=0.6048591681150894
  competitor check over all 64 S1: min (global - best far local max) = 0.021522 ({2,3,5,7,11,13})
  max |double closed form - mp closed form| over 64 S1 = 2.89e-15; scan-vs-closed max diff = 7.79e-11
  all 64 (S1: sup R, t/eta):
    {}                    1.043258732839499 t/eta=9.843599569
    {2}                   1.027551767164001 t/eta=7.997450406
    {3}                   1.039510512075672 t/eta=9.533643591
    {5}                   1.042558520255652 t/eta=9.812097269
    {7}                   1.043037299297871 t/eta=9.838295294
    {11}                  1.043215902538709 t/eta=9.843686825
    {13}                  1.043236093949887 t/eta=9.84385881
    {2,3}                 1.024138406687602 t/eta=7.706262001
    {2,5}                 1.026900748297973 t/eta=7.966069043
    {2,7}                 1.027342957995827 t/eta=7.991659097
    {2,11}                1.027510532554346 t/eta=7.997335026
    {2,13}                 1.02752978805785 t/eta=7.997584773
    {3,5}                 1.038820114039338 t/eta=9.501940531
    {3,7}                  1.03929159712221 t/eta=9.528199074
    {3,11}                1.039468002296565 t/eta=9.533690935
    {3,13}                1.039488004776866 t/eta=9.533877095
    {5,7}                 1.042337459895059 t/eta=9.806763299
    {5,11}                 1.04251573465337 t/eta=9.812177944
    {5,13}                1.042535898764444 t/eta=9.812353099
    {7,11}                  1.0429944797626 t/eta=9.838380889
    {7,13}                1.043014664585774 t/eta=9.838553755
    {11,13}               1.043193264215014 t/eta=9.843946036
    {2,3,5}               1.023497659822839 t/eta=7.674570073
    {2,3,7}               1.023932232481889 t/eta=7.700307455
    {2,3,11}              1.024097503899567 t/eta=7.706106314
    {2,3,13}               1.02411656637108 t/eta=7.706372411
    {2,5,7}               1.026692325910175 t/eta=7.960245395
    {2,5,11}              1.026859562015285 t/eta=7.965946929
    {2,5,13}              1.026878788589043 t/eta=7.966199815
    {2,7,11}              1.027301735352481 t/eta=7.991541957
    {2,7,13}              1.027320983672815 t/eta=7.991792619
    {2,11,13}             1.027488554071599 t/eta=7.997469322
    {3,5,7}               1.038601574560031 t/eta=9.496469746
    {3,5,11}              1.038777649664061 t/eta=9.50198133
    {3,5,13}              1.038797624577761 t/eta=9.502170697
    {3,7,11}              1.039249098338671 t/eta=9.528244797
    {3,7,13}              1.039269094116372 t/eta=9.528432054
    {3,11,13}             1.039445495571574 t/eta=9.533924399
    {5,7,11}              1.042294685093701 t/eta=9.806842271
    {5,7,13}              1.042314842596832 t/eta=9.80701824
    {5,11,13}             1.042493113728479 t/eta=9.812433743
    {7,11,13}              1.04297184561638 t/eta=9.83863932
    {2,3,5,7}             1.023291877640263 t/eta=7.668581295
    {2,3,5,11}            1.023456806328339 t/eta=7.674407493
    {2,3,5,13}            1.023475839415556 t/eta=7.674676721
    {2,3,7,11}             1.02389134195713 t/eta=7.700150096
    {2,3,7,13}            1.023910397095545 t/eta=7.700416887
    {2,3,11,13}           1.024075664222084 t/eta=7.706216643
    {2,5,7,11}            1.026651151640837 t/eta=7.960121518
    {2,5,7,13}            1.026670371006404 t/eta=7.960375301
    {2,5,11,13}           1.026837602931445 t/eta=7.966077628
    {2,7,11,13}           1.027279761653161 t/eta=7.991675407
    {3,5,7,11}            1.038559121217565 t/eta=9.496508881
    {3,5,7,13}            1.038579089408571 t/eta=9.49669921
    {3,5,11,13}           1.038755160776938 t/eta=9.502211456
    {3,7,11,13}           1.039226595906674 t/eta=9.528477737
    {5,7,11,13}           1.042272068361754 t/eta=9.80709718
    {2,3,5,7,11}          1.023251036459979 t/eta=7.668416906
    {2,3,5,7,13}          1.023270062186755 t/eta=7.668687169
    {2,3,5,11,13}         1.023434986562127 t/eta=7.674514185
    {2,3,7,11,13}         1.023869507210214 t/eta=7.700259447
    {2,5,7,11,13}         1.026629197362457 t/eta=7.960251349
    {3,5,7,11,13}         1.038536636640587 t/eta=9.496738266
    {2,3,5,7,11,13}        1.02322922164793 t/eta=7.668522697

total time 6.4s
[xcheck_lsmooth wall 7 s]
######## xcheck_Rm.py ########
sieve done 0.4s; sum nu_r (mu=-1, r<=1e6) = 0.321141397538741; tail bound sum_(r>1e6) 1/(r^2 phi(r)) <~ 2.0e-12

== R^m, weight=logsmooth, N0=10000 ==
  t/eta=0.3  : R^m = 9.966154693111e-03
  t/eta=0.5  : R^m = 9.964433272522e-03
  t/eta=0.8  : R^m = 1.190632485350e-02
  t/eta=1.0  : R^m = 1.479072651913e-02
  t/eta=1.2  : R^m = 1.654824561817e-02
  t/eta=1.5  : R^m = 1.600791613919e-02
  t/eta=2.0  : R^m = 1.096450835028e-02
  t/eta=2.5  : R^m = 2.676850715682e-03
  coarse scan (3001 log-spaced pts): max R^m = 1.655148426519e-02 at t/eta = 1.209727; R^m(0.01) = 9.947281e-03, R^m(6) = 0.000000e+00
  coarse local maxima: 1.655148e-02@1.20973, 1.625395e-02@1.38661, 1.003965e-02@0.41922, 1.003463e-02@0.46341, 1.001001e-02@0.34824
  refined scan (4001 pts in [1.20201,1.21749]): sup R^m ~= 1.655148466846e-02 at t/eta = 1.20983691
  at that point: R_empty = 0.994307466187, R_empty + R^m = 1.010858950855
  (info) max over grid[::3] of R_empty+R^m = 1.036457632623 at t/eta=6.000000
  time 57.8s

== R^m, weight=logsmooth, N0=1000 ==
  t/eta=0.3  : R^m = 2.079722583852e-02
  t/eta=0.5  : R^m = 2.049066297114e-02
  t/eta=0.8  : R^m = 2.469892507026e-02
  t/eta=1.0  : R^m = 3.223620515647e-02
  t/eta=1.2  : R^m = 3.512430220879e-02
  t/eta=1.5  : R^m = 3.438388827057e-02
  t/eta=2.0  : R^m = 1.976212934551e-02
  t/eta=2.5  : R^m = 0.000000000000e+00
  coarse scan (3001 log-spaced pts): max R^m = 3.568598119025e-02 at t/eta = 1.337247; R^m(0.01) = 2.076053e-02, R^m(6) = 0.000000e+00
  coarse local maxima: 3.568598e-02@1.33725, 3.520196e-02@1.16915, 2.101601e-02@0.38907, 2.097966e-02@0.42552, 2.091586e-02@0.25562
  refined scan (4001 pts in [1.32872,1.34583]): sup R^m ~= 3.568600283035e-02 at t/eta = 1.33786927
  at that point: R_empty = 0.988221057715, R_empty + R^m = 1.023907060545
  (info) max over grid[::3] of R_empty+R^m = 1.083829771445 at t/eta=6.000000
  time 2.9s

== R^m, weight=sharp, N0=10000 ==
  t/eta=0.2  : R^m = 3.282927933388e-02   (limits: t/eta*(1-1e-9) -> 4.220652003718e-02, t/eta*(1+1e-9) -> 3.282927933388e-02)
  t/eta=0.5  : R^m = 7.277016160610e-02   (limits: t/eta*(1-1e-9) -> 3.431307473986e-02, t/eta*(1+1e-9) -> 7.277016160610e-02)
  t/eta=0.9  : R^m = 7.277016128977e-02   (limits: t/eta*(1-1e-9) -> 7.277016128977e-02, t/eta*(1+1e-9) -> 7.277016128977e-02)
  t/eta=0.99 : R^m = 7.277016119582e-02   (limits: t/eta*(1-1e-9) -> 7.277016119582e-02, t/eta*(1+1e-9) -> 7.277016119582e-02)
  coarse scan (3001 log-spaced pts): max R^m = 7.277016160573e-02 at t/eta = 0.500383; R^m(0.01) = 3.604110e-02, R^m(6) = 0.000000e+00
  coarse local maxima: 7.277016e-02@0.50038, 4.220652e-02@0.16687, 4.017612e-02@0.07157, 3.871299e-02@0.10003, 3.865319e-02@0.12513
  refined scan (4001 pts in [0.49719,0.50359]): sup R^m ~= 7.277016160610e-02 at t/eta = 0.50000109
  at that point: R_empty = 1.001823988917, R_empty + R^m = 1.074594150523
  (info) max over grid[::3] of R_empty+R^m = 1.153097056323 at t/eta=1.000619
  time 18.2s

total time 79.2s
[xcheck_Rm wall 80 s]
######## xcheck_Rm_bruteforce.py ########
logsmooth N0= 1000 t/eta=0.30000000: R^m = 0.0207972258385235
logsmooth N0= 1000 t/eta=1.20000000: R^m = 0.0351243022087915
logsmooth N0= 1000 t/eta=2.00000000: R^m = 0.0197621293455139
logsmooth N0= 1000 t/eta=1.33786927: R^m = 0.0356860028303531  R_empty = 0.98822105771459
logsmooth N0=10000 t/eta=1.20000000: R^m = 0.0165482456181735
logsmooth N0=10000 t/eta=2.50000000: R^m = 0.00267685071568248
logsmooth N0=10000 t/eta=1.20983691: R^m = 0.0165514846684638  R_empty = 0.994307466187031
sharp     N0=10000 t/eta=0.20000000: R^m = 0.0328292793338792
sharp     N0=10000 t/eta=0.50000000: R^m = 0.0727701616061045
sharp     N0=10000 t/eta=0.99000000: R^m = 0.0727701611958156
sharp     N0=10000 t/eta=0.50000109: R^m = 0.0727701616061045  R_empty = 1.00182398891724
time 10.8s
[xcheck_Rm_bruteforce wall 11 s]
